Component: ARM Compiler 5.06 update 6 (build 750) Tool: armlink [4d35ed]

==============================================================================

Section Cross References

    system_stm32l1xx.o(i.SystemCoreClockUpdate) refers to system_stm32l1xx.o(.data) for .data
    system_stm32l1xx.o(i.SystemCoreClockUpdate) refers to system_stm32l1xx.o(.constdata) for .constdata
    hci.o(i.HCI_Init) refers to list.o(i.list_init_head) for list_init_head
    hci.o(i.HCI_Init) refers to list.o(i.list_insert_tail) for list_insert_tail
    hci.o(i.HCI_Init) refers to hci.o(.data) for .data
    hci.o(i.HCI_Init) refers to hci.o(.bss) for .bss
    hci.o(i.HCI_Isr) refers to list.o(i.list_is_empty) for list_is_empty
    hci.o(i.HCI_Isr) refers to stm32_bluenrg_ble.o(i.Clear_SPI_EXTI_Flag) for Clear_SPI_EXTI_Flag
    hci.o(i.HCI_Isr) refers to list.o(i.list_remove_head) for list_remove_head
    hci.o(i.HCI_Isr) refers to stm32_bluenrg_ble.o(i.BlueNRG_SPI_Read_All) for BlueNRG_SPI_Read_All
    hci.o(i.HCI_Isr) refers to hci.o(i.HCI_verify) for HCI_verify
    hci.o(i.HCI_Isr) refers to list.o(i.list_insert_head) for list_insert_head
    hci.o(i.HCI_Isr) refers to list.o(i.list_insert_tail) for list_insert_tail
    hci.o(i.HCI_Isr) refers to stm32_bluenrg_ble.o(i.BlueNRG_DataPresent) for BlueNRG_DataPresent
    hci.o(i.HCI_Isr) refers to hci.o(.data) for .data
    hci.o(i.HCI_Process) refers to stm32_bluenrg_ble.o(i.Disable_SPI_IRQ) for Disable_SPI_IRQ
    hci.o(i.HCI_Process) refers to list.o(i.list_remove_head) for list_remove_head
    hci.o(i.HCI_Process) refers to stm32_bluenrg_ble.o(i.Enable_SPI_IRQ) for Enable_SPI_IRQ
    hci.o(i.HCI_Process) refers to bluest_protocol.o(i.HCI_Event_CB) for HCI_Event_CB
    hci.o(i.HCI_Process) refers to list.o(i.list_insert_tail) for list_insert_tail
    hci.o(i.HCI_Process) refers to list.o(i.list_is_empty) for list_is_empty
    hci.o(i.HCI_Process) refers to stm32_bluenrg_ble.o(i.BlueNRG_SPI_Read_All) for BlueNRG_SPI_Read_All
    hci.o(i.HCI_Process) refers to stm32_bluenrg_ble.o(i.BlueNRG_DataPresent) for BlueNRG_DataPresent
    hci.o(i.HCI_Process) refers to hci.o(.data) for .data
    hci.o(i.HCI_Queue_Empty) refers to list.o(i.list_is_empty) for list_is_empty
    hci.o(i.HCI_Queue_Empty) refers to hci.o(.data) for .data
    hci.o(i.hci_disconnect) refers to osal.o(i.Osal_MemSet) for Osal_MemSet
    hci.o(i.hci_disconnect) refers to hci.o(i.hci_send_req) for hci_send_req
    hci.o(i.hci_le_add_device_to_white_list) refers to osal.o(i.Osal_MemCpy) for Osal_MemCpy
    hci.o(i.hci_le_add_device_to_white_list) refers to osal.o(i.Osal_MemSet) for Osal_MemSet
    hci.o(i.hci_le_add_device_to_white_list) refers to hci.o(i.hci_send_req) for hci_send_req
    hci.o(i.hci_le_clear_white_list) refers to osal.o(i.Osal_MemSet) for Osal_MemSet
    hci.o(i.hci_le_clear_white_list) refers to hci.o(i.hci_send_req) for hci_send_req
    hci.o(i.hci_le_create_connection) refers to osal.o(i.Osal_MemSet) for Osal_MemSet
    hci.o(i.hci_le_create_connection) refers to osal.o(i.Osal_MemCpy) for Osal_MemCpy
    hci.o(i.hci_le_create_connection) refers to hci.o(i.hci_send_req) for hci_send_req
    hci.o(i.hci_le_encrypt) refers to osal.o(i.Osal_MemSet) for Osal_MemSet
    hci.o(i.hci_le_encrypt) refers to osal.o(i.Osal_MemCpy) for Osal_MemCpy
    hci.o(i.hci_le_encrypt) refers to hci.o(i.hci_send_req) for hci_send_req
    hci.o(i.hci_le_ltk_request_neg_reply) refers to osal.o(i.Osal_MemSet) for Osal_MemSet
    hci.o(i.hci_le_ltk_request_neg_reply) refers to hci.o(i.hci_send_req) for hci_send_req
    hci.o(i.hci_le_ltk_request_reply) refers to osal.o(i.Osal_MemSet) for Osal_MemSet
    hci.o(i.hci_le_ltk_request_reply) refers to osal.o(i.Osal_MemCpy) for Osal_MemCpy
    hci.o(i.hci_le_ltk_request_reply) refers to hci.o(i.hci_send_req) for hci_send_req
    hci.o(i.hci_le_rand) refers to osal.o(i.Osal_MemSet) for Osal_MemSet
    hci.o(i.hci_le_rand) refers to hci.o(i.hci_send_req) for hci_send_req
    hci.o(i.hci_le_rand) refers to osal.o(i.Osal_MemCpy) for Osal_MemCpy
    hci.o(i.hci_le_read_advertising_channel_tx_power) refers to osal.o(i.Osal_MemSet) for Osal_MemSet
    hci.o(i.hci_le_read_advertising_channel_tx_power) refers to hci.o(i.hci_send_req) for hci_send_req
    hci.o(i.hci_le_read_buffer_size) refers to osal.o(i.Osal_MemSet) for Osal_MemSet
    hci.o(i.hci_le_read_buffer_size) refers to hci.o(i.hci_send_req) for hci_send_req
    hci.o(i.hci_le_read_channel_map) refers to osal.o(i.Osal_MemSet) for Osal_MemSet
    hci.o(i.hci_le_read_channel_map) refers to hci.o(i.hci_send_req) for hci_send_req
    hci.o(i.hci_le_read_channel_map) refers to osal.o(i.Osal_MemCpy) for Osal_MemCpy
    hci.o(i.hci_le_read_local_supported_features) refers to osal.o(i.Osal_MemSet) for Osal_MemSet
    hci.o(i.hci_le_read_local_supported_features) refers to hci.o(i.hci_send_req) for hci_send_req
    hci.o(i.hci_le_read_local_supported_features) refers to osal.o(i.Osal_MemCpy) for Osal_MemCpy
[...]
    0x08030f2c   0x08030f2c   0x00000010   Code   RO         4062    i.HAL_IncTick       stm32l1xx_hal.o
    0x08030f3c   0x08030f3c   0x0000002c   Code   RO         4063    i.HAL_Init          stm32l1xx_hal.o
    0x08030f68   0x08030f68   0x00000028   Code   RO         4064    i.HAL_InitTick      stm32l1xx_hal.o
    0x08030f90   0x08030f90   0x00000002   Code   RO         1859    i.HAL_MspInit       stm32l1xx_hal_msp.o
    0x08030f92   0x08030f92   0x00000022   Code   RO         4293    i.HAL_NVIC_DisableIRQ  stm32l1xx_hal_cortex.o
    0x08030fb4   0x08030fb4   0x0000001a   Code   RO         4294    i.HAL_NVIC_EnableIRQ  stm32l1xx_hal_cortex.o
    0x08030fce   0x08030fce   0x00000002   PAD
    0x08030fd0   0x08030fd0   0x00000040   Code   RO         4300    i.HAL_NVIC_SetPriority  stm32l1xx_hal_cortex.o
    0x08031010   0x08031010   0x00000024   Code   RO         4301    i.HAL_NVIC_SetPriorityGrouping  stm32l1xx_hal_cortex.o
    0x08031034   0x08031034   0x00000024   Code   RO         4302    i.HAL_NVIC_SystemReset  stm32l1xx_hal_cortex.o
    0x08031058   0x08031058   0x00000010   Code   RO         3416    i.HAL_PWREx_GetVoltageRange  stm32l1xx_hal_pwr_ex.o
    0x08031068   0x08031068   0x00000030   Code   RO         5934    i.HAL_PWR_EnterSLEEPMode  stm32l1xx_hal_pwr.o
    0x08031098   0x08031098   0x00000038   Code   RO         5936    i.HAL_PWR_EnterSTOPMode  stm32l1xx_hal_pwr.o
    0x080310d0   0x080310d0   0x00000174   Code   RO         3882    i.HAL_RCCEx_PeriphCLKConfig  stm32l1xx_hal_rcc_ex.o
    0x08031244   0x08031244   0x000001cc   Code   RO         3590    i.HAL_RCC_ClockConfig  stm32l1xx_hal_rcc.o
    0x08031410   0x08031410   0x00000070   Code   RO         3591    i.HAL_RCC_DeInit    stm32l1xx_hal_rcc.o
    0x08031480   0x08031480   0x00000040   Code   RO         3594    i.HAL_RCC_GetClockConfig  stm32l1xx_hal_rcc.o
    0x080314c0   0x080314c0   0x0000000c   Code   RO         3595    i.HAL_RCC_GetHCLKFreq  stm32l1xx_hal_rcc.o
    0x080314cc   0x080314cc   0x00000030   Code   RO         3597    i.HAL_RCC_GetPCLK1Freq  stm32l1xx_hal_rcc.o
    0x080314fc   0x080314fc   0x00000030   Code   RO         3598    i.HAL_RCC_GetPCLK2Freq  stm32l1xx_hal_rcc.o
    0x0803152c   0x0803152c   0x0000008c   Code   RO         3599    i.HAL_RCC_GetSysClockFreq  stm32l1xx_hal_rcc.o
    0x080315b8   0x080315b8   0x00000768   Code   RO         3602    i.HAL_RCC_OscConfig  stm32l1xx_hal_rcc.o
    0x08031d20   0x08031d20   0x0000000a   Code   RO         5573    i.HAL_RTCEx_BKUPRead  stm32l1xx_hal_rtc_ex.o
    0x08031d2a   0x08031d2a   0x0000000a   Code   RO         5574    i.HAL_RTCEx_BKUPWrite  stm32l1xx_hal_rtc_ex.o
    0x08031d34   0x08031d34   0x00000044   Code   RO         3768    i.HAL_RTC_GetDate   stm32l1xx_hal_rtc.o
    0x08031d78   0x08031d78   0x00000004   Code   RO         3769    i.HAL_RTC_GetState  stm32l1xx_hal_rtc.o
    0x08031d7c   0x08031d7c   0x00000058   Code   RO         5611    i.HAL_RTC_GetTime   stm32l1xx_hal_rtc_ex.o
    0x08031dd4   0x08031dd4   0x0000009c   Code   RO         3770    i.HAL_RTC_Init      stm32l1xx_hal_rtc.o
    0x08031e70   0x08031e70   0x00000050   Code   RO         1861    i.HAL_RTC_MspInit   stm32l1xx_hal_msp.o
    0x08031ec0   0x08031ec0   0x000000c8   Code   RO         3774    i.HAL_RTC_SetDate   stm32l1xx_hal_rtc.o
    0x08031f88   0x08031f88   0x000000e8   Code   RO         3775    i.HAL_RTC_SetTime   stm32l1xx_hal_rtc.o
    0x08032070   0x08032070   0x0000003a   Code   RO         5614    i.HAL_RTC_WaitForSynchro  stm32l1xx_hal_rtc_ex.o
    0x080320aa   0x080320aa   0x00000028   Code   RO         4520    i.HAL_SPI_DeInit    stm32l1xx_hal_spi.o
    0x080320d2   0x080320d2   0x00000006   Code   RO         4523    i.HAL_SPI_GetState  stm32l1xx_hal_spi.o
    0x080320d8   0x080320d8   0x00000084   Code   RO         6448    i.HAL_SPI_Init      stm32l1xx_hal_spi_ex.o
    0x0803215c   0x0803215c   0x00000054   Code   RO         1862    i.HAL_SPI_MspDeInit  stm32l1xx_hal_msp.o
    0x080321b0   0x080321b0   0x000002a4   Code   RO         1863    i.HAL_SPI_MspInit   stm32l1xx_hal_msp.o
    0x08032454   0x08032454   0x000001d8   Code   RO         4528    i.HAL_SPI_Receive   stm32l1xx_hal_spi.o
    0x0803262c   0x0803262c   0x00000142   Code   RO         4533    i.HAL_SPI_Transmit  stm32l1xx_hal_spi.o
    0x0803276e   0x0803276e   0x000002b2   Code   RO         4534    i.HAL_SPI_TransmitReceive  stm32l1xx_hal_spi.o
    0x08032a20   0x08032a20   0x00000018   Code   RO         4303    i.HAL_SYSTICK_CLKSourceConfig  stm32l1xx_hal_cortex.o
    0x08032a38   0x08032a38   0x00000028   Code   RO         4305    i.HAL_SYSTICK_Config  stm32l1xx_hal_cortex.o
    0x08032a60   0x08032a60   0x00000022   Code   RO         3475    i.HAL_TIMEx_RemapConfig  stm32l1xx_hal_tim_ex.o
    0x08032a82   0x08032a82   0x00000002   PAD
    0x08032a84   0x08032a84   0x00000040   Code   RO         6959    i.HAL_TIM_IC_CaptureCallback  wesu.o
    0x08032ac4   0x08032ac4   0x0000011c   Code   RO         4792    i.HAL_TIM_IC_ConfigChannel  stm32l1xx_hal_tim.o
    0x08032be0   0x08032be0   0x00000030   Code   RO         4793    i.HAL_TIM_IC_DeInit  stm32l1xx_hal_tim.o
    0x08032c10   0x08032c10   0x00000036   Code   RO         4795    i.HAL_TIM_IC_Init   stm32l1xx_hal_tim.o
    0x08032c46   0x08032c46   0x00000002   Code   RO         4796    i.HAL_TIM_IC_MspDeInit  stm32l1xx_hal_tim.o
    0x08032c48   0x08032c48   0x0000002c   Code   RO         6960    i.HAL_TIM_IC_MspInit  wesu.o
    0x08032c74   0x08032c74   0x0000004c   Code   RO         4800    i.HAL_TIM_IC_Start_IT  stm32l1xx_hal_tim.o
    0x08032cc0   0x08032cc0   0x00000056   Code   RO         4803    i.HAL_TIM_IC_Stop_IT  stm32l1xx_hal_tim.o
    0x08032d16   0x08032d16   0x00000126   Code   RO         4804    i.HAL_TIM_IRQHandler  stm32l1xx_hal_tim.o
    0x08032e3c   0x08032e3c   0x00000002   Code   RO         4807    i.HAL_TIM_OC_DelayElapsedCallback  stm32l1xx_hal_tim.o
    0x08032e3e   0x08032e3e   0x00000002   Code   RO         4834    i.HAL_TIM_PWM_PulseFinishedCallback  stm32l1xx_hal_tim.o
    0x08032e40   0x08032e40   0x00000002   Code   RO         1988    i.HAL_TIM_PeriodElapsedCallback  main.o
    0x08032e42   0x08032e42   0x00000044   Code   RO         4842    i.HAL_TIM_ReadCapturedValue  stm32l1xx_hal_tim.o
    0x08032e86   0x08032e86   0x00000002   Code   RO         4845    i.HAL_TIM_TriggerCallback  stm32l1xx_hal_tim.o
    0x08032e88   0x08032e88   0x0000003c   Code   RO         6487    i.HAL_UART_DeInit   stm32l1xx_hal_uart.o
    0x08032ec4   0x08032ec4   0x00000002   Code   RO         6488    i.HAL_UART_ErrorCallback  stm32l1xx_hal_uart.o
    0x08032ec6   0x08032ec6   0x000000d8   Code   RO         6491    i.HAL_UART_IRQHandler  stm32l1xx_hal_uart.o
    0x08032f9e   0x08032f9e   0x0000005e   Code   RO         6492    i.HAL_UART_Init     stm32l1xx_hal_uart.o
    0x08032ffc   0x08032ffc   0x00000034   Code   RO         1865    i.HAL_UART_MspDeInit  stm32l1xx_hal_msp.o
    0x08033030   0x08033030   0x00000080   Code   RO         1866    i.HAL_UART_MspInit  stm32l1xx_hal_msp.o
    0x080330b0   0x080330b0   0x00000068   Code   RO         6497    i.HAL_UART_Receive_IT  stm32l1xx_hal_uart.o
    0x08033118   0x08033118   0x00000002   Code   RO         6498    i.HAL_UART_RxCpltCallback  stm32l1xx_hal_uart.o
    0x0803311a   0x0803311a   0x000000c8   Code   RO         6500    i.HAL_UART_Transmit  stm32l1xx_hal_uart.o
    0x080331e2   0x080331e2   0x00000002   Code   RO         6503    i.HAL_UART_TxCpltCallback  stm32l1xx_hal_uart.o
    0x080331e4   0x080331e4   0x000000c0   Code   RO         2470    i.HCI_Event_CB      bluest_protocol.o
    0x080332a4   0x080332a4   0x00000038   Code   RO          158    i.HCI_Init          hci.o
    0x080332dc   0x080332dc   0x00000068   Code   RO          159    i.HCI_Isr           hci.o
    0x08033344   0x08033344   0x00000070   Code   RO          160    i.HCI_Process       hci.o
    0x080333b4   0x080333b4   0x0000000c   Code   RO          161    i.HCI_Queue_Empty   hci.o
    0x080333c0   0x080333c0   0x00000022   Code   RO          162    i.HCI_verify        hci.o
    0x080333e2   0x080333e2   0x00000002   PAD
    0x080333e4   0x080333e4   0x00000040   Code   RO         6839    i.Hal_Write_Serial  stm32_bluenrg_ble.o
    0x08033424   0x08033424   0x00000020   Code   RO         2175    i.HardFault_Handler  stm32l1xx_it.o
    0x08033444   0x08033444   0x00000020   Code   RO         2737    i.HwConfigChanged   wesu_config.o
    0x08033464   0x08033464   0x00000028   Code   RO         6095    i.I2C_IsAcknowledgeFailed  stm32l1xx_hal_i2c.o
    0x0803348c   0x0803348c   0x000000f0   Code   RO         6104    i.I2C_RequestMemoryRead  stm32l1xx_hal_i2c.o
    0x0803357c   0x0803357c   0x000000a0   Code   RO         6105    i.I2C_RequestMemoryWrite  stm32l1xx_hal_i2c.o
    0x0803361c   0x0803361c   0x0000004e   Code   RO         6108    i.I2C_WaitOnBTFFlagUntilTimeout  stm32l1xx_hal_i2c.o
    0x0803366a   0x0803366a   0x00000060   Code   RO         6109    i.I2C_WaitOnFlagUntilTimeout  stm32l1xx_hal_i2c.o
    0x080336ca   0x080336ca   0x00000086   Code   RO         6110    i.I2C_WaitOnMasterAddressFlagUntilTimeout  stm32l1xx_hal_i2c.o
    0x08033750   0x08033750   0x00000064   Code   RO         6111    i.I2C_WaitOnRXNEFlagUntilTimeout  stm32l1xx_hal_i2c.o
    0x080337b4   0x080337b4   0x0000004e   Code   RO         6112    i.I2C_WaitOnTXEFlagUntilTimeout  stm32l1xx_hal_i2c.o
    0x08033802   0x08033802   0x00000002   PAD
    0x08033804   0x08033804   0x0000012c   Code   RO         2738    i.Init_BlueNRG_Custom_Services  wesu_config.o
    0x08033930   0x08033930   0x0000010c   Code   RO         2739    i.Init_BlueNRG_Hw   wesu_config.o
    0x08033a3c   0x08033a3c   0x00000100   Code   RO         2740    i.Init_BlueNRG_Stack  wesu_config.o
    0x08033b3c   0x08033b3c   0x00000016   Code   RO         2741    i.Init_PWR_MGMT     wesu_config.o
    0x08033b52   0x08033b52   0x00000028   Code   RO        11627    i.LIS3MDL_Check_WhoAmI  lis3mdl_mag_driver_hl.o
    0x08033b7a   0x08033b7a   0x0000001c   Code   RO        11628    i.LIS3MDL_DeInit    lis3mdl_mag_driver_hl.o
    0x08033b96   0x08033b96   0x00000064   Code   RO        11629    i.LIS3MDL_Get_Axes  lis3mdl_mag_driver_hl.o
    0x08033bfa   0x08033bfa   0x00000024   Code   RO        11630    i.LIS3MDL_Get_AxesRaw  lis3mdl_mag_driver_hl.o
    0x08033c1e   0x08033c1e   0x00000044   Code   RO        11631    i.LIS3MDL_Get_Axes_Raw  lis3mdl_mag_driver_hl.o
    0x08033c62   0x08033c62   0x00000002   PAD
    0x08033c64   0x08033c64   0x00000048   Code   RO        11632    i.LIS3MDL_Get_FS    lis3mdl_mag_driver_hl.o
    0x08033cac   0x08033cac   0x0000007c   Code   RO        11633    i.LIS3MDL_Get_ODR   lis3mdl_mag_driver_hl.o
    0x08033d28   0x08033d28   0x00000050   Code   RO        11634    i.LIS3MDL_Get_Sensitivity  lis3mdl_mag_driver_hl.o
    0x08033d78   0x08033d78   0x00000010   Code   RO        11635    i.LIS3MDL_Get_WhoAmI  lis3mdl_mag_driver_hl.o
    0x08033d88   0x08033d88   0x00000058   Code   RO        11636    i.LIS3MDL_Init      lis3mdl_mag_driver_hl.o
    0x08033de0   0x08033de0   0x00000040   Code   RO        11209    i.LIS3MDL_MAG_Get_Magnatic  lis3mdl_mag_driver.o
    0x08033e20   0x08033e20   0x0000001c   Code   RO        11218    i.LIS3MDL_MAG_R_FullScale  lis3mdl_mag_driver.o
    0x08033e3c   0x08033e3c   0x0000001c   Code   RO        11237    i.LIS3MDL_MAG_R_OutputDataRate  lis3mdl_mag_driver.o
    0x08033e58   0x08033e58   0x00000018   Code   RO        11247    i.LIS3MDL_MAG_R_WHO_AM_I_  lis3mdl_mag_driver.o
    0x08033e70   0x08033e70   0x00000012   Code   RO        11248    i.LIS3MDL_MAG_ReadReg  lis3mdl_mag_driver.o
    0x08033e82   0x08033e82   0x00000030   Code   RO        11250    i.LIS3MDL_MAG_W_BlockDataUpdate  lis3mdl_mag_driver.o
    0x08033eb2   0x08033eb2   0x00000030   Code   RO        11251    i.LIS3MDL_MAG_W_FastLowPowerXYZ  lis3mdl_mag_driver.o
    0x08033ee2   0x08033ee2   0x00000030   Code   RO        11252    i.LIS3MDL_MAG_W_FullScale  lis3mdl_mag_driver.o
    0x08033f12   0x08033f12   0x00000030   Code   RO        11265    i.LIS3MDL_MAG_W_OperatingModeXY  lis3mdl_mag_driver.o
    0x08033f42   0x08033f42   0x00000030   Code   RO        11266    i.LIS3MDL_MAG_W_OperatingModeZ  lis3mdl_mag_driver.o
    0x08033f72   0x08033f72   0x00000030   Code   RO        11267    i.LIS3MDL_MAG_W_OutputDataRate  lis3mdl_mag_driver.o
    0x08033fa2   0x08033fa2   0x00000030   Code   RO        11271    i.LIS3MDL_MAG_W_Reboot  lis3mdl_mag_driver.o
    0x08033fd2   0x08033fd2   0x00000030   Code   RO        11274    i.LIS3MDL_MAG_W_SoftRST  lis3mdl_mag_driver.o
    0x08034002   0x08034002   0x00000030   Code   RO        11275    i.LIS3MDL_MAG_W_SystemOperatingMode  lis3mdl_mag_driver.o
    0x08034032   0x08034032   0x00000030   Code   RO        11276    i.LIS3MDL_MAG_W_TemperatureSensor  lis3mdl_mag_driver.o
    0x08034062   0x08034062   0x00000014   Code   RO        11277    i.LIS3MDL_MAG_WriteReg  lis3mdl_mag_driver.o
    0x08034076   0x08034076   0x0000001e   Code   RO        11637    i.LIS3MDL_Sensor_Disable  lis3mdl_mag_driver_hl.o
    0x08034094   0x08034094   0x00000020   Code   RO        11638    i.LIS3MDL_Sensor_Enable  lis3mdl_mag_driver_hl.o
    0x080340b4   0x080340b4   0x00000022   Code   RO        11639    i.LIS3MDL_Set_FS    lis3mdl_mag_driver_hl.o
    0x080340d6   0x080340d6   0x00000002   PAD
    0x080340d8   0x080340d8   0x00000034   Code   RO        11640    i.LIS3MDL_Set_FS_Value  lis3mdl_mag_driver_hl.o
    0x0803410c   0x0803410c   0x0000002c   Code   RO        11641    i.LIS3MDL_Set_ODR   lis3mdl_mag_driver_hl.o
    0x08034138   0x08034138   0x00000074   Code   RO        11642    i.LIS3MDL_Set_ODR_Value  lis3mdl_mag_driver_hl.o
    0x080341ac   0x080341ac   0x00000010   Code   RO        11719    i.LPS25HB_Activate  lps25hb_driver.o
    0x080341bc   0x080341bc   0x00000028   Code   RO        12100    i.LPS25HB_Check_WhoAmI  lps25hb_driver_hl.o
    0x080341e4   0x080341e4   0x00000010   Code   RO        11720    i.LPS25HB_DeActivate  lps25hb_driver.o
    0x080341f4   0x080341f4   0x00000014   Code   RO        11726    i.LPS25HB_Get_DeviceID  lps25hb_driver.o
    0x08034208   0x08034208   0x00000058   Code   RO        12101    i.LPS25HB_Get_ODR   lps25hb_driver_hl.o
    0x08034260   0x08034260   0x00000022   Code   RO        11738    i.LPS25HB_Get_Odr   lps25hb_driver.o
    0x08034282   0x08034282   0x00000024   Code   RO        11739    i.LPS25HB_Get_Pressure  lps25hb_driver.o
    0x080342a6   0x080342a6   0x0000003a   Code   RO        11742    i.LPS25HB_Get_RawPressure  lps25hb_driver.o
    0x080342e0   0x080342e0   0x00000026   Code   RO        11743    i.LPS25HB_Get_RawTemperature  lps25hb_driver.o
    0x08034306   0x08034306   0x00000024   Code   RO        11746    i.LPS25HB_Get_Temperature  lps25hb_driver.o
    0x0803432a   0x0803432a   0x0000000e   Code   RO        12102    i.LPS25HB_Get_WhoAmI  lps25hb_driver_hl.o
    0x08034338   0x08034338   0x00000058   Code   RO        12103    i.LPS25HB_Init      lps25hb_driver_hl.o
    0x08034390   0x08034390   0x00000030   Code   RO        11749    i.LPS25HB_MemoryBoot  lps25hb_driver.o
    0x080343c0   0x080343c0   0x00000004   Code   RO        12104    i.LPS25HB_P_Check_WhoAmI  lps25hb_driver_hl.o
    0x080343c4   0x080343c4   0x00000026   Code   RO        12105    i.LPS25HB_P_DeInit  lps25hb_driver_hl.o
    0x080343ea   0x080343ea   0x00000004   Code   RO        12106    i.LPS25HB_P_Get_ODR  lps25hb_driver_hl.o
    0x080343ee   0x080343ee   0x00000002   PAD
    0x080343f0   0x080343f0   0x00000028   Code   RO        12107    i.LPS25HB_P_Get_Press  lps25hb_driver_hl.o
    0x08034418   0x08034418   0x00000004   Code   RO        12108    i.LPS25HB_P_Get_WhoAmI  lps25hb_driver_hl.o
    0x0803441c   0x0803441c   0x00000028   Code   RO        12109    i.LPS25HB_P_Init    lps25hb_driver_hl.o
    0x08034444   0x08034444   0x0000002c   Code   RO        12110    i.LPS25HB_P_Sensor_Disable  lps25hb_driver_hl.o
    0x08034470   0x08034470   0x00000032   Code   RO        12111    i.LPS25HB_P_Sensor_Enable  lps25hb_driver_hl.o
    0x080344a2   0x080344a2   0x00000004   Code   RO        12112    i.LPS25HB_P_Set_ODR  lps25hb_driver_hl.o
    0x080344a6   0x080344a6   0x00000004   Code   RO        12113    i.LPS25HB_P_Set_ODR_Value  lps25hb_driver_hl.o
    0x080344aa   0x080344aa   0x0000001c   Code   RO        11750    i.LPS25HB_ReadReg   lps25hb_driver.o
    0x080344c6   0x080344c6   0x0000000e   Code   RO        12114    i.LPS25HB_Sensor_Disable  lps25hb_driver_hl.o
    0x080344d4   0x080344d4   0x0000000e   Code   RO        12115    i.LPS25HB_Sensor_Enable  lps25hb_driver_hl.o
    0x080344e2   0x080344e2   0x00000002   PAD
    0x080344e4   0x080344e4   0x000000a0   Code   RO        11753    i.LPS25HB_Set_Avg   lps25hb_driver.o
    0x08034584   0x08034584   0x0000008c   Code   RO        11754    i.LPS25HB_Set_AvgP  lps25hb_driver.o
    0x08034610   0x08034610   0x0000008c   Code   RO        11755    i.LPS25HB_Set_AvgT  lps25hb_driver.o
    0x0803469c   0x0803469c   0x00000084   Code   RO        11756    i.LPS25HB_Set_Bdu   lps25hb_driver.o
    0x08034720   0x08034720   0x00000088   Code   RO        11767    i.LPS25HB_Set_InterruptCircuitEnable  lps25hb_driver.o
    0x080347a8   0x080347a8   0x0000002a   Code   RO        12116    i.LPS25HB_Set_ODR   lps25hb_driver_hl.o
    0x080347d2   0x080347d2   0x00000002   PAD
    0x080347d4   0x080347d4   0x00000038   Code   RO        12117    i.LPS25HB_Set_ODR_Value  lps25hb_driver_hl.o
    0x0803480c   0x0803480c   0x00000090   Code   RO        11773    i.LPS25HB_Set_Odr   lps25hb_driver.o
    0x0803489c   0x0803489c   0x00000088   Code   RO        11774    i.LPS25HB_Set_PowerDownMode  lps25hb_driver.o
    0x08034924   0x08034924   0x00000084   Code   RO        11776    i.LPS25HB_Set_SpiInterface  lps25hb_driver.o
    0x080349a8   0x080349a8   0x00000004   Code   RO        12118    i.LPS25HB_T_Check_WhoAmI  lps25hb_driver_hl.o
    0x080349ac   0x080349ac   0x00000026   Code   RO        12119    i.LPS25HB_T_DeInit  lps25hb_driver_hl.o
    0x080349d2   0x080349d2   0x00000004   Code   RO        12120    i.LPS25HB_T_Get_ODR  lps25hb_driver_hl.o
    0x080349d6   0x080349d6   0x00000002   PAD
    0x080349d8   0x080349d8   0x0000002c   Code   RO        12121    i.LPS25HB_T_Get_Temp  lps25hb_driver_hl.o
    0x08034a04   0x08034a04   0x00000004   Code   RO        12122    i.LPS25HB_T_Get_WhoAmI  lps25hb_driver_hl.o
    0x08034a08   0x08034a08   0x00000028   Code   RO        12123    i.LPS25HB_T_Init    lps25hb_driver_hl.o
    0x08034a30   0x08034a30   0x0000002c   Code   RO        12124    i.LPS25HB_T_Sensor_Disable  lps25hb_driver_hl.o
    0x08034a5c   0x08034a5c   0x00000032   Code   RO        12125    i.LPS25HB_T_Sensor_Enable  lps25hb_driver_hl.o
    0x08034a8e   0x08034a8e   0x00000004   Code   RO        12126    i.LPS25HB_T_Set_ODR  lps25hb_driver_hl.o
    0x08034a92   0x08034a92   0x00000004   Code   RO        12127    i.LPS25HB_T_Set_ODR_Value  lps25hb_driver_hl.o
    0x08034a96   0x08034a96   0x0000001c   Code   RO        11780    i.LPS25HB_WriteReg  lps25hb_driver.o
    0x08034ab2   0x08034ab2   0x00000002   PAD
    0x08034ab4   0x08034ab4   0x00000038   Code   RO        11781    i.LPS25HB_assert_failed  lps25hb_driver.o
    0x08034aec   0x08034aec   0x00000040   Code   RO         8949    i.LSM6DS3_ACC_GYRO_GetRawAccData  lsm6ds3_acc_gyro_driver.o
    0x08034b2c   0x08034b2c   0x00000040   Code   RO         8950    i.LSM6DS3_ACC_GYRO_GetRawGyroData  lsm6ds3_acc_gyro_driver.o
    0x08034b6c   0x08034b6c   0x00000040   Code   RO         8952    i.LSM6DS3_ACC_GYRO_Get_GetStepCounter  lsm6ds3_acc_gyro_driver.o
    0x08034bac   0x08034bac   0x0000001c   Code   RO         8964    i.LSM6DS3_ACC_GYRO_R_D6D_EV_STATUS  lsm6ds3_acc_gyro_driver.o
    0x08034bc8   0x08034bc8   0x0000001c   Code   RO         8973    i.LSM6DS3_ACC_GYRO_R_DOUBLE_TAP_EV_STATUS  lsm6ds3_acc_gyro_driver.o
    0x08034be4   0x08034be4   0x0000001c   Code   RO         8981    i.LSM6DS3_ACC_GYRO_R_DSD_XH  lsm6ds3_acc_gyro_driver.o
    0x08034c00   0x08034c00   0x0000001c   Code   RO         8982    i.LSM6DS3_ACC_GYRO_R_DSD_XL  lsm6ds3_acc_gyro_driver.o
    0x08034c1c   0x08034c1c   0x0000001c   Code   RO         8983    i.LSM6DS3_ACC_GYRO_R_DSD_YH  lsm6ds3_acc_gyro_driver.o
    0x08034c38   0x08034c38   0x0000001c   Code   RO         8984    i.LSM6DS3_ACC_GYRO_R_DSD_YL  lsm6ds3_acc_gyro_driver.o
    0x08034c54   0x08034c54   0x0000001c   Code   RO         8985    i.LSM6DS3_ACC_GYRO_R_DSD_ZH  lsm6ds3_acc_gyro_driver.o
    0x08034c70   0x08034c70   0x0000001c   Code   RO         8986    i.LSM6DS3_ACC_GYRO_R_DSD_ZL  lsm6ds3_acc_gyro_driver.o
    0x08034c8c   0x08034c8c   0x0000001c   Code   RO         8992    i.LSM6DS3_ACC_GYRO_R_FF_EV_STATUS  lsm6ds3_acc_gyro_driver.o
    0x08034ca8   0x08034ca8   0x0000001c   Code   RO         9005    i.LSM6DS3_ACC_GYRO_R_FS_125  lsm6ds3_acc_gyro_driver.o
    0x08034cc4   0x08034cc4   0x0000001c   Code   RO         9006    i.LSM6DS3_ACC_GYRO_R_FS_G  lsm6ds3_acc_gyro_driver.o
    0x08034ce0   0x08034ce0   0x0000001c   Code   RO         9007    i.LSM6DS3_ACC_GYRO_R_FS_XL  lsm6ds3_acc_gyro_driver.o
    0x08034cfc   0x08034cfc   0x0000001c   Code   RO         9030    i.LSM6DS3_ACC_GYRO_R_ODR_G  lsm6ds3_acc_gyro_driver.o
    0x08034d18   0x08034d18   0x0000001c   Code   RO         9031    i.LSM6DS3_ACC_GYRO_R_ODR_XL  lsm6ds3_acc_gyro_driver.o
    0x08034d34   0x08034d34   0x0000001c   Code   RO         9039    i.LSM6DS3_ACC_GYRO_R_PEDO_EV_STATUS  lsm6ds3_acc_gyro_driver.o
    0x08034d50   0x08034d50   0x0000001c   Code   RO         9053    i.LSM6DS3_ACC_GYRO_R_SINGLE_TAP_EV_STATUS  lsm6ds3_acc_gyro_driver.o
    0x08034d6c   0x08034d6c   0x0000001c   Code   RO         9086    i.LSM6DS3_ACC_GYRO_R_TILT_EV_STATUS  lsm6ds3_acc_gyro_driver.o
    0x08034d88   0x08034d88   0x00000018   Code   RO         9098    i.LSM6DS3_ACC_GYRO_R_WHO_AM_I  lsm6ds3_acc_gyro_driver.o
    0x08034da0   0x08034da0   0x0000001c   Code   RO         9102    i.LSM6DS3_ACC_GYRO_R_WU_EV_STATUS  lsm6ds3_acc_gyro_driver.o
    0x08034dbc   0x08034dbc   0x0000001c   Code   RO         9104    i.LSM6DS3_ACC_GYRO_R_XEN_G  lsm6ds3_acc_gyro_driver.o
    0x08034dd8   0x08034dd8   0x0000001c   Code   RO         9105    i.LSM6DS3_ACC_GYRO_R_XEN_XL  lsm6ds3_acc_gyro_driver.o
    0x08034df4   0x08034df4   0x0000001c   Code   RO         9109    i.LSM6DS3_ACC_GYRO_R_YEN_G  lsm6ds3_acc_gyro_driver.o
    0x08034e10   0x08034e10   0x0000001c   Code   RO         9110    i.LSM6DS3_ACC_GYRO_R_YEN_XL  lsm6ds3_acc_gyro_driver.o
    0x08034e2c   0x08034e2c   0x0000001c   Code   RO         9113    i.LSM6DS3_ACC_GYRO_R_ZEN_G  lsm6ds3_acc_gyro_driver.o
    0x08034e48   0x08034e48   0x0000001c   Code   RO         9114    i.LSM6DS3_ACC_GYRO_R_ZEN_XL  lsm6ds3_acc_gyro_driver.o
    0x08034e64   0x08034e64   0x00000012   Code   RO         9118    i.LSM6DS3_ACC_GYRO_ReadReg  lsm6ds3_acc_gyro_driver.o
    0x08034e76   0x08034e76   0x00000030   Code   RO         9124    i.LSM6DS3_ACC_GYRO_W_6DEvOnInt1  lsm6ds3_acc_gyro_driver.o
    0x08034ea6   0x08034ea6   0x00000030   Code   RO         9126    i.LSM6DS3_ACC_GYRO_W_BDU  lsm6ds3_acc_gyro_driver.o
    0x08034ed6   0x08034ed6   0x00000030   Code   RO         9128    i.LSM6DS3_ACC_GYRO_W_BOOT  lsm6ds3_acc_gyro_driver.o
    0x08034f06   0x08034f06   0x00000030   Code   RO         9145    i.LSM6DS3_ACC_GYRO_W_DRDY_G_on_INT2  lsm6ds3_acc_gyro_driver.o
    0x08034f36   0x08034f36   0x00000030   Code   RO         9148    i.LSM6DS3_ACC_GYRO_W_DRDY_TEMP_on_INT2  lsm6ds3_acc_gyro_driver.o
    0x08034f66   0x08034f66   0x00000030   Code   RO         9150    i.LSM6DS3_ACC_GYRO_W_DRDY_XL_on_INT2  lsm6ds3_acc_gyro_driver.o
    0x08034f96   0x08034f96   0x00000034   Code   RO         9151    i.LSM6DS3_ACC_GYRO_W_DUR  lsm6ds3_acc_gyro_driver.o
    0x08034fca   0x08034fca   0x00000030   Code   RO         9152    i.LSM6DS3_ACC_GYRO_W_FFEvOnInt1  lsm6ds3_acc_gyro_driver.o
    0x08034ffa   0x08034ffa   0x00000068   Code   RO         9154    i.LSM6DS3_ACC_GYRO_W_FF_Duration  lsm6ds3_acc_gyro_driver.o
    0x08035062   0x08035062   0x00000030   Code   RO         9155    i.LSM6DS3_ACC_GYRO_W_FF_THS  lsm6ds3_acc_gyro_driver.o
    0x08035092   0x08035092   0x00000030   Code   RO         9156    i.LSM6DS3_ACC_GYRO_W_FIFO_MODE  lsm6ds3_acc_gyro_driver.o
    0x080350c2   0x080350c2   0x00000030   Code   RO         9159    i.LSM6DS3_ACC_GYRO_W_FIFO_TSHLD_on_INT2  lsm6ds3_acc_gyro_driver.o
    0x080350f2   0x080350f2   0x00000030   Code   RO         9162    i.LSM6DS3_ACC_GYRO_W_FSS5_on_INT2  lsm6ds3_acc_gyro_driver.o
    0x08035122   0x08035122   0x00000030   Code   RO         9163    i.LSM6DS3_ACC_GYRO_W_FS_125  lsm6ds3_acc_gyro_driver.o
    0x08035152   0x08035152   0x00000030   Code   RO         9164    i.LSM6DS3_ACC_GYRO_W_FS_G  lsm6ds3_acc_gyro_driver.o
    0x08035182   0x08035182   0x00000030   Code   RO         9165    i.LSM6DS3_ACC_GYRO_W_FS_XL  lsm6ds3_acc_gyro_driver.o
    0x080351b2   0x080351b2   0x00000030   Code   RO         9166    i.LSM6DS3_ACC_GYRO_W_FUNC_EN  lsm6ds3_acc_gyro_driver.o
    0x080351e2   0x080351e2   0x00000030   Code   RO         9175    i.LSM6DS3_ACC_GYRO_W_IF_Addr_Incr  lsm6ds3_acc_gyro_driver.o
    0x08035212   0x08035212   0x00000030   Code   RO         9183    i.LSM6DS3_ACC_GYRO_W_LP_Mode  lsm6ds3_acc_gyro_driver.o
    0x08035242   0x08035242   0x00000030   Code   RO         9184    i.LSM6DS3_ACC_GYRO_W_LowPower_XL  lsm6ds3_acc_gyro_driver.o
    0x08035272   0x08035272   0x00000030   Code   RO         9187    i.LSM6DS3_ACC_GYRO_W_ODR_G  lsm6ds3_acc_gyro_driver.o
    0x080352a2   0x080352a2   0x00000030   Code   RO         9188    i.LSM6DS3_ACC_GYRO_W_ODR_XL  lsm6ds3_acc_gyro_driver.o
    0x080352d2   0x080352d2   0x00000030   Code   RO         9190    i.LSM6DS3_ACC_GYRO_W_OVERRUN_on_INT2  lsm6ds3_acc_gyro_driver.o
    0x08035302   0x08035302   0x00000030   Code   RO         9191    i.LSM6DS3_ACC_GYRO_W_Open_RAM_Page  lsm6ds3_acc_gyro_driver.o
    0x08035332   0x08035332   0x00000030   Code   RO         9194    i.LSM6DS3_ACC_GYRO_W_PEDO_EN  lsm6ds3_acc_gyro_driver.o
    0x08035362   0x08035362   0x00000030   Code   RO         9195    i.LSM6DS3_ACC_GYRO_W_PEDO_STEP_on_INT1  lsm6ds3_acc_gyro_driver.o
    0x08035392   0x08035392   0x00000030   Code   RO         9196    i.LSM6DS3_ACC_GYRO_W_PEDO_STEP_on_INT2  lsm6ds3_acc_gyro_driver.o
    0x080353c2   0x080353c2   0x00000030   Code   RO         9199    i.LSM6DS3_ACC_GYRO_W_PedoStepReset  lsm6ds3_acc_gyro_driver.o
    0x080353f2   0x080353f2   0x0000003c   Code   RO         9200    i.LSM6DS3_ACC_GYRO_W_PedoThreshold  lsm6ds3_acc_gyro_driver.o
    0x0803542e   0x0803542e   0x00000034   Code   RO         9201    i.LSM6DS3_ACC_GYRO_W_QUIET_Duration  lsm6ds3_acc_gyro_driver.o
    0x08035462   0x08035462   0x00000032   Code   RO         9203    i.LSM6DS3_ACC_GYRO_W_SHOCK_Duration  lsm6ds3_acc_gyro_driver.o
    0x08035494   0x08035494   0x00000030   Code   RO         9205    i.LSM6DS3_ACC_GYRO_W_SIGN_MOT_on_INT2  lsm6ds3_acc_gyro_driver.o
    0x080354c4   0x080354c4   0x00000030   Code   RO         9206    i.LSM6DS3_ACC_GYRO_W_SINGLE_DOUBLE_TAP_EV  lsm6ds3_acc_gyro_driver.o
    0x080354f4   0x080354f4   0x00000030   Code   RO         9207    i.LSM6DS3_ACC_GYRO_W_SIXD_THS  lsm6ds3_acc_gyro_driver.o
    0x08035524   0x08035524   0x00000032   Code   RO         9208    i.LSM6DS3_ACC_GYRO_W_SLEEP_DUR  lsm6ds3_acc_gyro_driver.o
    0x08035556   0x08035556   0x00000030   Code   RO         9213    i.LSM6DS3_ACC_GYRO_W_SW_RESET  lsm6ds3_acc_gyro_driver.o
    0x08035586   0x08035586   0x00000030   Code   RO         9221    i.LSM6DS3_ACC_GYRO_W_SingleTapOnInt1  lsm6ds3_acc_gyro_driver.o
    0x080355b6   0x080355b6   0x00000032   Code   RO         9227    i.LSM6DS3_ACC_GYRO_W_TAP_THS  lsm6ds3_acc_gyro_driver.o
    0x080355e8   0x080355e8   0x00000030   Code   RO         9228    i.LSM6DS3_ACC_GYRO_W_TAP_X_EN  lsm6ds3_acc_gyro_driver.o
    0x08035618   0x08035618   0x00000030   Code   RO         9229    i.LSM6DS3_ACC_GYRO_W_TAP_Y_EN  lsm6ds3_acc_gyro_driver.o
    0x08035648   0x08035648   0x00000030   Code   RO         9230    i.LSM6DS3_ACC_GYRO_W_TAP_Z_EN  lsm6ds3_acc_gyro_driver.o
    0x08035678   0x08035678   0x00000030   Code   RO         9231    i.LSM6DS3_ACC_GYRO_W_TILT_EN  lsm6ds3_acc_gyro_driver.o
    0x080356a8   0x080356a8   0x00000030   Code   RO         9233    i.LSM6DS3_ACC_GYRO_W_TIMER_HR  lsm6ds3_acc_gyro_driver.o
    0x080356d8   0x080356d8   0x00000030   Code   RO         9236    i.LSM6DS3_ACC_GYRO_W_TapEvOnInt1  lsm6ds3_acc_gyro_driver.o
    0x08035708   0x08035708   0x00000030   Code   RO         9238    i.LSM6DS3_ACC_GYRO_W_TiltEvOnInt1  lsm6ds3_acc_gyro_driver.o
    0x08035738   0x08035738   0x00000034   Code   RO         9242    i.LSM6DS3_ACC_GYRO_W_WAKE_DUR  lsm6ds3_acc_gyro_driver.o
    0x0803576c   0x0803576c   0x00000032   Code   RO         9243    i.LSM6DS3_ACC_GYRO_W_WK_THS  lsm6ds3_acc_gyro_driver.o
    0x0803579e   0x0803579e   0x00000030   Code   RO         9244    i.LSM6DS3_ACC_GYRO_W_WUEvOnInt1  lsm6ds3_acc_gyro_driver.o
    0x080357ce   0x080357ce   0x00000030   Code   RO         9246    i.LSM6DS3_ACC_GYRO_W_XEN_G  lsm6ds3_acc_gyro_driver.o
    0x080357fe   0x080357fe   0x00000030   Code   RO         9247    i.LSM6DS3_ACC_GYRO_W_XEN_XL  lsm6ds3_acc_gyro_driver.o
    0x0803582e   0x0803582e   0x00000030   Code   RO         9248    i.LSM6DS3_ACC_GYRO_W_YEN_G  lsm6ds3_acc_gyro_driver.o
    0x0803585e   0x0803585e   0x00000030   Code   RO         9249    i.LSM6DS3_ACC_GYRO_W_YEN_XL  lsm6ds3_acc_gyro_driver.o
    0x0803588e   0x0803588e   0x00000030   Code   RO         9250    i.LSM6DS3_ACC_GYRO_W_ZEN_G  lsm6ds3_acc_gyro_driver.o
    0x080358be   0x080358be   0x00000030   Code   RO         9251    i.LSM6DS3_ACC_GYRO_W_ZEN_XL  lsm6ds3_acc_gyro_driver.o
    0x080358ee   0x080358ee   0x00000014   Code   RO         9253    i.LSM6DS3_ACC_GYRO_WriteReg  lsm6ds3_acc_gyro_driver.o
    0x08035902   0x08035902   0x00000028   Code   RO        10805    i.LSM6DS3_Check_WhoAmI  lsm6ds3_acc_gyro_driver_hl.o
    0x0803592a   0x0803592a   0x00000004   Code   RO        10806    i.LSM6DS3_G_Check_WhoAmI  lsm6ds3_acc_gyro_driver_hl.o
    0x0803592e   0x0803592e   0x00000024   Code   RO        10807    i.LSM6DS3_G_DeInit  lsm6ds3_acc_gyro_driver_hl.o
    0x08035952   0x08035952   0x00000064   Code   RO        10808    i.LSM6DS3_G_Get_Axes  lsm6ds3_acc_gyro_driver_hl.o
    0x080359b6   0x080359b6   0x00000024   Code   RO        10809    i.LSM6DS3_G_Get_AxesRaw  lsm6ds3_acc_gyro_driver_hl.o
    0x080359da   0x080359da   0x00000044   Code   RO        10810    i.LSM6DS3_G_Get_Axes_Raw  lsm6ds3_acc_gyro_driver_hl.o
    0x08035a1e   0x08035a1e   0x0000005a   Code   RO        10811    i.LSM6DS3_G_Get_Axes_Status  lsm6ds3_acc_gyro_driver_hl.o
    0x08035a78   0x08035a78   0x0000006c   Code   RO        10812    i.LSM6DS3_G_Get_FS  lsm6ds3_acc_gyro_driver_hl.o
    0x08035ae4   0x08035ae4   0x00000084   Code   RO        10813    i.LSM6DS3_G_Get_ODR  lsm6ds3_acc_gyro_driver_hl.o
    0x08035b68   0x08035b68   0x0000006c   Code   RO        10814    i.LSM6DS3_G_Get_Sensitivity  lsm6ds3_acc_gyro_driver_hl.o
    0x08035bd4   0x08035bd4   0x00000004   Code   RO        10815    i.LSM6DS3_G_Get_WhoAmI  lsm6ds3_acc_gyro_driver_hl.o
    0x08035bd8   0x08035bd8   0x00000070   Code   RO        10816    i.LSM6DS3_G_Init    lsm6ds3_acc_gyro_driver_hl.o
    0x08035c48   0x08035c48   0x0000002c   Code   RO        10817    i.LSM6DS3_G_Sensor_Disable  lsm6ds3_acc_gyro_driver_hl.o
    0x08035c74   0x08035c74   0x00000022   Code   RO        10818    i.LSM6DS3_G_Sensor_Enable  lsm6ds3_acc_gyro_driver_hl.o
    0x08035c96   0x08035c96   0x0000004a   Code   RO        10819    i.LSM6DS3_G_Set_Axes_Status  lsm6ds3_acc_gyro_driver_hl.o
    0x08035ce0   0x08035ce0   0x00000022   Code   RO        10820    i.LSM6DS3_G_Set_FS  lsm6ds3_acc_gyro_driver_hl.o
    0x08035d02   0x08035d02   0x00000002   PAD
    0x08035d04   0x08035d04   0x00000060   Code   RO        10821    i.LSM6DS3_G_Set_FS_Value  lsm6ds3_acc_gyro_driver_hl.o
    0x08035d64   0x08035d64   0x00000068   Code   RO        10822    i.LSM6DS3_G_Set_ODR  lsm6ds3_acc_gyro_driver_hl.o
    0x08035dcc   0x08035dcc   0x00000068   Code   RO        10823    i.LSM6DS3_G_Set_ODR_Value  lsm6ds3_acc_gyro_driver_hl.o
    0x08035e34   0x08035e34   0x00000074   Code   RO        10824    i.LSM6DS3_G_Set_ODR_Value_When_Enabled  lsm6ds3_acc_gyro_driver_hl.o
    0x08035ea8   0x08035ea8   0x00000010   Code   RO        10825    i.LSM6DS3_Get_WhoAmI  lsm6ds3_acc_gyro_driver_hl.o
    0x08035eb8   0x08035eb8   0x00000088   Code   RO         8426    i.LSM6DS3_Sensor_IO_ITConfig  wesu_sensors.o
    0x08035f40   0x08035f40   0x00000004   Code   RO        10826    i.LSM6DS3_X_Check_WhoAmI  lsm6ds3_acc_gyro_driver_hl.o
    0x08035f44   0x08035f44   0x0000006a   Code   RO        10827    i.LSM6DS3_X_DeInit  lsm6ds3_acc_gyro_driver_hl.o
    0x08035fae   0x08035fae   0x0000001e   Code   RO        10828    i.LSM6DS3_X_Disable_6D_Orientation  lsm6ds3_acc_gyro_driver_hl.o
    0x08035fcc   0x08035fcc   0x0000006c   Code   RO        10829    i.LSM6DS3_X_Disable_Double_Tap_Detection  lsm6ds3_acc_gyro_driver_hl.o
    0x08036038   0x08036038   0x00000028   Code   RO        10830    i.LSM6DS3_X_Disable_Free_Fall_Detection  lsm6ds3_acc_gyro_driver_hl.o
    0x08036060   0x08036060   0x0000002a   Code   RO        10831    i.LSM6DS3_X_Disable_Pedometer  lsm6ds3_acc_gyro_driver_hl.o
    0x0803608a   0x0803608a   0x00000056   Code   RO        10832    i.LSM6DS3_X_Disable_Single_Tap_Detection  lsm6ds3_acc_gyro_driver_hl.o
    0x080360e0   0x080360e0   0x00000012   Code   RO        10833    i.LSM6DS3_X_Disable_Step_Counter_Reset  lsm6ds3_acc_gyro_driver_hl.o
    0x080360f2   0x080360f2   0x0000001e   Code   RO        10834    i.LSM6DS3_X_Disable_Tilt_Detection  lsm6ds3_acc_gyro_driver_hl.o
    0x08036110   0x08036110   0x00000028   Code   RO        10835    i.LSM6DS3_X_Disable_Wake_Up_Detection  lsm6ds3_acc_gyro_driver_hl.o
    0x08036138   0x08036138   0x00000038   Code   RO        10836    i.LSM6DS3_X_Enable_6D_Orientation  lsm6ds3_acc_gyro_driver_hl.o
    0x08036170   0x08036170   0x00000088   Code   RO        10837    i.LSM6DS3_X_Enable_Double_Tap_Detection  lsm6ds3_acc_gyro_driver_hl.o
    0x080361f8   0x080361f8   0x00000064   Code   RO        10838    i.LSM6DS3_X_Enable_Free_Fall_Detection  lsm6ds3_acc_gyro_driver_hl.o
    0x0803625c   0x0803625c   0x00000050   Code   RO        10839    i.LSM6DS3_X_Enable_Pedometer  lsm6ds3_acc_gyro_driver_hl.o
    0x080362ac   0x080362ac   0x00000070   Code   RO        10840    i.LSM6DS3_X_Enable_Single_Tap_Detection  lsm6ds3_acc_gyro_driver_hl.o
    0x0803631c   0x0803631c   0x00000012   Code   RO        10841    i.LSM6DS3_X_Enable_Step_Counter_Reset  lsm6ds3_acc_gyro_driver_hl.o
    0x0803632e   0x0803632e   0x00000002   PAD
    0x08036330   0x08036330   0x00000044   Code   RO        10842    i.LSM6DS3_X_Enable_Tilt_Detection  lsm6ds3_acc_gyro_driver_hl.o
    0x08036374   0x08036374   0x00000044   Code   RO        10843    i.LSM6DS3_X_Enable_Wake_Up_Detection  lsm6ds3_acc_gyro_driver_hl.o
    0x080363b8   0x080363b8   0x00000022   Code   RO        10844    i.LSM6DS3_X_Get_6D_Orientation_Status  lsm6ds3_acc_gyro_driver_hl.o
    0x080363da   0x080363da   0x00000022   Code   RO        10845    i.LSM6DS3_X_Get_6D_Orientation_XH  lsm6ds3_acc_gyro_driver_hl.o
    0x080363fc   0x080363fc   0x00000020   Code   RO        10846    i.LSM6DS3_X_Get_6D_Orientation_XL  lsm6ds3_acc_gyro_driver_hl.o
    0x0803641c   0x0803641c   0x00000022   Code   RO        10847    i.LSM6DS3_X_Get_6D_Orientation_YH  lsm6ds3_acc_gyro_driver_hl.o
    0x0803643e   0x0803643e   0x00000022   Code   RO        10848    i.LSM6DS3_X_Get_6D_Orientation_YL  lsm6ds3_acc_gyro_driver_hl.o
    0x08036460   0x08036460   0x00000022   Code   RO        10849    i.LSM6DS3_X_Get_6D_Orientation_ZH  lsm6ds3_acc_gyro_driver_hl.o
    0x08036482   0x08036482   0x00000022   Code   RO        10850    i.LSM6DS3_X_Get_6D_Orientation_ZL  lsm6ds3_acc_gyro_driver_hl.o
    0x080364a4   0x080364a4   0x00000064   Code   RO        10851    i.LSM6DS3_X_Get_Axes  lsm6ds3_acc_gyro_driver_hl.o
    0x08036508   0x08036508   0x00000024   Code   RO        10852    i.LSM6DS3_X_Get_AxesRaw  lsm6ds3_acc_gyro_driver_hl.o
    0x0803652c   0x0803652c   0x00000044   Code   RO        10853    i.LSM6DS3_X_Get_Axes_Raw  lsm6ds3_acc_gyro_driver_hl.o
    0x08036570   0x08036570   0x0000005a   Code   RO        10854    i.LSM6DS3_X_Get_Axes_Status  lsm6ds3_acc_gyro_driver_hl.o
    0x080365ca   0x080365ca   0x00000022   Code   RO        10855    i.LSM6DS3_X_Get_Double_Tap_Detection_Status  lsm6ds3_acc_gyro_driver_hl.o
    0x080365ec   0x080365ec   0x00000048   Code   RO        10856    i.LSM6DS3_X_Get_FS  lsm6ds3_acc_gyro_driver_hl.o
    0x08036634   0x08036634   0x00000022   Code   RO        10857    i.LSM6DS3_X_Get_Free_Fall_Detection_Status  lsm6ds3_acc_gyro_driver_hl.o
    0x08036656   0x08036656   0x00000002   PAD
    0x08036658   0x08036658   0x0000009c   Code   RO        10858    i.LSM6DS3_X_Get_ODR  lsm6ds3_acc_gyro_driver_hl.o
    0x080366f4   0x080366f4   0x00000022   Code   RO        10859    i.LSM6DS3_X_Get_Pedometer_Status  lsm6ds3_acc_gyro_driver_hl.o
    0x08036716   0x08036716   0x00000002   PAD
    0x08036718   0x08036718   0x00000050   Code   RO        10860    i.LSM6DS3_X_Get_Sensitivity  lsm6ds3_acc_gyro_driver_hl.o
    0x08036768   0x08036768   0x00000022   Code   RO        10861    i.LSM6DS3_X_Get_Single_Tap_Detection_Status  lsm6ds3_acc_gyro_driver_hl.o
    0x0803678a   0x0803678a   0x00000010   Code   RO        10862    i.LSM6DS3_X_Get_Step_Count  lsm6ds3_acc_gyro_driver_hl.o
    0x0803679a   0x0803679a   0x00000022   Code   RO        10863    i.LSM6DS3_X_Get_Tilt_Detection_Status  lsm6ds3_acc_gyro_driver_hl.o
    0x080367bc   0x080367bc   0x00000022   Code   RO        10864    i.LSM6DS3_X_Get_Wake_Up_Detection_Status  lsm6ds3_acc_gyro_driver_hl.o
    0x080367de   0x080367de   0x00000004   Code   RO        10865    i.LSM6DS3_X_Get_WhoAmI  lsm6ds3_acc_gyro_driver_hl.o
    0x080367e2   0x080367e2   0x00000002   PAD
    0x080367e4   0x080367e4   0x00000070   Code   RO        10866    i.LSM6DS3_X_Init    lsm6ds3_acc_gyro_driver_hl.o
    0x08036854   0x08036854   0x0000002c   Code   RO        10867    i.LSM6DS3_X_Sensor_Disable  lsm6ds3_acc_gyro_driver_hl.o
    0x08036880   0x08036880   0x00000022   Code   RO        10868    i.LSM6DS3_X_Sensor_Enable  lsm6ds3_acc_gyro_driver_hl.o
    0x080368a2   0x080368a2   0x0000004a   Code   RO        10869    i.LSM6DS3_X_Set_Axes_Status  lsm6ds3_acc_gyro_driver_hl.o
    0x080368ec   0x080368ec   0x00000022   Code   RO        10870    i.LSM6DS3_X_Set_FS  lsm6ds3_acc_gyro_driver_hl.o
    0x0803690e   0x0803690e   0x00000030   Code   RO        10871    i.LSM6DS3_X_Set_FS_Value  lsm6ds3_acc_gyro_driver_hl.o
    0x0803693e   0x0803693e   0x00000010   Code   RO        10872    i.LSM6DS3_X_Set_Free_Fall_Threshold  lsm6ds3_acc_gyro_driver_hl.o
    0x0803694e   0x0803694e   0x00000002   PAD
    0x08036950   0x08036950   0x00000068   Code   RO        10873    i.LSM6DS3_X_Set_ODR  lsm6ds3_acc_gyro_driver_hl.o
    0x080369b8   0x080369b8   0x0000001a   Code   RO        10874    i.LSM6DS3_X_Set_ODR_Value  lsm6ds3_acc_gyro_driver_hl.o
    0x080369d2   0x080369d2   0x00000002   PAD
    0x080369d4   0x080369d4   0x00000074   Code   RO        10875    i.LSM6DS3_X_Set_ODR_Value_When_Disabled  lsm6ds3_acc_gyro_driver_hl.o
    0x08036a48   0x08036a48   0x000000a0   Code   RO        10876    i.LSM6DS3_X_Set_ODR_Value_When_Enabled  lsm6ds3_acc_gyro_driver_hl.o
    0x08036ae8   0x08036ae8   0x00000010   Code   RO        10877    i.LSM6DS3_X_Set_Pedometer_Threshold  lsm6ds3_acc_gyro_driver_hl.o
    0x08036af8   0x08036af8   0x00000010   Code   RO        10878    i.LSM6DS3_X_Set_Tap_Duration_Time  lsm6ds3_acc_gyro_driver_hl.o
    0x08036b08   0x08036b08   0x00000010   Code   RO        10879    i.LSM6DS3_X_Set_Tap_Quiet_Time  lsm6ds3_acc_gyro_driver_hl.o
    0x08036b18   0x08036b18   0x00000010   Code   RO        10880    i.LSM6DS3_X_Set_Tap_Shock_Time  lsm6ds3_acc_gyro_driver_hl.o
    0x08036b28   0x08036b28   0x00000010   Code   RO        10881    i.LSM6DS3_X_Set_Tap_Threshold  lsm6ds3_acc_gyro_driver_hl.o
    0x08036b38   0x08036b38   0x00000010   Code   RO        10882    i.LSM6DS3_X_Set_Wake_Up_Threshold  lsm6ds3_acc_gyro_driver_hl.o
    0x08036b48   0x08036b48   0x00000038   Code   RO         2742    i.LedControlMaskChanged  wesu_config.o
    0x08036b80   0x08036b80   0x00000034   Code   RO         2743    i.LedManageEnd      wesu_config.o
    0x08036bb4   0x08036bb4   0x00000158   Code   RO         2744    i.LedManageStart    wesu_config.o
    0x08036d0c   0x08036d0c   0x00000012   Code   RO         6962    i.LedSmoothBlinkGpio  wesu.o
    0x08036d1e   0x08036d1e   0x00000002   PAD
    0x08036d20   0x08036d20   0x00000028   Code   RO         6964    i.LedSmoothRampDownGpio  wesu.o
    0x08036d48   0x08036d48   0x00000030   Code   RO         6966    i.LedSmoothRampUpGpio  wesu.o
    0x08036d78   0x08036d78   0x00000040   Code   RO         6967    i.Led_Pwm           wesu.o
    0x08036db8   0x08036db8   0x00000070   Code   RO         2745    i.MagFsChanged      wesu_config.o
    0x08036e28   0x08036e28   0x00000070   Code   RO         2746    i.MagOdrChanged     wesu_config.o
    0x08036e98   0x08036e98   0x00000418   Code   RO         1991    i.ManageBleConnection  main.o
    0x080372b0   0x080372b0   0x0000004c   Code   RO         1313    i.ManageTerminal    console.o
    0x080372fc   0x080372fc   0x00000002   Code   RO         2176    i.MemManage_Handler  stm32l1xx_it.o
    0x080372fe   0x080372fe   0x00000002   PAD
    0x08037300   0x08037300   0x00000008   Code   RO         2313    i.MotionFX_manager_getDataOUT  algorithms.o
    0x08037308   0x08037308   0x00000038   Code   RO         2747    i.MotionFxCtrlChanged  wesu_config.o
    0x08037340   0x08037340   0x00000002   Code   RO         2177    i.NMI_Handler       stm32l1xx_it.o
    0x08037342   0x08037342   0x00000004   Code   RO         1203    i.Osal_MemCpy       osal.o
    0x08037346   0x08037346   0x00000004   Code   RO         1204    i.Osal_MemSet       osal.o
    0x0803734a   0x0803734a   0x00000002   PAD
    0x0803734c   0x0803734c   0x00000068   Code   RO         1314    i.PRINTF            console.o
    0x080373b4   0x080373b4   0x00000034   Code   RO         1315    i.PRINTF_INFO       console.o
    0x080373e8   0x080373e8   0x0000001c   Code   RO         7282    i.PWR_I2C_Error     wesu_gg.o
    0x08037404   0x08037404   0x00000040   Code   RO         7283    i.PWR_I2C_Init      wesu_gg.o
    0x08037444   0x08037444   0x00000088   Code   RO         7284    i.PWR_I2C_MspInit   wesu_gg.o
    0x080374cc   0x080374cc   0x00000038   Code   RO         2748    i.PedometerCtrlChanged  wesu_config.o
    0x08037504   0x08037504   0x00000002   Code   RO         2178    i.PendSV_Handler    stm32l1xx_it.o
    0x08037506   0x08037506   0x00000002   PAD
    0x08037508   0x08037508   0x00000034   Code   RO         2749    i.PermRegCheckCorrect  wesu_config.o
    0x0803753c   0x0803753c   0x00000022   Code   RO         2314    i.PreCheckLicense   algorithms.o
    0x0803755e   0x0803755e   0x00000002   PAD
    0x08037560   0x08037560   0x00000060   Code   RO         2683    i.PrepareLowPowerMode  low_power.o
    0x080375c0   0x080375c0   0x00000070   Code   RO         2750    i.PressOdrChanged   wesu_config.o
    0x08037630   0x08037630   0x00000084   Code   RO         2471    i.Press_Update      bluest_protocol.o
    0x080376b4   0x080376b4   0x000001dc   Code   RO         2751    i.PrintSystemParameters  wesu_config.o
    0x08037890   0x08037890   0x00000002   Code   RO         1317    i.ProcDbgDoNotReplyHidden  console.o
    0x08037892   0x08037892   0x00000002   PAD
    0x08037894   0x08037894   0x0000004c   Code   RO         1318    i.ProcDbgDumpAccGyroHidden  console.o
    0x080378e0   0x080378e0   0x0000004c   Code   RO         1319    i.ProcDbgDumpMagHidden  console.o
    0x0803792c   0x0803792c   0x0000004c   Code   RO         1320    i.ProcDbgDumpPressTempHidden  console.o
    0x08037978   0x08037978   0x00000020   Code   RO         1321    i.ProcDbgEchoNameHidden  console.o
    0x08037998   0x08037998   0x00000002   Code   RO         1322    i.ProcDbgEmptyCmd   console.o
    0x0803799a   0x0803799a   0x00000002   PAD
    0x0803799c   0x0803799c   0x00000024   Code   RO         1323    i.ProcDbgEnterConnOnly  console.o
    0x080379c0   0x080379c0   0x00000024   Code   RO         1324    i.ProcDbgEnterStop  console.o
    0x080379e4   0x080379e4   0x00000024   Code   RO         1325    i.ProcDbgEnterStopWBle  console.o
    0x08037a08   0x08037a08   0x000000a0   Code   RO         1326    i.ProcDbgEraseLicenses  console.o
    0x08037aa8   0x08037aa8   0x000005ec   Code   RO         1327    i.ProcDbgGetAlgoStatus  console.o
    0x08038094   0x08038094   0x000001bc   Code   RO         1328    i.ProcDbgGetBackupData  console.o
    0x08038250   0x08038250   0x0000006c   Code   RO         1329    i.ProcDbgGetBluenrgInfo  console.o
    0x080382bc   0x080382bc   0x00000038   Code   RO         1330    i.ProcDbgGetFwVersion  console.o
    0x080382f4   0x080382f4   0x00000190   Code   RO         1331    i.ProcDbgGetLic     console.o
    0x08038484   0x08038484   0x00000006   Code   RO         1332    i.ProcDbgGetLic1    console.o
    0x0803848a   0x0803848a   0x00000006   Code   RO         1333    i.ProcDbgGetLic2    console.o
    0x08038490   0x08038490   0x00000006   Code   RO         1334    i.ProcDbgGetLic3    console.o
    0x08038496   0x08038496   0x00000002   PAD
    0x08038498   0x08038498   0x000000d8   Code   RO         1335    i.ProcDbgGetMcuId   console.o
    0x08038570   0x08038570   0x00000188   Code   RO         1336    i.ProcDbgGetPersRegVal  console.o
    0x080386f8   0x080386f8   0x000000f8   Code   RO         1337    i.ProcDbgGetPowerInfo  console.o
    0x080387f0   0x080387f0   0x00000188   Code   RO         1338    i.ProcDbgGetSessionRegVal  console.o
    0x08038978   0x08038978   0x0000008c   Code   RO         1339    i.ProcDbgGetSysInfo  console.o
    0x08038a04   0x08038a04   0x00000070   Code   RO         1340    i.ProcDbgHelp       console.o
    0x08038a74   0x08038a74   0x00000068   Code   RO         1341    i.ProcDbgHelpHidden  console.o
    0x08038adc   0x08038adc   0x00000088   Code   RO         1342    i.ProcDbgLedBlinkme  console.o
    0x08038b64   0x08038b64   0x0000009c   Code   RO         1345    i.ProcDbgMinPower   console.o
    0x08038c00   0x08038c00   0x00000030   Code   RO         1346    i.ProcDbgNormPower  console.o
    0x08038c30   0x08038c30   0x00000058   Code   RO         1348    i.ProcDbgRebootAccGyroHidden  console.o
    0x08038c88   0x08038c88   0x00000054   Code   RO         1350    i.ProcDbgRebootMagHidden  console.o
    0x08038cdc   0x08038cdc   0x0000004c   Code   RO         1351    i.ProcDbgRebootPressTempHidden  console.o
    0x08038d28   0x08038d28   0x00000028   Code   RO         1352    i.ProcDbgResetPower  console.o
    0x08038d50   0x08038d50   0x00000080   Code   RO         7285    i.ProcDbgResetStc3115I2C  wesu_gg.o
    0x08038dd0   0x08038dd0   0x00000048   Code   RO         1353    i.ProcDbgSTC3115CurrentHidden  console.o
    0x08038e18   0x08038e18   0x00000044   Code   RO         1354    i.ProcDbgSTC3115VoltHidden  console.o
    0x08038e5c   0x08038e5c   0x000002c8   Code   RO         1355    i.ProcDbgSetBleConIntvMode  console.o
    0x08039124   0x08039124   0x00000408   Code   RO         1356    i.ProcDbgSetLic     console.o
    0x0803952c   0x0803952c   0x00000006   Code   RO         1357    i.ProcDbgSetLic1    console.o
    0x08039532   0x08039532   0x00000006   Code   RO         1358    i.ProcDbgSetLic2    console.o
    0x08039538   0x08039538   0x00000006   Code   RO         1359    i.ProcDbgSetLic3    console.o
    0x0803953e   0x0803953e   0x00000002   PAD
    0x08039540   0x08039540   0x000002d4   Code   RO         1360    i.ProcDbgSetPersRegVal  console.o
    0x08039814   0x08039814   0x000002d8   Code   RO         1361    i.ProcDbgSetSessionRegVal  console.o
    0x08039aec   0x08039aec   0x000000f0   Code   RO         1362    i.ProcDbgSetUsbBleBridge  console.o
    0x08039bdc   0x08039bdc   0x00000224   Code   RO         1363    i.ProcDbgSetdate    console.o
    0x08039e00   0x08039e00   0x000001bc   Code   RO         1364    i.ProcDbgSettime    console.o
    0x08039fbc   0x08039fbc   0x00000038   Code   RO         1366    i.ProcDbgTestIwdg   console.o
    0x08039ff4   0x08039ff4   0x000000b8   Code   RO         1371    i.ProcDbgViewdate   console.o
    0x0803a0ac   0x0803a0ac   0x000000b8   Code   RO         1372    i.ProcDbgViewtime   console.o
    0x0803a164   0x0803a164   0x00000174   Code   RO         2752    i.ProcessRegCommand  wesu_config.o
    0x0803a2d8   0x0803a2d8   0x000000e0   Code   RO         1373    i.ProcessTermCommand  console.o
    0x0803a3b8   0x0803a3b8   0x00000060   Code   RO         1374    i.ProcessTerminalStringBle  console.o
    0x0803a418   0x0803a418   0x0000001c   Code   RO         2753    i.PwrModeAltRegChange  wesu_config.o
    0x0803a434   0x0803a434   0x00000028   Code   RO         2754    i.PwrModeControlChanged  wesu_config.o
    0x0803a45c   0x0803a45c   0x000000c4   Code   RO         2472    i.Pwr_Update        bluest_protocol.o
    0x0803a520   0x0803a520   0x000000f4   Code   RO         2473    i.Quat_Update       bluest_protocol.o
    0x0803a614   0x0803a614   0x00000078   Code   RO         3603    i.RCC_SetFlashLatencyFromMSIRange  stm32l1xx_hal_rcc.o
    0x0803a68c   0x0803a68c   0x00000012   Code   RO         3776    i.RTC_Bcd2ToByte    stm32l1xx_hal_rtc.o
    0x0803a69e   0x0803a69e   0x00000016   Code   RO         3777    i.RTC_ByteToBcd2    stm32l1xx_hal_rtc.o
    0x0803a6b4   0x0803a6b4   0x00000038   Code   RO         3778    i.RTC_EnterInitMode  stm32l1xx_hal_rtc.o
    0x0803a6ec   0x0803a6ec   0x00000050   Code   RO         1992    i.RTC_TimeStampConfigDefault  main.o
    0x0803a73c   0x0803a73c   0x00000148   Code   RO         2315    i.ReCallCalibrationFromMemory  algorithms.o
    0x0803a884   0x0803a884   0x00000004   Code   RO         2755    i.ReadOnly          wesu_config.o
    0x0803a888   0x0803a888   0x000000d8   Code   RO         2474    i.Read_Request_CB   bluest_protocol.o
    0x0803a960   0x0803a960   0x00000250   Code   RO         1993    i.Read_Sensors      main.o
    0x0803abb0   0x0803abb0   0x00000034   Code   RO         2756    i.RedLedControlMaskChanged  wesu_config.o
    0x0803abe4   0x0803abe4   0x00000310   Code   RO         2757    i.RegistersInitialization  wesu_config.o
    0x0803aef4   0x0803aef4   0x0000007c   Code   RO         2684    i.RestoreRunMode    low_power.o
    0x0803af70   0x0803af70   0x00000138   Code   RO         2758    i.RtcConfChanged    wesu_config.o
    0x0803b0a8   0x0803b0a8   0x0000009e   Code   RO         4555    i.SPI_WaitOnFlagUntilTimeout  stm32l1xx_hal_spi.o
    0x0803b146   0x0803b146   0x00000002   PAD
    0x0803b148   0x0803b148   0x00000014   Code   RO         8427    i.SPIx_Error        wesu_sensors.o
    0x0803b15c   0x0803b15c   0x0000003c   Code   RO         1376    i.SSCANF_WESU_X     console.o
    0x0803b198   0x0803b198   0x00000008   Code   RO         8675    i.STC3115_AlarmClear  stc3115_driver_00.o
    0x0803b1a0   0x0803b1a0   0x00000014   Code   RO         8676    i.STC3115_AlarmGet  stc3115_driver_00.o
    0x0803b1b4   0x0803b1b4   0x0000001a   Code   RO         8677    i.STC3115_AlarmSet  stc3115_driver_00.o
    0x0803b1ce   0x0803b1ce   0x00000002   PAD
    0x0803b1d0   0x0803b1d0   0x00000014   Code   RO         8836    i.STC3115_AlarmSetSOCTh  stc3115.o
    0x0803b1e4   0x0803b1e4   0x0000000a   Code   RO         8678    i.STC3115_AlarmSetSOCThreshold  stc3115_driver_00.o
    0x0803b1ee   0x0803b1ee   0x00000002   PAD
    0x0803b1f0   0x0803b1f0   0x00000018   Code   RO         8837    i.STC3115_AlarmSetVoTh  stc3115.o
    0x0803b208   0x0803b208   0x00000012   Code   RO         8679    i.STC3115_AlarmSetVoltageThreshold  stc3115_driver_00.o
    0x0803b21a   0x0803b21a   0x0000001c   Code   RO         8680    i.STC3115_AlarmStop  stc3115_driver_00.o
    0x0803b236   0x0803b236   0x00000028   Code   RO         8681    i.STC3115_CalcRamCRC8  stc3115_driver_00.o
    0x0803b25e   0x0803b25e   0x00000004   Code   RO         8838    i.STC3115_ClearIT   stc3115.o
    0x0803b262   0x0803b262   0x00000002   PAD
    0x0803b264   0x0803b264   0x00000010   Code   RO         8839    i.STC3115_GetAlarmStatus  stc3115.o
    0x0803b274   0x0803b274   0x0000000c   Code   RO         8840    i.STC3115_GetChargeValue  stc3115.o
    0x0803b280   0x0803b280   0x0000000c   Code   RO         8841    i.STC3115_GetCurrent  stc3115.o
    0x0803b28c   0x0803b28c   0x00000004   Code   RO         8842    i.STC3115_GetIT     stc3115.o
    0x0803b290   0x0803b290   0x00000004   Code   RO         8843    i.STC3115_GetITState  stc3115.o
    0x0803b294   0x0803b294   0x0000000c   Code   RO         8844    i.STC3115_GetOCV    stc3115.o
    0x0803b2a0   0x0803b2a0   0x0000000c   Code   RO         8845    i.STC3115_GetPresence  stc3115.o
    0x0803b2ac   0x0803b2ac   0x0000000c   Code   RO         8846    i.STC3115_GetSOC    stc3115.o
    0x0803b2b8   0x0803b2b8   0x0000000c   Code   RO         8847    i.STC3115_GetTemperature  stc3115.o
    0x0803b2c4   0x0803b2c4   0x0000000c   Code   RO         8848    i.STC3115_GetVoltage  stc3115.o
    0x0803b2d0   0x0803b2d0   0x00000020   Code   RO         8849    i.STC3115_Init      stc3115.o
    0x0803b2f0   0x0803b2f0   0x00000024   Code   RO         8682    i.STC3115_InitRamData  stc3115_driver_00.o
    0x0803b314   0x0803b314   0x00000004   Code   RO         8850    i.STC3115_PowerSavingMode  stc3115.o
    0x0803b318   0x0803b318   0x000000d4   Code   RO         8683    i.STC3115_ReadBatteryData  stc3115_driver_00.o
    0x0803b3ec   0x0803b3ec   0x00000016   Code   RO         8684    i.STC3115_ReadByte  stc3115_driver_00.o
    0x0803b402   0x0803b402   0x00000008   Code   RO         8685    i.STC3115_ReadRamData  stc3115_driver_00.o
    0x0803b40a   0x0803b40a   0x00000016   Code   RO         8686    i.STC3115_ReadWord  stc3115_driver_00.o
    0x0803b420   0x0803b420   0x00000004   Code   RO         8851    i.STC3115_Reset     stc3115.o
    0x0803b424   0x0803b424   0x00000028   Code   RO         8687    i.STC3115_Restore   stc3115_driver_00.o
    0x0803b44c   0x0803b44c   0x00000004   Code   RO         8852    i.STC3115_SetIT     stc3115.o
    0x0803b450   0x0803b450   0x00000088   Code   RO         8688    i.STC3115_SetParam  stc3115_driver_00.o
    0x0803b4d8   0x0803b4d8   0x0000001a   Code   RO         8689    i.STC3115_SetPowerSavingMode  stc3115_driver_00.o
    0x0803b4f2   0x0803b4f2   0x00000026   Code   RO         8690    i.STC3115_Startup   stc3115_driver_00.o
    0x0803b518   0x0803b518   0x00000028   Code   RO         8691    i.STC3115_Status    stc3115_driver_00.o
    0x0803b540   0x0803b540   0x00000004   Code   RO         8853    i.STC3115_Stop      stc3115.o
    0x0803b544   0x0803b544   0x00000004   Code   RO         8854    i.STC3115_StopIT    stc3115.o
    0x0803b548   0x0803b548   0x00000010   Code   RO         8855    i.STC3115_Task      stc3115.o
    0x0803b558   0x0803b558   0x00000014   Code   RO         8693    i.STC3115_UpdateRamCRC  stc3115_driver_00.o
    0x0803b56c   0x0803b56c   0x00000012   Code   RO         8694    i.STC3115_WriteByte  stc3115_driver_00.o
    0x0803b57e   0x0803b57e   0x00000008   Code   RO         8695    i.STC3115_WriteRamData  stc3115_driver_00.o
    0x0803b586   0x0803b586   0x00000012   Code   RO         8696    i.STC3115_WriteWord  stc3115_driver_00.o
    0x0803b598   0x0803b598   0x0000000e   Code   RO         8697    i.STC3115_conv      stc3115_driver_00.o
    0x0803b5a6   0x0803b5a6   0x00000002   Code   RO         2179    i.SVC_Handler       stm32l1xx_it.o
    0x0803b5a8   0x0803b5a8   0x000000dc   Code   RO         2316    i.SavePedometerData  algorithms.o
    0x0803b684   0x0803b684   0x00000074   Code   RO         1377    i.Sensor_Dump       console.o
    0x0803b6f8   0x0803b6f8   0x0000000e   Code   RO         8428    i.Sensor_IO_Init    wesu_sensors.o
    0x0803b706   0x0803b706   0x00000002   PAD
    0x0803b708   0x0803b708   0x00000044   Code   RO         8429    i.Sensor_IO_Read    wesu_sensors.o
    0x0803b74c   0x0803b74c   0x0000003c   Code   RO         8430    i.Sensor_IO_Write   wesu_sensors.o
    0x0803b788   0x0803b788   0x000001dc   Code   RO         2759    i.SensorsConfigFullRun  wesu_config.o
    0x0803b964   0x0803b964   0x000002dc   Code   RO         2760    i.SensorsConfigInit  wesu_config.o
    0x0803bc40   0x0803bc40   0x00000038   Code   RO         2761    i.SensorsConfigJustAcc  wesu_config.o
    0x0803bc78   0x0803bc78   0x000000a4   Code   RO         2762    i.SensorsConfigLowPowerRun  wesu_config.o
    0x0803bd1c   0x0803bd1c   0x00000148   Code   RO         2763    i.SensorsConfigLowPowerRunWithAlgos  wesu_config.o
    0x0803be64   0x0803be64   0x00000054   Code   RO         2765    i.SensorsShutdown   wesu_config.o
    0x0803beb8   0x0803beb8   0x00000054   Code   RO         8431    i.SensorsSpiInit    wesu_sensors.o
    0x0803bf0c   0x0803bf0c   0x000000b4   Code   RO         8432    i.Sensors_SPI_Read  wesu_sensors.o
    0x0803bfc0   0x0803bfc0   0x000000b4   Code   RO         8433    i.Sensors_SPI_Write  wesu_sensors.o
    0x0803c074   0x0803c074   0x00000034   Code   RO         2766    i.SessionRegCheckCorrect  wesu_config.o
    0x0803c0a8   0x0803c0a8   0x00000080   Code   RO         2475    i.Stderr_Update     bluest_protocol.o
    0x0803c128   0x0803c128   0x00000014   Code   RO         2767    i.Switch_To_OTA_Service_Manager_Application  wesu_config.o
    0x0803c13c   0x0803c13c   0x00000014   Code   RO         2768    i.Switch_To_USB_DFU  wesu_config.o
    0x0803c150   0x0803c150   0x00000004   Code   RO         2180    i.SysTick_Handler   stm32l1xx_it.o
    0x0803c154   0x0803c154   0x0000006c   Code   RO         1995    i.SystemClock_Config_HSE_24MHz  main.o
    0x0803c1c0   0x0803c1c0   0x00000074   Code   RO         1999    i.SystemClock_Config_MSI_4MHz  main.o
    0x0803c234   0x0803c234   0x000000a0   Code   RO         2000    i.SystemClock_Config_RTC_HSE32MHz  main.o
    0x0803c2d4   0x0803c2d4   0x00000068   Code   RO         2769    i.SystemGotoFullRunMode  wesu_config.o
    0x0803c33c   0x0803c33c   0x0000006c   Code   RO         2770    i.SystemGotoFullRunWfiMode  wesu_config.o
    0x0803c3a8   0x0803c3a8   0x0000004c   Code   RO         2771    i.SystemGotoHardwareReconfig  wesu_config.o
    0x0803c3f4   0x0803c3f4   0x0000004c   Code   RO         2772    i.SystemGotoLowPowerMode  wesu_config.o
    0x0803c440   0x0803c440   0x00000050   Code   RO         2773    i.SystemGotoLowPowerRunMode  wesu_config.o
    0x0803c490   0x0803c490   0x0000004c   Code   RO         2774    i.SystemGotoLowPowerRunModeJustAcc  wesu_config.o
    0x0803c4dc   0x0803c4dc   0x0000004c   Code   RO         2775    i.SystemGotoLowPowerRunWithAlgos  wesu_config.o
    0x0803c528   0x0803c528   0x00000084   Code   RO         2776    i.SystemGotoPermanentStopBleMode  wesu_config.o
    0x0803c5ac   0x0803c5ac   0x000000a0   Code   RO         2777    i.SystemGotoPermanentStopBlePmMode  wesu_config.o
    0x0803c64c   0x0803c64c   0x00000048   Code   RO         2778    i.SystemGotoPermanentStopMode  wesu_config.o
    0x0803c694   0x0803c694   0x00000024   Code   RO         2779    i.SystemGotoRebootDefSettingsMode  wesu_config.o
    0x0803c6b8   0x0803c6b8   0x00000024   Code   RO         2780    i.SystemGotoRebootMode  wesu_config.o
    0x0803c6dc   0x0803c6dc   0x00000050   Code   RO         2781    i.SystemGotoRunLowPowerSleepMode  wesu_config.o
    0x0803c72c   0x0803c72c   0x00000050   Code   RO         2782    i.SystemGotoRunSleepMode  wesu_config.o
    0x0803c77c   0x0803c77c   0x0000002c   Code   RO         2783    i.SystemGotoShutdown  wesu_config.o
    0x0803c7a8   0x0803c7a8   0x00000050   Code   RO            5    i.SystemInit        system_stm32l1xx.o
    0x0803c7f8   0x0803c7f8   0x00000014   Code   RO         2784    i.SystemReconfigHw  wesu_config.o
    0x0803c80c   0x0803c80c   0x0000000c   Code   RO         2181    i.TIM10_IRQHandler  stm32l1xx_it.o
    0x0803c818   0x0803c818   0x0000000c   Code   RO         2182    i.TIM2_IRQHandler   stm32l1xx_it.o
    0x0803c824   0x0803c824   0x0000007c   Code   RO         4846    i.TIM_Base_SetConfig  stm32l1xx_hal_tim.o
    0x0803c8a0   0x0803c8a0   0x00000016   Code   RO         4847    i.TIM_CCxChannelCmd  stm32l1xx_hal_tim.o
    0x0803c8b6   0x0803c8b6   0x00000002   PAD
    0x0803c8b8   0x0803c8b8   0x00000064   Code   RO         4861    i.TIM_TI1_SetConfig  stm32l1xx_hal_tim.o
    0x0803c91c   0x0803c91c   0x00000036   Code   RO         4863    i.TIM_TI2_SetConfig  stm32l1xx_hal_tim.o
    0x0803c952   0x0803c952   0x00000002   PAD
    0x0803c954   0x0803c954   0x00000078   Code   RO         2476    i.Temp_Update       bluest_protocol.o
    0x0803c9cc   0x0803c9cc   0x000000a4   Code   RO         2477    i.Term_Update       bluest_protocol.o
    0x0803ca70   0x0803ca70   0x00000064   Code   RO         2478    i.Term_Update_AfterRead  bluest_protocol.o
    0x0803cad4   0x0803cad4   0x0000001c   Code   RO         2785    i.TimerFreqChanged  wesu_config.o
    0x0803caf0   0x0803caf0   0x0000001c   Code   RO         1160    i.Timer_Expired     gp_timer.o
    0x0803cb0c   0x0803cb0c   0x0000000e   Code   RO         1164    i.Timer_Set         gp_timer.o
    0x0803cb1a   0x0803cb1a   0x0000002e   Code   RO         2786    i.TxPwrLvlChange    wesu_config.o
    0x0803cb48   0x0803cb48   0x000000a6   Code   RO         6510    i.UART_Receive_IT   stm32l1xx_hal_uart.o
    0x0803cbee   0x0803cbee   0x00000002   PAD
    0x0803cbf0   0x0803cbf0   0x000002a0   Code   RO         6511    i.UART_SetConfig    stm32l1xx_hal_uart.o
    0x0803ce90   0x0803ce90   0x00000066   Code   RO         6512    i.UART_Transmit_IT  stm32l1xx_hal_uart.o
    0x0803cef6   0x0803cef6   0x00000092   Code   RO         6513    i.UART_WaitOnFlagUntilTimeout  stm32l1xx_hal_uart.o
    0x0803cf88   0x0803cf88   0x0000000c   Code   RO         2183    i.USART2_IRQHandler  stm32l1xx_it.o
    0x0803cf94   0x0803cf94   0x000000c8   Code   RO         2479    i.UpdateConnectionParameters  bluest_protocol.o
    0x0803d05c   0x0803d05c   0x00000088   Code   RO         2787    i.UpdateSubSampling  wesu_config.o
    0x0803d0e4   0x0803d0e4   0x00000002   Code   RO         2184    i.UsageFault_Handler  stm32l1xx_it.o
    0x0803d0e6   0x0803d0e6   0x00000002   PAD
    0x0803d0e8   0x0803d0e8   0x00000380   Code   RO         2002    i.User_Init         main.o
    0x0803d468   0x0803d468   0x000004f0   Code   RO         2003    i.User_Process      main.o
    0x0803d958   0x0803d958   0x00000054   Code   RO         1379    i.WESU_PRINTF_BLE   console.o
    0x0803d9ac   0x0803d9ac   0x00000038   Code   RO         1380    i.WESU_PRINTF_USART  console.o
    0x0803d9e4   0x0803d9e4   0x00000080   Code   RO         7472    i.WeSU_GetDateTime  wesu_rtc.o
    0x0803da64   0x0803da64   0x000000a8   Code   RO         7473    i.WeSU_SetDateTime  wesu_rtc.o
    0x0803db0c   0x0803db0c   0x0000006c   Code   RO         2788    i.WesuBackupSystemParameters  wesu_config.o
    0x0803db78   0x0803db78   0x00000062   Code   RO         2789    i.WesuGetBackupData  wesu_config.o
    0x0803dbda   0x0803dbda   0x00000002   PAD
    0x0803dbdc   0x0803dbdc   0x000000ec   Code   RO         2790    i.WesuGetSystemStartup  wesu_config.o
    0x0803dcc8   0x0803dcc8   0x00000058   Code   RO         7474    i.WesuRtcConfig     wesu_rtc.o
    0x0803dd20   0x0803dd20   0x0000008c   Code   RO         2791    i.WesuSaveSystemParameters  wesu_config.o
    0x0803ddac   0x0803ddac   0x0000060c   Code   RO         2792    i.WesuSysChangeRunMode  wesu_config.o
    0x0803e3b8   0x0803e3b8   0x00000020   Code   RO        12601    i.__0printf         mc_w.l(printfa.o)
    0x0803e3d8   0x0803e3d8   0x00000028   Code   RO        12603    i.__0sprintf        mc_w.l(printfa.o)
    0x0803e400   0x0803e400   0x0000002c   Code   RO        12606    i.__0vsnprintf      mc_w.l(printfa.o)
    0x0803e42c   0x0803e42c   0x0000000a   Code   RO        12271    i.__ARM_common_memclr4_9  osxMotionFX107_CM3_KEIL.lib(osx_motion_fx.o)
    0x0803e436   0x0803e436   0x00000012   Code   RO        12269    i.__ARM_common_memset4_12  osxMotionFX107_CM3_KEIL.lib(osx_motion_fx.o)
    0x0803e448   0x0803e448   0x00000028   Code   RO        12691    i.__ARM_fpclassify  m_ws.l(fpclassify.o)
    0x0803e470   0x0803e470   0x00000020   Code   RO         4307    i.__NVIC_SetPriority  stm32l1xx_hal_cortex.o
    0x0803e490   0x0803e490   0x000000aa   Code   RO        12693    i.__kernel_poly     m_ws.l(poly.o)
    0x0803e53a   0x0803e53a   0x00000002   PAD
    0x0803e53c   0x0803e53c   0x00000010   Code   RO        12677    i.__mathlib_dbl_divzero  m_ws.l(dunder.o)
    0x0803e54c   0x0803e54c   0x00000006   Code   RO        12678    i.__mathlib_dbl_infnan  m_ws.l(dunder.o)
    0x0803e552   0x0803e552   0x00000004   Code   RO        12679    i.__mathlib_dbl_infnan2  m_ws.l(dunder.o)
    0x0803e556   0x0803e556   0x0000000c   Code   RO        12680    i.__mathlib_dbl_invalid  m_ws.l(dunder.o)
    0x0803e562   0x0803e562   0x0000000e   Code   RO        12681    i.__mathlib_dbl_overflow  m_ws.l(dunder.o)
    0x0803e570   0x0803e570   0x00000010   Code   RO        12683    i.__mathlib_dbl_underflow  m_ws.l(dunder.o)
    0x0803e580   0x0803e580   0x0000000e   Code   RO        12758    i.__scatterload_copy  mc_w.l(handlers.o)
    0x0803e58e   0x0803e58e   0x00000002   Code   RO        12759    i.__scatterload_null  mc_w.l(handlers.o)
    0x0803e590   0x0803e590   0x0000000e   Code   RO        12760    i.__scatterload_zeroinit  mc_w.l(handlers.o)
    0x0803e59e   0x0803e59e   0x00000002   PAD
    0x0803e5a0   0x0803e5a0   0x0000000c   Code   RO        12723    i.__set_errno       mc_w.l(errno.o)
    0x0803e5ac   0x0803e5ac   0x00000184   Code   RO        12608    i._fp_digits        mc_w.l(printfa.o)
    0x0803e730   0x0803e730   0x000006dc   Code   RO        12609    i._printf_core      mc_w.l(printfa.o)
    0x0803ee0c   0x0803ee0c   0x00000024   Code   RO        12610    i._printf_post_padding  mc_w.l(printfa.o)
    0x0803ee30   0x0803ee30   0x0000002e   Code   RO        12611    i._printf_pre_padding  mc_w.l(printfa.o)
    0x0803ee5e   0x0803ee5e   0x00000016   Code   RO        12612    i._snputc           mc_w.l(printfa.o)
    0x0803ee74   0x0803ee74   0x0000000a   Code   RO        12613    i._sputc            mc_w.l(printfa.o)
    0x0803ee7e   0x0803ee7e   0x00000076   Code   RO          661    i.aci_gap_init      bluenrg_gap_aci.o
    0x0803eef4   0x0803eef4   0x00000076   Code   RO          666    i.aci_gap_set_auth_requirement  bluenrg_gap_aci.o
    0x0803ef6a   0x0803ef6a   0x000000e0   Code   RO          670    i.aci_gap_set_discoverable  bluenrg_gap_aci.o
    0x0803f04a   0x0803f04a   0x0000003a   Code   RO          674    i.aci_gap_set_non_discoverable  bluenrg_gap_aci.o
    0x0803f084   0x0803f084   0x0000005a   Code   RO          687    i.aci_gap_update_adv_data  bluenrg_gap_aci.o
    0x0803f0de   0x0803f0de   0x000000c2   Code   RO          881    i.aci_gatt_add_char  bluenrg_gatt_aci.o
    0x0803f1a0   0x0803f1a0   0x00000084   Code   RO          883    i.aci_gatt_add_serv  bluenrg_gatt_aci.o
    0x0803f224   0x0803f224   0x00000048   Code   RO          884    i.aci_gatt_allow_read  bluenrg_gatt_aci.o
    0x0803f26c   0x0803f26c   0x0000003c   Code   RO          897    i.aci_gatt_init     bluenrg_gatt_aci.o
    0x0803f2a8   0x0803f2a8   0x00000090   Code   RO          910    i.aci_gatt_update_char_value  bluenrg_gatt_aci.o
    0x0803f338   0x0803f338   0x00000094   Code   RO          916    i.aci_gatt_write_response  bluenrg_gatt_aci.o
    0x0803f3cc   0x0803f3cc   0x0000004a   Code   RO          594    i.aci_hal_set_tx_power_level  bluenrg_hal_aci.o
    0x0803f416   0x0803f416   0x00000062   Code   RO          597    i.aci_hal_write_config_data  bluenrg_hal_aci.o
    0x0803f478   0x0803f478   0x0000005e   Code   RO         1142    i.aci_l2cap_connection_parameter_update_request  bluenrg_l2cap_aci.o
    0x0803f4d6   0x0803f4d6   0x00000002   PAD
    0x0803f4d8   0x0803f4d8   0x00000270   Code   RO        12278    i.asin              m_ws.l(asin.o)
    0x0803f748   0x0803f748   0x00000220   Code   RO        12288    i.atan              m_ws.l(atan.o)
    0x0803f968   0x0803f968   0x00000180   Code   RO        12298    i.atan2             m_ws.l(atan2.o)
    0x0803fae8   0x0803fae8   0x00000040   Code   RO         1381    i.consoleDeInit     console.o
    0x0803fb28   0x0803fb28   0x00000040   Code   RO         1382    i.consoleInit       console.o
    0x0803fb68   0x0803fb68   0x00000070   Code   RO         2480    i.ctrl1_Update      bluest_protocol.o
    0x0803fbd8   0x0803fbd8   0x00000054   Code   RO         2004    i.floatToInt        main.o
    0x0803fc2c   0x0803fc2c   0x000000dc   Code   RO        12306    i.floor             m_ws.l(floor.o)
    0x0803fd08   0x0803fd08   0x00000042   Code   RO        12309    i.fmax              m_ws.l(fmax.o)
    0x0803fd4a   0x0803fd4a   0x00000004   Code   RO         1384    i.fputc             console.o
    0x0803fd4e   0x0803fd4e   0x00000052   Code   RO         2793    i.getBlueNRGVersion  wesu_config.o
    0x0803fda0   0x0803fda0   0x00000080   Code   RO          175    i.hci_le_read_local_version  hci.o
    0x0803fe20   0x0803fe20   0x00000064   Code   RO          186    i.hci_le_set_scan_resp_data  hci.o
    0x0803fe84   0x0803fe84   0x00000030   Code   RO          193    i.hci_send_cmd      hci.o
    0x0803feb4   0x0803feb4   0x00000148   Code   RO          194    i.hci_send_req      hci.o
    0x0803fffc   0x0803fffc   0x00000004   Code   RO          195    i.hci_write         hci.o
    0x08040000   0x08040000   0x00000012   Code   RO         1385    i.lStringShift      console.o
    0x08040012   0x08040012   0x00000006   Code   RO         1230    i.list_init_head    list.o
    0x08040018   0x08040018   0x0000000e   Code   RO         1231    i.list_insert_head  list.o
    0x08040026   0x08040026   0x0000000e   Code   RO         1234    i.list_insert_tail  list.o
    0x08040034   0x08040034   0x0000000e   Code   RO         1235    i.list_is_empty     list.o
    0x08040042   0x08040042   0x0000001a   Code   RO         1236    i.list_remove_head  list.o
    0x0804005c   0x0804005c   0x0000000c   Code   RO         1237    i.list_remove_node  list.o
    0x08040068   0x08040068   0x000000e0   Code   RO         2005    i.main              main.o
    0x08040148   0x08040148   0x00000024   Code   RO          196    i.move_list         hci.o
    0x0804016c   0x0804016c   0x000009d8   Code   RO        12312    i.pow               m_ws.l(pow.o)
    0x08040b44   0x08040b44   0x0000002c   Code   RO         2481    i.safe_aci_gatt_update_char_value  bluest_protocol.o
    0x08040b70   0x08040b70   0x00000108   Code   RO         2794    i.setConnectable    wesu_config.o
    0x08040c78   0x08040c78   0x0000003c   Code   RO         6840    i.set_irq_as_input  stm32_bluenrg_ble.o
    0x08040cb4   0x08040cb4   0x0000004c   Code   RO        12322    i.sqrt              m_ws.l(sqrt.o)
    0x08040d00   0x08040d00   0x00000064   Code   RO        12329    i.trunc             m_ws.l(trunc.o)
    0x08040d64   0x08040d64   0x00000018   Code   RO         1387    i.uartSendChar      console.o
    0x08040d7c   0x08040d7c   0x00000019   Data   RO            6    .constdata          system_stm32l1xx.o
    0x08040d95   0x08040d95   0x00000008   Data   RO            7    .constdata          system_stm32l1xx.o
    0x08040d9d   0x08040d9d   0x00000003   PAD
    0x08040da0   0x08040da0   0x00000004   Data   RO         1941    .constdata          clock.o
    0x08040da4   0x08040da4   0x00000014   Data   RO         2008    .constdata          main.o
    0x08040db8   0x08040db8   0x00000378   Data   RO         2796    .constdata          wesu_config.o
    0x08041130   0x08041130   0x00000010   Data   RO         6970    .constdata          wesu.o
    0x08041140   0x08041140   0x00000040   Data   RO         8699    .constdata          stc3115_driver_00.o
    0x08041180   0x08041180   0x00000033   Data   RO        12256    .constdata          osxMotionAR120_CM3_keil_ot.lib(osx_motion_ar.o)
    0x080411b3   0x080411b3   0x00000001   PAD
    0x080411b4   0x080411b4   0x00000033   Data   RO        12261    .constdata          osxMotionCP100_CM3_Keil_ot.lib(osx_motion_cp.o)
    0x080411e7   0x080411e7   0x00000001   PAD
    0x080411e8   0x080411e8   0x00000280   Data   RO        12266    .constdata          osxMotionFX107_CM3_KEIL.lib(osx_motion_fx.o)
    0x08041468   0x08041468   0x00000050   Data   RO        12279    .constdata          m_ws.l(asin.o)
    0x080414b8   0x080414b8   0x00000098   Data   RO        12289    .constdata          m_ws.l(atan.o)
    0x08041550   0x08041550   0x00000088   Data   RO        12313    .constdata          m_ws.l(pow.o)
    0x080415d8   0x080415d8   0x00000008   Data   RO        12695    .constdata          m_ws.l(qnan.o)
    0x080415e0   0x080415e0   0x00000040   Data   RO        12754    .constdata          mc_w.l(ctype_c.o)
    0x08041620   0x08041620   0x000000ed   Data   RO         2797    .conststring        wesu_config.o
    0x0804170d   0x0804170d   0x00000003   PAD
    0x08041710   0x08041710   0x000000ad   Data   RO         7475    .conststring        wesu_rtc.o
    0x080417bd   0x080417bd   0x00000003   PAD
    0x080417c0   0x080417c0   0x00000030   Data   RO        12756    Region$$Table       anon$$obj.o


    Execution Region RW_IRAM1 (Exec base: 0x20000000, Load base: 0x080417f0, Size: 0x000092e0, Max: 0x00013000, ABSOLUTE, COMPRESSED[0x000008a0])

    Exec Addr    Load Addr    Size         Type   Attr      Idx    E Section Name        Object

    0x20000000   COMPRESSED   0x00000004   Data   RW            8    .data               system_stm32l1xx.o
    0x20000004   COMPRESSED   0x00000014   Data   RW          198    .data               hci.o
    0x20000018   COMPRESSED   0x00000ffc   Data   RW         1389    .data               console.o
    0x20001014   COMPRESSED   0x00000066   Data   RW         2009    .data               main.o
    0x2000107a   COMPRESSED   0x00000001   Data   RW         2011    .data               main.o
    0x2000107b   COMPRESSED   0x00000001   PAD
    0x2000107c   COMPRESSED   0x0000002c   Data   RW         2320    .data               algorithms.o
    0x200010a8   COMPRESSED   0x00000054   Data   RW         2483    .data               bluest_protocol.o
    0x200010fc   COMPRESSED   0x00000008   Data   RW         2685    .data               low_power.o
    0x20001104   COMPRESSED   0x00000034   Data   RW         2800    .data               wesu_config.o
    0x20001138   COMPRESSED   0x00000004   Data   RW         4069    .data               stm32l1xx_hal.o
    0x2000113c   COMPRESSED   0x00000030   Data   RW         6971    .data               wesu.o
    0x2000116c   COMPRESSED   0x00000004   Data   RW         7195    .data               wesu_charger.o
    0x20001170   COMPRESSED   0x0000000c   Data   RW         7287    .data               wesu_gg.o
    0x2000117c   COMPRESSED   0x0000004c   Data   RW         7476    .data               wesu_rtc.o
    0x200011c8   COMPRESSED   0x0000000c   Data   RW         7594    .data               wesu_accelero.o
    0x200011d4   COMPRESSED   0x0000000c   Data   RW         7969    .data               wesu_gyro.o
    0x200011e0   COMPRESSED   0x0000000c   Data   RW         8130    .data               wesu_magneto.o
    0x200011ec   COMPRESSED   0x00000004   Data   RW         8307    .data               wesu_pressure.o
    0x200011f0   COMPRESSED   0x0000000c   Data   RW         8570    .data               wesu_temperature.o
    0x200011fc   COMPRESSED   0x00000050   Data   RW         8857    .data               stc3115.o
    0x2000124c   COMPRESSED   0x00000094   Data   RW        10883    .data               lsm6ds3_acc_gyro_driver_hl.o
    0x200012e0   COMPRESSED   0x00000044   Data   RW        10884    .data               lsm6ds3_acc_gyro_driver_hl.o
    0x20001324   COMPRESSED   0x00000044   Data   RW        10885    .data               lsm6ds3_acc_gyro_driver_hl.o
    0x20001368   COMPRESSED   0x0000003c   Data   RW        11643    .data               lis3mdl_mag_driver_hl.o
    0x200013a4   COMPRESSED   0x00000028   Data   RW        12128    .data               lps25hb_driver_hl.o
    0x200013cc   COMPRESSED   0x00000028   Data   RW        12129    .data               lps25hb_driver_hl.o
    0x200013f4   COMPRESSED   0x00000008   Data   RW        12130    .data               lps25hb_driver_hl.o
    0x200013fc   COMPRESSED   0x00000004   PAD
    0x20001400   COMPRESSED   0x0000012c   Data   RW        12257    .data               osxMotionAR120_CM3_keil_ot.lib(osx_motion_ar.o)
    0x2000152c   COMPRESSED   0x00000004   PAD
    0x20001530   COMPRESSED   0x000002a8   Data   RW        12262    .data               osxMotionCP100_CM3_Keil_ot.lib(osx_motion_cp.o)
    0x200017d8   COMPRESSED   0x0000127c   Data   RW        12267    .data               osxMotionFX107_CM3_KEIL.lib(osx_motion_fx.o)
    0x20002a54   COMPRESSED   0x00000004   Data   RW        12275    .data               osxMotionAR120_CM3_keil_ot.lib(osxLibraryLocker100_CM3_Keil.o)
    0x20002a58   COMPRESSED   0x00000004   Data   RW        12710    .data               mc_w.l(stdout.o)
    0x20002a5c   COMPRESSED   0x00000004   Data   RW        12724    .data               mc_w.l(errno.o)
    0x20002a60        -       0x000002bc   Zero   RW          197    .bss                hci.o
    0x20002d1c        -       0x0000029e   Zero   RW         1388    .bss                console.o
    0x20002fba   COMPRESSED   0x00000002   PAD
    0x20002fbc        -       0x00000044   Zero   RW         1868    .bss                stm32l1xx_hal_msp.o
    0x20003000        -       0x0000007c   Zero   RW         2006    .bss                main.o
    0x2000307c        -       0x00000018   Zero   RW         2007    .bss                main.o
    0x20003094        -       0x00000160   Zero   RW         2317    .bss                algorithms.o
    0x200031f4        -       0x00000128   Zero   RW         2482    .bss                bluest_protocol.o
    0x2000331c        -       0x00000018   Zero   RW         4202    .bss                stm32l1xx_hal_flash.o
    0x20003334        -       0x00000058   Zero   RW         6842    .bss                stm32_bluenrg_ble.o
    0x2000338c        -       0x0000029c   Zero   RW         6969    .bss                wesu.o
    0x20003628        -       0x00000054   Zero   RW         7286    .bss                wesu_gg.o
    0x2000367c        -       0x00000014   Zero   RW         7593    .bss                wesu_accelero.o
    0x20003690        -       0x00000014   Zero   RW         7968    .bss                wesu_gyro.o
    0x200036a4        -       0x00000014   Zero   RW         8129    .bss                wesu_magneto.o
    0x200036b8        -       0x00000024   Zero   RW         8306    .bss                wesu_pressure.o
    0x200036dc        -       0x00000058   Zero   RW         8434    .bss                wesu_sensors.o
    0x20003734        -       0x00000014   Zero   RW         8569    .bss                wesu_temperature.o
    0x20003748        -       0x00000010   Zero   RW         8698    .bss                stc3115_driver_00.o
    0x20003758        -       0x0000005c   Zero   RW         8856    .bss                stc3115.o
    0x200037b4        -       0x00000509   Zero   RW        12255    .bss                osxMotionAR120_CM3_keil_ot.lib(osx_motion_ar.o)
    0x20003cbd   COMPRESSED   0x00000003   PAD
    0x20003cc0        -       0x00002a39   Zero   RW        12260    .bss                osxMotionCP100_CM3_Keil_ot.lib(osx_motion_cp.o)
    0x200066f9   COMPRESSED   0x00000007   PAD
    0x20006700        -       0x00000b34   Zero   RW        12265    .bss                osxMotionFX107_CM3_KEIL.lib(osx_motion_fx.o)
    0x20007234        -       0x000000a8   Zero   RW        12274    .bss                osxMotionAR120_CM3_keil_ot.lib(osxLibraryLocker100_CM3_Keil.o)
    0x200072dc   COMPRESSED   0x00000004   PAD
    0x200072e0        -       0x00002000   Zero   RW         6818    STACK               startup_stm32l151xe.o


    Execution Region RW_IRAM2 (Exec base: 0x20013000, Load base: 0x08042090, Size: 0x00000200, Max: 0x00001000, ABSOLUTE, UNINIT, COMPRESSED[0x00000008])

    Exec Addr    Load Addr    Size         Type   Attr      Idx    E Section Name        Object

    0x20013000   COMPRESSED   0x00000200   Data   RW         6973    RamReg              wesu.o


==============================================================================

Image component sizes


      Code (inc. data)   RO Data    RW Data    ZI Data      Debug   Object Name

      4178       1046          0         44        352      16937   algorithms.o
       608          0          0          0          0       6190   bluenrg_gap_aci.o
       750          0          0          0          0      11989   bluenrg_gatt_aci.o
       172          0          0          0          0      20849   bluenrg_hal_aci.o
        94          0          0          0          0       1088   bluenrg_l2cap_aci.o
      5742       1386          0         84        296      34907   bluest_protocol.o
         4          0          4          0          0       1556   clock.o
     11796       4168          0       4092        670     120705   console.o
        42          0          0          0          0       2895   gp_timer.o
       962         34          0         20        700     131770   hci.o
       662          0          0          0          0      12839   lis3mdl_mag_driver.o
       960        112          0         60          0      12509   lis3mdl_mag_driver_hl.o
        86          0          0          0          0       4421   list.o
       568         66          0          8          0       2976   low_power.o
      1534        564          0          0          0      15744   lps25hb_driver.o
       824         42          0         88          0      19929   lps25hb_driver_hl.o
      3606          0          0          0          0      65826   lsm6ds3_acc_gyro_driver.o
      4528        458          0        284          0      63659   lsm6ds3_acc_gyro_driver_hl.o
      4792        782         20        103        148      17237   main.o
         8          0          0          0          0       1388   osal.o
        36          8        292          0       8192        796   startup_stm32l151xe.o
       224         68          0         80         92      10730   stc3115.o
      1496         46         64          0         16      19654   stc3115_driver_00.o
       668         86          0          0         88       9178   stm32_bluenrg_ble.o
       160         34          0          4          0       5219   stm32l1xx_hal.o
       292         24          0          0          0      32786   stm32l1xx_hal_cortex.o
       170          0          0          0          0       1521   stm32l1xx_hal_dma.o
       180         14          0          0         24       1778   stm32l1xx_hal_flash.o
       272         26          0          0          0       5308   stm32l1xx_hal_flash_ex.o
       756         84          0          0          0       5673   stm32l1xx_hal_gpio.o
      2134         28          0          0          0      15760   stm32l1xx_hal_i2c.o
        92          0          0          0          0       1987   stm32l1xx_hal_iwdg.o
      1022         78          0          0         68       5068   stm32l1xx_hal_msp.o
       104         20          0          0          0       1337   stm32l1xx_hal_pwr.o
        16          6          0          0          0        592   stm32l1xx_hal_pwr_ex.o
      2900        140          0          0          0       9022   stm32l1xx_hal_rcc.o
       372         12          0          0          0       1744   stm32l1xx_hal_rcc_ex.o
       756         20          0          0          0       6864   stm32l1xx_hal_rtc.o
       166          4          0          0          0       3510   stm32l1xx_hal_rtc_ex.o
      1688          0          0          0          0       7059   stm32l1xx_hal_spi.o
       132          0          0          0          0       1295   stm32l1xx_hal_spi_ex.o
      1218         42          0          0          0      12704   stm32l1xx_hal_tim.o
        34          0          0          0          0       1308   stm32l1xx_hal_tim_ex.o
      1766          6          0          0          0      10411   stm32l1xx_hal_uart.o
       176         32          0          0          0       7740   stm32l1xx_it.o
        80         20         33          4          0     467423   system_stm32l1xx.o
      1370        166         16        560        668     108894   wesu.o
      1216         22          0         12         20      74085   wesu_accelero.o
       352         48          0          4          0       5795   wesu_charger.o
     10948       2782       1125         52          0      51770   wesu_config.o
       806        170          0         12         84      15636   wesu_gg.o
       406         26          0         12         20       9455   wesu_gyro.o
       526         22          0         12         20      17891   wesu_magneto.o
       368         16          0          4         36       9444   wesu_pressure.o
       712        234        173         76          0       5777   wesu_rtc.o
       742         52          0          0         88      13512   wesu_sensors.o
       252         18          0         12         20       6355   wesu_temperature.o

    ----------------------------------------------------------------------
     76620      13012       1784       5632      11604    1530495   Object Totals
         0          0         48          0          0          0   (incl. Generated)
        96          0          9          5          2          0   (incl. Padding)

    ----------------------------------------------------------------------

      Code (inc. data)   RO Data    RW Data    ZI Data      Debug   Library Member Name

       624         52         80          0          0        168   asin.o
       544         70        152          0          0        124   atan.o
       384         38          0          0          0        144   atan2.o
        68         10          0          0          0        408   dunder.o
       220         16          0          0          0         84   floor.o
        66          0          0          0          0         84   fmax.o
        40          0          0          0          0         68   fpclassify.o
       170          0          0          0          0         96   poly.o
      2520        190        136          0          0        324   pow.o
         0          0          8          0          0          0   qnan.o
        76          0          0          0          0         84   sqrt.o
       100          4          0          0          0         84   trunc.o
        56          8          0          0          0         84   __0sscanf.o
        86          0          0          0          0          0   __dczerorl2.o
        28          0          0          0          0         68   _chval.o
       812          4          0          0          0        112   _scanf.o
       332          0          0          0          0         96   _scanf_int.o
        64          0          0          0          0         84   _sgetc.o
        40          6         64          0          0         68   ctype_c.o
         0          0          0          0          0          0   entry.o
         0          0          0          0          0          0   entry10a.o
         0          0          0          0          0          0   entry11a.o
         8          4          0          0          0          0   entry2.o
         4          0          0          0          0          0   entry5.o
         0          0          0          0          0          0   entry7b.o
         0          0          0          0          0          0   entry8b.o
         8          4          0          0          0          0   entry9a.o
        12          6          0          4          0         68   errno.o
        30          0          0          0          0          0   handlers.o
        36          8          0          0          0         68   init.o
        10          0          0          0          0         68   isspace_c.o
         0          0          0          0          0          0   iusefp.o
        30          0          0          0          0         68   llshl.o
        36          0          0          0          0         68   llsshr.o
        32          0          0          0          0         68   llushr.o
        26          0          0          0          0         80   memcmp.o
        66          0          0          0          0         76   memmove.o
        36          0          0          0          0        108   memseta.o
      2374        100          0          0          0        752   printfa.o
        40          8          0          0          0         84   scanf_char.o
         0          0          0          4          0          0   stdout.o
        18          0          0          0          0         68   strcpy.o
        14          0          0          0          0         68   strlen.o
        30          0          0          0          0         80   strncmp.o
        24          0          0          0          0         76   strncpy.o
        36          0          0          0          0         80   strstr.o
        44          0          0          0          0         80   uidiv.o
        98          0          0          0          0         92   uldiv.o
        48          0          0          0          0         68   cdcmple.o
        48          0          0          0          0         68   cdrcmple.o
        20          0          0          0          0         68   cfcmple.o
        20          0          0          0          0         68   cfrcmple.o
        56          0          0          0          0         88   d2f.o
       334          0          0          0          0        148   dadd.o
        96          0          0          0          0         80   dcmp4.o
       222          0          0          0          0        100   ddiv.o
       186          0          0          0          0        176   depilogue.o
        62          0          0          0          0         80   dfixi.o
        50          0          0          0          0         76   dfixui.o
        48          0          0          0          0         68   dfixul.o
        34          0          0          0          0         76   dflti.o
        26          0          0          0          0         76   dfltui.o
       228          0          0          0          0         96   dmul.o
       136          4          0          0          0         92   drnd.o
        46          0          0          0          0         80   dscalb.o
       162          0          0          0          0        100   dsqrt.o
        38          0          0          0          0         68   f2d.o
       176          0          0          0          0        140   fadd.o
       124          0          0          0          0         88   fdiv.o
       110          0          0          0          0        168   fepilogue.o
        50          0          0          0          0         68   ffixi.o
        40          0          0          0          0         68   ffixui.o
        18          0          0          0          0         68   fflti.o
        10          0          0          0          0         68   ffltui.o
       100          0          0          0          0         76   fmul.o
        24          0          0          0          0         68   fscalb.o
       740         32          0          4        168        436   osxLibraryLocker100_CM3_Keil.o
      5904        854         51        300       1289        484   osx_motion_ar.o
      3316        212         51        680      10809        512   osx_motion_cp.o
     35884        844        640       4732       2868       2872   osx_motion_fx.o

    ----------------------------------------------------------------------
     57612       2474       1184       5728      15148      11024   Library Totals
        14          0          2          4         14          0   (incl. Padding)

    ----------------------------------------------------------------------

      Code (inc. data)   RO Data    RW Data    ZI Data      Debug   Library Name

      4812        380        376          0          0       1668   m_ws.l
      4430        148         64          8          0       2564   mc_w.l
      2512          4          0          0          0       2488   mf_w.l
      6644        886         51        304       1457        920   osxMotionAR120_CM3_keil_ot.lib
      3316        212         51        680      10809        512   osxMotionCP100_CM3_Keil_ot.lib
     35884        844        640       4732       2868       2872   osxMotionFX107_CM3_KEIL.lib

    ----------------------------------------------------------------------
     57612       2474       1184       5728      15148      11024   Library Totals

    ----------------------------------------------------------------------

==============================================================================


      Code (inc. data)   RO Data    RW Data    ZI Data      Debug   

    134232      15486       2968      11360      26752    1495055   Grand Totals
    134232      15486       2968       2216      26752    1495055   ELF Image Totals (compressed)
    134232      15486       2968       2216          0          0   ROM Totals

==============================================================================

    Total RO  Size (Code + RO Data)               137200 ( 133.98kB)
    Total RW  Size (RW Data + ZI Data)             38112 (  37.22kB)
    Total ROM Size (Code + RO Data + RW Data)     139416 ( 136.15kB)

==============================================================================

