<!doctype html public "-//w3c//dtd html 4.0 transitional//en">
<html><head>
<title>Static Call Graph - [.\WESU_DEMO\WESU_DEMO.axf]</title></head>
<body><HR>
<H1>Static Call Graph for image .\WESU_DEMO\WESU_DEMO.axf</H1><HR>
<BR><P>#&#060CALLGRAPH&#062# ARM Linker, 5060750: Last Updated: Wed Oct 24 22:44:12 2018
<BR><P>
<H3>Maximum Stack Usage =       2780 bytes + Unknown(Cycles, Untraceable Function Pointers)</H3><H3>
Call chain for Maximum Stack Depth:</H3>
iNemoEngine_API_Update &rArr; iNemoEngine_9p6_Update &rArr; SpacePointAlgorithm &rArr; m_kalman_3gyro &rArr; m_mldivide &rArr; __aeabi_frsub &rArr; __aeabi_fadd &rArr; _float_epilogue
<P>
<H3>
Mutually Recursive functions
</H3> <LI><a href="#[c8]">ADC1_IRQHandler</a>&nbsp;&nbsp;&nbsp;&rArr;&nbsp;&nbsp;&nbsp;<a href="#[c8]">ADC1_IRQHandler</a><BR>
 <LI><a href="#[b0]">BusFault_Handler</a>&nbsp;&nbsp;&nbsp;&rArr;&nbsp;&nbsp;&nbsp;<a href="#[b0]">BusFault_Handler</a><BR>
 <LI><a href="#[40a]">Term_Update</a>&nbsp;&nbsp;&nbsp;&rArr;&nbsp;&nbsp;&nbsp;<a href="#[1d5]">PRINTF</a><BR>
 <LI><a href="#[1d7]">Stderr_Update</a>&nbsp;&nbsp;&nbsp;&rArr;&nbsp;&nbsp;&nbsp;<a href="#[1d5]">PRINTF</a><BR>
 <LI><a href="#[af]">MemManage_Handler</a>&nbsp;&nbsp;&nbsp;&rArr;&nbsp;&nbsp;&nbsp;<a href="#[af]">MemManage_Handler</a><BR>
 <LI><a href="#[b1]">UsageFault_Handler</a>&nbsp;&nbsp;&nbsp;&rArr;&nbsp;&nbsp;&nbsp;<a href="#[b1]">UsageFault_Handler</a><BR>
 <LI><a href="#[271]">Error_Handler</a>&nbsp;&nbsp;&nbsp;&rArr;&nbsp;&nbsp;&nbsp;<a href="#[271]">Error_Handler</a><BR>
</UL>
<P>
<H3>
Function Pointers
</H3><UL>
 <LI><a href="#[c8]">ADC1_IRQHandler</a> from startup_stm32l151xe.o(.text) referenced from startup_stm32l151xe.o(RESET)
 <LI><a href="#[10c]">AccEventConfChanged</a> from wesu_config.o(i.AccEventConfChanged) referenced 2 times from wesu_config.o(.constdata)
 <LI><a href="#[106]">AccFsChanged</a> from wesu_config.o(i.AccFsChanged) referenced from wesu_config.o(.constdata)
 <LI><a href="#[107]">AccOdrChanged</a> from wesu_config.o(i.AccOdrChanged) referenced from wesu_config.o(.constdata)
 <LI><a href="#[103]">BleConIntvChanged</a> from wesu_config.o(i.BleConIntvChanged) referenced 2 times from wesu_config.o(.constdata)
 <LI><a href="#[b0]">BusFault_Handler</a> from stm32l1xx_it.o(i.BusFault_Handler) referenced from startup_stm32l151xe.o(RESET)
 <LI><a href="#[eb]">COMP_ACQ_IRQHandler</a> from startup_stm32l151xe.o(.text) referenced from startup_stm32l151xe.o(RESET)
 <LI><a href="#[cc]">COMP_IRQHandler</a> from startup_stm32l151xe.o(.text) referenced from startup_stm32l151xe.o(RESET)
 <LI><a href="#[fb]">CopyToSession</a> from wesu_config.o(i.CopyToSession) referenced 2 times from wesu_config.o(.constdata)
 <LI><a href="#[cb]">DAC_IRQHandler</a> from startup_stm32l151xe.o(.text) referenced from startup_stm32l151xe.o(RESET)
 <LI><a href="#[c1]">DMA1_Channel1_IRQHandler</a> from startup_stm32l151xe.o(.text) referenced from startup_stm32l151xe.o(RESET)
 <LI><a href="#[c2]">DMA1_Channel2_IRQHandler</a> from stm32l1xx_it.o(i.DMA1_Channel2_IRQHandler) referenced from startup_stm32l151xe.o(RESET)
 <LI><a href="#[c3]">DMA1_Channel3_IRQHandler</a> from startup_stm32l151xe.o(.text) referenced from startup_stm32l151xe.o(RESET)
 <LI><a href="#[c4]">DMA1_Channel4_IRQHandler</a> from startup_stm32l151xe.o(.text) referenced from startup_stm32l151xe.o(RESET)
 <LI><a href="#[c5]">DMA1_Channel5_IRQHandler</a> from startup_stm32l151xe.o(.text) referenced from startup_stm32l151xe.o(RESET)
 <LI><a href="#[c6]">DMA1_Channel6_IRQHandler</a> from startup_stm32l151xe.o(.text) referenced from startup_stm32l151xe.o(RESET)
 <LI><a href="#[c7]">DMA1_Channel7_IRQHandler</a> from startup_stm32l151xe.o(.text) referenced from startup_stm32l151xe.o(RESET)
 <LI><a href="#[e6]">DMA2_Channel1_IRQHandler</a> from startup_stm32l151xe.o(.text) referenced from startup_stm32l151xe.o(RESET)
 <LI><a href="#[e7]">DMA2_Channel2_IRQHandler</a> from startup_stm32l151xe.o(.text) referenced from startup_stm32l151xe.o(RESET)
 <LI><a href="#[e8]">DMA2_Channel3_IRQHandler</a> from startup_stm32l151xe.o(.text) referenced from startup_stm32l151xe.o(RESET)
 <LI><a href="#[e9]">DMA2_Channel4_IRQHandler</a> from startup_stm32l151xe.o(.text) referenced from startup_stm32l151xe.o(RESET)
 <LI><a href="#[ea]">DMA2_Channel5_IRQHandler</a> from startup_stm32l151xe.o(.text) referenced from startup_stm32l151xe.o(RESET)
 <LI><a href="#[b3]">DebugMon_Handler</a> from stm32l1xx_it.o(i.DebugMon_Handler) referenced from startup_stm32l151xe.o(RESET)
 <LI><a href="#[10f]">DummyRegChange</a> from wesu_config.o(i.DummyRegChange) referenced from wesu_config.o(.constdata)
 <LI><a href="#[bc]">EXTI0_IRQHandler</a> from stm32l1xx_it.o(i.EXTI0_IRQHandler) referenced from startup_stm32l151xe.o(RESET)
 <LI><a href="#[dd]">EXTI15_10_IRQHandler</a> from stm32l1xx_it.o(i.EXTI15_10_IRQHandler) referenced from startup_stm32l151xe.o(RESET)
 <LI><a href="#[bd]">EXTI1_IRQHandler</a> from startup_stm32l151xe.o(.text) referenced from startup_stm32l151xe.o(RESET)
 <LI><a href="#[be]">EXTI2_IRQHandler</a> from stm32l1xx_it.o(i.EXTI2_IRQHandler) referenced from startup_stm32l151xe.o(RESET)
 <LI><a href="#[bf]">EXTI3_IRQHandler</a> from startup_stm32l151xe.o(.text) referenced from startup_stm32l151xe.o(RESET)
 <LI><a href="#[c0]">EXTI4_IRQHandler</a> from startup_stm32l151xe.o(.text) referenced from startup_stm32l151xe.o(RESET)
 <LI><a href="#[cd]">EXTI9_5_IRQHandler</a> from stm32l1xx_it.o(i.EXTI9_5_IRQHandler) referenced from startup_stm32l151xe.o(RESET)
 <LI><a href="#[ba]">FLASH_IRQHandler</a> from startup_stm32l151xe.o(.text) referenced from startup_stm32l151xe.o(RESET)
 <LI><a href="#[105]">FXMagCalibChanged</a> from wesu_config.o(i.FXMagCalibChanged) referenced 2 times from wesu_config.o(.constdata)
 <LI><a href="#[102]">FwConfigChanged</a> from wesu_config.o(i.FwConfigChanged) referenced 2 times from wesu_config.o(.constdata)
 <LI><a href="#[108]">GyroFsChanged</a> from wesu_config.o(i.GyroFsChanged) referenced from wesu_config.o(.constdata)
 <LI><a href="#[109]">GyroOdrChanged</a> from wesu_config.o(i.GyroOdrChanged) referenced from wesu_config.o(.constdata)
 <LI><a href="#[ae]">HardFault_Handler</a> from stm32l1xx_it.o(i.HardFault_Handler) referenced from startup_stm32l151xe.o(RESET)
 <LI><a href="#[101]">HwConfigChanged</a> from wesu_config.o(i.HwConfigChanged) referenced 2 times from wesu_config.o(.constdata)
 <LI><a href="#[d5]">I2C1_ER_IRQHandler</a> from startup_stm32l151xe.o(.text) referenced from startup_stm32l151xe.o(RESET)
 <LI><a href="#[d4]">I2C1_EV_IRQHandler</a> from startup_stm32l151xe.o(.text) referenced from startup_stm32l151xe.o(RESET)
 <LI><a href="#[d7]">I2C2_ER_IRQHandler</a> from startup_stm32l151xe.o(.text) referenced from startup_stm32l151xe.o(RESET)
 <LI><a href="#[d6]">I2C2_EV_IRQHandler</a> from startup_stm32l151xe.o(.text) referenced from startup_stm32l151xe.o(RESET)
 <LI><a href="#[8e]">LIS3MDL_Check_WhoAmI</a> from lis3mdl_mag_driver_hl.o(i.LIS3MDL_Check_WhoAmI) referenced 2 times from lis3mdl_mag_driver_hl.o(.data)
 <LI><a href="#[8a]">LIS3MDL_DeInit</a> from lis3mdl_mag_driver_hl.o(i.LIS3MDL_DeInit) referenced 2 times from lis3mdl_mag_driver_hl.o(.data)
 <LI><a href="#[8f]">LIS3MDL_Get_Axes</a> from lis3mdl_mag_driver_hl.o(i.LIS3MDL_Get_Axes) referenced 2 times from lis3mdl_mag_driver_hl.o(.data)
 <LI><a href="#[90]">LIS3MDL_Get_AxesRaw</a> from lis3mdl_mag_driver_hl.o(i.LIS3MDL_Get_AxesRaw) referenced 2 times from lis3mdl_mag_driver_hl.o(.data)
 <LI><a href="#[95]">LIS3MDL_Get_FS</a> from lis3mdl_mag_driver_hl.o(i.LIS3MDL_Get_FS) referenced 2 times from lis3mdl_mag_driver_hl.o(.data)
 <LI><a href="#[92]">LIS3MDL_Get_ODR</a> from lis3mdl_mag_driver_hl.o(i.LIS3MDL_Get_ODR) referenced 2 times from lis3mdl_mag_driver_hl.o(.data)
 <LI><a href="#[91]">LIS3MDL_Get_Sensitivity</a> from lis3mdl_mag_driver_hl.o(i.LIS3MDL_Get_Sensitivity) referenced 2 times from lis3mdl_mag_driver_hl.o(.data)
 <LI><a href="#[8d]">LIS3MDL_Get_WhoAmI</a> from lis3mdl_mag_driver_hl.o(i.LIS3MDL_Get_WhoAmI) referenced 2 times from lis3mdl_mag_driver_hl.o(.data)
 <LI><a href="#[89]">LIS3MDL_Init</a> from lis3mdl_mag_driver_hl.o(i.LIS3MDL_Init) referenced 2 times from lis3mdl_mag_driver_hl.o(.data)
 <LI><a href="#[8c]">LIS3MDL_Sensor_Disable</a> from lis3mdl_mag_driver_hl.o(i.LIS3MDL_Sensor_Disable) referenced 2 times from lis3mdl_mag_driver_hl.o(.data)
 <LI><a href="#[8b]">LIS3MDL_Sensor_Enable</a> from lis3mdl_mag_driver_hl.o(i.LIS3MDL_Sensor_Enable) referenced 2 times from lis3mdl_mag_driver_hl.o(.data)
 <LI><a href="#[96]">LIS3MDL_Set_FS</a> from lis3mdl_mag_driver_hl.o(i.LIS3MDL_Set_FS) referenced 2 times from lis3mdl_mag_driver_hl.o(.data)
 <LI><a href="#[97]">LIS3MDL_Set_FS_Value</a> from lis3mdl_mag_driver_hl.o(i.LIS3MDL_Set_FS_Value) referenced 2 times from lis3mdl_mag_driver_hl.o(.data)
 <LI><a href="#[93]">LIS3MDL_Set_ODR</a> from lis3mdl_mag_driver_hl.o(i.LIS3MDL_Set_ODR) referenced 2 times from lis3mdl_mag_driver_hl.o(.data)
 <LI><a href="#[94]">LIS3MDL_Set_ODR_Value</a> from lis3mdl_mag_driver_hl.o(i.LIS3MDL_Set_ODR_Value) referenced 2 times from lis3mdl_mag_driver_hl.o(.data)
 <LI><a href="#[9d]">LPS25HB_P_Check_WhoAmI</a> from lps25hb_driver_hl.o(i.LPS25HB_P_Check_WhoAmI) referenced 2 times from lps25hb_driver_hl.o(.data)
 <LI><a href="#[99]">LPS25HB_P_DeInit</a> from lps25hb_driver_hl.o(i.LPS25HB_P_DeInit) referenced 2 times from lps25hb_driver_hl.o(.data)
 <LI><a href="#[9f]">LPS25HB_P_Get_ODR</a> from lps25hb_driver_hl.o(i.LPS25HB_P_Get_ODR) referenced 2 times from lps25hb_driver_hl.o(.data)
 <LI><a href="#[9e]">LPS25HB_P_Get_Press</a> from lps25hb_driver_hl.o(i.LPS25HB_P_Get_Press) referenced 2 times from lps25hb_driver_hl.o(.data)
 <LI><a href="#[9c]">LPS25HB_P_Get_WhoAmI</a> from lps25hb_driver_hl.o(i.LPS25HB_P_Get_WhoAmI) referenced 2 times from lps25hb_driver_hl.o(.data)
 <LI><a href="#[98]">LPS25HB_P_Init</a> from lps25hb_driver_hl.o(i.LPS25HB_P_Init) referenced 2 times from lps25hb_driver_hl.o(.data)
 <LI><a href="#[9b]">LPS25HB_P_Sensor_Disable</a> from lps25hb_driver_hl.o(i.LPS25HB_P_Sensor_Disable) referenced 2 times from lps25hb_driver_hl.o(.data)
 <LI><a href="#[9a]">LPS25HB_P_Sensor_Enable</a> from lps25hb_driver_hl.o(i.LPS25HB_P_Sensor_Enable) referenced 2 times from lps25hb_driver_hl.o(.data)
 <LI><a href="#[a0]">LPS25HB_P_Set_ODR</a> from lps25hb_driver_hl.o(i.LPS25HB_P_Set_ODR) referenced 2 times from lps25hb_driver_hl.o(.data)
 <LI><a href="#[a1]">LPS25HB_P_Set_ODR_Value</a> from lps25hb_driver_hl.o(i.LPS25HB_P_Set_ODR_Value) referenced 2 times from lps25hb_driver_hl.o(.data)
 <LI><a href="#[a7]">LPS25HB_T_Check_WhoAmI</a> from lps25hb_driver_hl.o(i.LPS25HB_T_Check_WhoAmI) referenced 2 times from lps25hb_driver_hl.o(.data)
 <LI><a href="#[a3]">LPS25HB_T_DeInit</a> from lps25hb_driver_hl.o(i.LPS25HB_T_DeInit) referenced 2 times from lps25hb_driver_hl.o(.data)
 <LI><a href="#[a9]">LPS25HB_T_Get_ODR</a> from lps25hb_driver_hl.o(i.LPS25HB_T_Get_ODR) referenced 2 times from lps25hb_driver_hl.o(.data)
 <LI><a href="#[a8]">LPS25HB_T_Get_Temp</a> from lps25hb_driver_hl.o(i.LPS25HB_T_Get_Temp) referenced 2 times from lps25hb_driver_hl.o(.data)
 <LI><a href="#[a6]">LPS25HB_T_Get_WhoAmI</a> from lps25hb_driver_hl.o(i.LPS25HB_T_Get_WhoAmI) referenced 2 times from lps25hb_driver_hl.o(.data)
 <LI><a href="#[a2]">LPS25HB_T_Init</a> from lps25hb_driver_hl.o(i.LPS25HB_T_Init) referenced 2 times from lps25hb_driver_hl.o(.data)
 <LI><a href="#[a5]">LPS25HB_T_Sensor_Disable</a> from lps25hb_driver_hl.o(i.LPS25HB_T_Sensor_Disable) referenced 2 times from lps25hb_driver_hl.o(.data)
 <LI><a href="#[a4]">LPS25HB_T_Sensor_Enable</a> from lps25hb_driver_hl.o(i.LPS25HB_T_Sensor_Enable) referenced 2 times from lps25hb_driver_hl.o(.data)
 <LI><a href="#[aa]">LPS25HB_T_Set_ODR</a> from lps25hb_driver_hl.o(i.LPS25HB_T_Set_ODR) referenced 2 times from lps25hb_driver_hl.o(.data)
 <LI><a href="#[ab]">LPS25HB_T_Set_ODR_Value</a> from lps25hb_driver_hl.o(i.LPS25HB_T_Set_ODR_Value) referenced 2 times from lps25hb_driver_hl.o(.data)
 <LI><a href="#[7d]">LSM6DS3_G_Check_WhoAmI</a> from lsm6ds3_acc_gyro_driver_hl.o(i.LSM6DS3_G_Check_WhoAmI) referenced 2 times from lsm6ds3_acc_gyro_driver_hl.o(.data)
 <LI><a href="#[79]">LSM6DS3_G_DeInit</a> from lsm6ds3_acc_gyro_driver_hl.o(i.LSM6DS3_G_DeInit) referenced 2 times from lsm6ds3_acc_gyro_driver_hl.o(.data)
 <LI><a href="#[7e]">LSM6DS3_G_Get_Axes</a> from lsm6ds3_acc_gyro_driver_hl.o(i.LSM6DS3_G_Get_Axes) referenced 2 times from lsm6ds3_acc_gyro_driver_hl.o(.data)
 <LI><a href="#[7f]">LSM6DS3_G_Get_AxesRaw</a> from lsm6ds3_acc_gyro_driver_hl.o(i.LSM6DS3_G_Get_AxesRaw) referenced 2 times from lsm6ds3_acc_gyro_driver_hl.o(.data)
 <LI><a href="#[87]">LSM6DS3_G_Get_Axes_Status</a> from lsm6ds3_acc_gyro_driver_hl.o(i.LSM6DS3_G_Get_Axes_Status) referenced 2 times from lsm6ds3_acc_gyro_driver_hl.o(.data)
 <LI><a href="#[84]">LSM6DS3_G_Get_FS</a> from lsm6ds3_acc_gyro_driver_hl.o(i.LSM6DS3_G_Get_FS) referenced 2 times from lsm6ds3_acc_gyro_driver_hl.o(.data)
 <LI><a href="#[81]">LSM6DS3_G_Get_ODR</a> from lsm6ds3_acc_gyro_driver_hl.o(i.LSM6DS3_G_Get_ODR) referenced 2 times from lsm6ds3_acc_gyro_driver_hl.o(.data)
 <LI><a href="#[80]">LSM6DS3_G_Get_Sensitivity</a> from lsm6ds3_acc_gyro_driver_hl.o(i.LSM6DS3_G_Get_Sensitivity) referenced 2 times from lsm6ds3_acc_gyro_driver_hl.o(.data)
 <LI><a href="#[7c]">LSM6DS3_G_Get_WhoAmI</a> from lsm6ds3_acc_gyro_driver_hl.o(i.LSM6DS3_G_Get_WhoAmI) referenced 2 times from lsm6ds3_acc_gyro_driver_hl.o(.data)
 <LI><a href="#[78]">LSM6DS3_G_Init</a> from lsm6ds3_acc_gyro_driver_hl.o(i.LSM6DS3_G_Init) referenced 2 times from lsm6ds3_acc_gyro_driver_hl.o(.data)
 <LI><a href="#[7b]">LSM6DS3_G_Sensor_Disable</a> from lsm6ds3_acc_gyro_driver_hl.o(i.LSM6DS3_G_Sensor_Disable) referenced 2 times from lsm6ds3_acc_gyro_driver_hl.o(.data)
 <LI><a href="#[7a]">LSM6DS3_G_Sensor_Enable</a> from lsm6ds3_acc_gyro_driver_hl.o(i.LSM6DS3_G_Sensor_Enable) referenced 2 times from lsm6ds3_acc_gyro_driver_hl.o(.data)
 <LI><a href="#[88]">LSM6DS3_G_Set_Axes_Status</a> from lsm6ds3_acc_gyro_driver_hl.o(i.LSM6DS3_G_Set_Axes_Status) referenced 2 times from lsm6ds3_acc_gyro_driver_hl.o(.data)
 <LI><a href="#[85]">LSM6DS3_G_Set_FS</a> from lsm6ds3_acc_gyro_driver_hl.o(i.LSM6DS3_G_Set_FS) referenced 2 times from lsm6ds3_acc_gyro_driver_hl.o(.data)
 <LI><a href="#[86]">LSM6DS3_G_Set_FS_Value</a> from lsm6ds3_acc_gyro_driver_hl.o(i.LSM6DS3_G_Set_FS_Value) referenced 2 times from lsm6ds3_acc_gyro_driver_hl.o(.data)
 <LI><a href="#[82]">LSM6DS3_G_Set_ODR</a> from lsm6ds3_acc_gyro_driver_hl.o(i.LSM6DS3_G_Set_ODR) referenced 2 times from lsm6ds3_acc_gyro_driver_hl.o(.data)
 <LI><a href="#[83]">LSM6DS3_G_Set_ODR_Value</a> from lsm6ds3_acc_gyro_driver_hl.o(i.LSM6DS3_G_Set_ODR_Value) referenced 2 times from lsm6ds3_acc_gyro_driver_hl.o(.data)
 <LI><a href="#[6c]">LSM6DS3_X_Check_WhoAmI</a> from lsm6ds3_acc_gyro_driver_hl.o(i.LSM6DS3_X_Check_WhoAmI) referenced 2 times from lsm6ds3_acc_gyro_driver_hl.o(.data)
 <LI><a href="#[68]">LSM6DS3_X_DeInit</a> from lsm6ds3_acc_gyro_driver_hl.o(i.LSM6DS3_X_DeInit) referenced 2 times from lsm6ds3_acc_gyro_driver_hl.o(.data)
 <LI><a href="#[5f]">LSM6DS3_X_Disable_6D_Orientation</a> from lsm6ds3_acc_gyro_driver_hl.o(i.LSM6DS3_X_Disable_6D_Orientation) referenced 2 times from lsm6ds3_acc_gyro_driver_hl.o(.data)
 <LI><a href="#[58]">LSM6DS3_X_Disable_Double_Tap_Detection</a> from lsm6ds3_acc_gyro_driver_hl.o(i.LSM6DS3_X_Disable_Double_Tap_Detection) referenced 2 times from lsm6ds3_acc_gyro_driver_hl.o(.data)
 <LI><a href="#[43]">LSM6DS3_X_Disable_Free_Fall_Detection</a> from lsm6ds3_acc_gyro_driver_hl.o(i.LSM6DS3_X_Disable_Free_Fall_Detection) referenced 2 times from lsm6ds3_acc_gyro_driver_hl.o(.data)
 <LI><a href="#[47]">LSM6DS3_X_Disable_Pedometer</a> from lsm6ds3_acc_gyro_driver_hl.o(i.LSM6DS3_X_Disable_Pedometer) referenced 2 times from lsm6ds3_acc_gyro_driver_hl.o(.data)
 <LI><a href="#[55]">LSM6DS3_X_Disable_Single_Tap_Detection</a> from lsm6ds3_acc_gyro_driver_hl.o(i.LSM6DS3_X_Disable_Single_Tap_Detection) referenced 2 times from lsm6ds3_acc_gyro_driver_hl.o(.data)
 <LI><a href="#[4b]">LSM6DS3_X_Disable_Step_Counter_Reset</a> from lsm6ds3_acc_gyro_driver_hl.o(i.LSM6DS3_X_Disable_Step_Counter_Reset) referenced 2 times from lsm6ds3_acc_gyro_driver_hl.o(.data)
 <LI><a href="#[4e]">LSM6DS3_X_Disable_Tilt_Detection</a> from lsm6ds3_acc_gyro_driver_hl.o(i.LSM6DS3_X_Disable_Tilt_Detection) referenced 2 times from lsm6ds3_acc_gyro_driver_hl.o(.data)
 <LI><a href="#[51]">LSM6DS3_X_Disable_Wake_Up_Detection</a> from lsm6ds3_acc_gyro_driver_hl.o(i.LSM6DS3_X_Disable_Wake_Up_Detection) referenced 2 times from lsm6ds3_acc_gyro_driver_hl.o(.data)
 <LI><a href="#[5e]">LSM6DS3_X_Enable_6D_Orientation</a> from lsm6ds3_acc_gyro_driver_hl.o(i.LSM6DS3_X_Enable_6D_Orientation) referenced 2 times from lsm6ds3_acc_gyro_driver_hl.o(.data)
 <LI><a href="#[57]">LSM6DS3_X_Enable_Double_Tap_Detection</a> from lsm6ds3_acc_gyro_driver_hl.o(i.LSM6DS3_X_Enable_Double_Tap_Detection) referenced 2 times from lsm6ds3_acc_gyro_driver_hl.o(.data)
 <LI><a href="#[42]">LSM6DS3_X_Enable_Free_Fall_Detection</a> from lsm6ds3_acc_gyro_driver_hl.o(i.LSM6DS3_X_Enable_Free_Fall_Detection) referenced 2 times from lsm6ds3_acc_gyro_driver_hl.o(.data)
 <LI><a href="#[46]">LSM6DS3_X_Enable_Pedometer</a> from lsm6ds3_acc_gyro_driver_hl.o(i.LSM6DS3_X_Enable_Pedometer) referenced 2 times from lsm6ds3_acc_gyro_driver_hl.o(.data)
 <LI><a href="#[54]">LSM6DS3_X_Enable_Single_Tap_Detection</a> from lsm6ds3_acc_gyro_driver_hl.o(i.LSM6DS3_X_Enable_Single_Tap_Detection) referenced 2 times from lsm6ds3_acc_gyro_driver_hl.o(.data)
 <LI><a href="#[4a]">LSM6DS3_X_Enable_Step_Counter_Reset</a> from lsm6ds3_acc_gyro_driver_hl.o(i.LSM6DS3_X_Enable_Step_Counter_Reset) referenced 2 times from lsm6ds3_acc_gyro_driver_hl.o(.data)
 <LI><a href="#[4d]">LSM6DS3_X_Enable_Tilt_Detection</a> from lsm6ds3_acc_gyro_driver_hl.o(i.LSM6DS3_X_Enable_Tilt_Detection) referenced 2 times from lsm6ds3_acc_gyro_driver_hl.o(.data)
 <LI><a href="#[50]">LSM6DS3_X_Enable_Wake_Up_Detection</a> from lsm6ds3_acc_gyro_driver_hl.o(i.LSM6DS3_X_Enable_Wake_Up_Detection) referenced 2 times from lsm6ds3_acc_gyro_driver_hl.o(.data)
 <LI><a href="#[60]">LSM6DS3_X_Get_6D_Orientation_Status</a> from lsm6ds3_acc_gyro_driver_hl.o(i.LSM6DS3_X_Get_6D_Orientation_Status) referenced 2 times from lsm6ds3_acc_gyro_driver_hl.o(.data)
 <LI><a href="#[62]">LSM6DS3_X_Get_6D_Orientation_XH</a> from lsm6ds3_acc_gyro_driver_hl.o(i.LSM6DS3_X_Get_6D_Orientation_XH) referenced 2 times from lsm6ds3_acc_gyro_driver_hl.o(.data)
 <LI><a href="#[61]">LSM6DS3_X_Get_6D_Orientation_XL</a> from lsm6ds3_acc_gyro_driver_hl.o(i.LSM6DS3_X_Get_6D_Orientation_XL) referenced 2 times from lsm6ds3_acc_gyro_driver_hl.o(.data)
 <LI><a href="#[64]">LSM6DS3_X_Get_6D_Orientation_YH</a> from lsm6ds3_acc_gyro_driver_hl.o(i.LSM6DS3_X_Get_6D_Orientation_YH) referenced 2 times from lsm6ds3_acc_gyro_driver_hl.o(.data)
 <LI><a href="#[63]">LSM6DS3_X_Get_6D_Orientation_YL</a> from lsm6ds3_acc_gyro_driver_hl.o(i.LSM6DS3_X_Get_6D_Orientation_YL) referenced 2 times from lsm6ds3_acc_gyro_driver_hl.o(.data)
 <LI><a href="#[66]">LSM6DS3_X_Get_6D_Orientation_ZH</a> from lsm6ds3_acc_gyro_driver_hl.o(i.LSM6DS3_X_Get_6D_Orientation_ZH) referenced 2 times from lsm6ds3_acc_gyro_driver_hl.o(.data)
 <LI><a href="#[65]">LSM6DS3_X_Get_6D_Orientation_ZL</a> from lsm6ds3_acc_gyro_driver_hl.o(i.LSM6DS3_X_Get_6D_Orientation_ZL) referenced 2 times from lsm6ds3_acc_gyro_driver_hl.o(.data)
 <LI><a href="#[6d]">LSM6DS3_X_Get_Axes</a> from lsm6ds3_acc_gyro_driver_hl.o(i.LSM6DS3_X_Get_Axes) referenced 2 times from lsm6ds3_acc_gyro_driver_hl.o(.data)
 <LI><a href="#[6e]">LSM6DS3_X_Get_AxesRaw</a> from lsm6ds3_acc_gyro_driver_hl.o(i.LSM6DS3_X_Get_AxesRaw) referenced 2 times from lsm6ds3_acc_gyro_driver_hl.o(.data)
 <LI><a href="#[76]">LSM6DS3_X_Get_Axes_Status</a> from lsm6ds3_acc_gyro_driver_hl.o(i.LSM6DS3_X_Get_Axes_Status) referenced 2 times from lsm6ds3_acc_gyro_driver_hl.o(.data)
 <LI><a href="#[59]">LSM6DS3_X_Get_Double_Tap_Detection_Status</a> from lsm6ds3_acc_gyro_driver_hl.o(i.LSM6DS3_X_Get_Double_Tap_Detection_Status) referenced 2 times from lsm6ds3_acc_gyro_driver_hl.o(.data)
 <LI><a href="#[73]">LSM6DS3_X_Get_FS</a> from lsm6ds3_acc_gyro_driver_hl.o(i.LSM6DS3_X_Get_FS) referenced 2 times from lsm6ds3_acc_gyro_driver_hl.o(.data)
 <LI><a href="#[44]">LSM6DS3_X_Get_Free_Fall_Detection_Status</a> from lsm6ds3_acc_gyro_driver_hl.o(i.LSM6DS3_X_Get_Free_Fall_Detection_Status) referenced 2 times from lsm6ds3_acc_gyro_driver_hl.o(.data)
 <LI><a href="#[70]">LSM6DS3_X_Get_ODR</a> from lsm6ds3_acc_gyro_driver_hl.o(i.LSM6DS3_X_Get_ODR) referenced 2 times from lsm6ds3_acc_gyro_driver_hl.o(.data)
 <LI><a href="#[48]">LSM6DS3_X_Get_Pedometer_Status</a> from lsm6ds3_acc_gyro_driver_hl.o(i.LSM6DS3_X_Get_Pedometer_Status) referenced 2 times from lsm6ds3_acc_gyro_driver_hl.o(.data)
 <LI><a href="#[6f]">LSM6DS3_X_Get_Sensitivity</a> from lsm6ds3_acc_gyro_driver_hl.o(i.LSM6DS3_X_Get_Sensitivity) referenced 2 times from lsm6ds3_acc_gyro_driver_hl.o(.data)
 <LI><a href="#[56]">LSM6DS3_X_Get_Single_Tap_Detection_Status</a> from lsm6ds3_acc_gyro_driver_hl.o(i.LSM6DS3_X_Get_Single_Tap_Detection_Status) referenced 2 times from lsm6ds3_acc_gyro_driver_hl.o(.data)
 <LI><a href="#[49]">LSM6DS3_X_Get_Step_Count</a> from lsm6ds3_acc_gyro_driver_hl.o(i.LSM6DS3_X_Get_Step_Count) referenced 2 times from lsm6ds3_acc_gyro_driver_hl.o(.data)
 <LI><a href="#[4f]">LSM6DS3_X_Get_Tilt_Detection_Status</a> from lsm6ds3_acc_gyro_driver_hl.o(i.LSM6DS3_X_Get_Tilt_Detection_Status) referenced 2 times from lsm6ds3_acc_gyro_driver_hl.o(.data)
 <LI><a href="#[52]">LSM6DS3_X_Get_Wake_Up_Detection_Status</a> from lsm6ds3_acc_gyro_driver_hl.o(i.LSM6DS3_X_Get_Wake_Up_Detection_Status) referenced 2 times from lsm6ds3_acc_gyro_driver_hl.o(.data)
 <LI><a href="#[6b]">LSM6DS3_X_Get_WhoAmI</a> from lsm6ds3_acc_gyro_driver_hl.o(i.LSM6DS3_X_Get_WhoAmI) referenced 2 times from lsm6ds3_acc_gyro_driver_hl.o(.data)
 <LI><a href="#[67]">LSM6DS3_X_Init</a> from lsm6ds3_acc_gyro_driver_hl.o(i.LSM6DS3_X_Init) referenced 2 times from lsm6ds3_acc_gyro_driver_hl.o(.data)
 <LI><a href="#[6a]">LSM6DS3_X_Sensor_Disable</a> from lsm6ds3_acc_gyro_driver_hl.o(i.LSM6DS3_X_Sensor_Disable) referenced 2 times from lsm6ds3_acc_gyro_driver_hl.o(.data)
 <LI><a href="#[69]">LSM6DS3_X_Sensor_Enable</a> from lsm6ds3_acc_gyro_driver_hl.o(i.LSM6DS3_X_Sensor_Enable) referenced 2 times from lsm6ds3_acc_gyro_driver_hl.o(.data)
 <LI><a href="#[77]">LSM6DS3_X_Set_Axes_Status</a> from lsm6ds3_acc_gyro_driver_hl.o(i.LSM6DS3_X_Set_Axes_Status) referenced 2 times from lsm6ds3_acc_gyro_driver_hl.o(.data)
 <LI><a href="#[74]">LSM6DS3_X_Set_FS</a> from lsm6ds3_acc_gyro_driver_hl.o(i.LSM6DS3_X_Set_FS) referenced 2 times from lsm6ds3_acc_gyro_driver_hl.o(.data)
 <LI><a href="#[75]">LSM6DS3_X_Set_FS_Value</a> from lsm6ds3_acc_gyro_driver_hl.o(i.LSM6DS3_X_Set_FS_Value) referenced 2 times from lsm6ds3_acc_gyro_driver_hl.o(.data)
 <LI><a href="#[45]">LSM6DS3_X_Set_Free_Fall_Threshold</a> from lsm6ds3_acc_gyro_driver_hl.o(i.LSM6DS3_X_Set_Free_Fall_Threshold) referenced 2 times from lsm6ds3_acc_gyro_driver_hl.o(.data)
 <LI><a href="#[71]">LSM6DS3_X_Set_ODR</a> from lsm6ds3_acc_gyro_driver_hl.o(i.LSM6DS3_X_Set_ODR) referenced 2 times from lsm6ds3_acc_gyro_driver_hl.o(.data)
 <LI><a href="#[72]">LSM6DS3_X_Set_ODR_Value</a> from lsm6ds3_acc_gyro_driver_hl.o(i.LSM6DS3_X_Set_ODR_Value) referenced 2 times from lsm6ds3_acc_gyro_driver_hl.o(.data)
 <LI><a href="#[4c]">LSM6DS3_X_Set_Pedometer_Threshold</a> from lsm6ds3_acc_gyro_driver_hl.o(i.LSM6DS3_X_Set_Pedometer_Threshold) referenced 2 times from lsm6ds3_acc_gyro_driver_hl.o(.data)
 <LI><a href="#[5d]">LSM6DS3_X_Set_Tap_Duration_Time</a> from lsm6ds3_acc_gyro_driver_hl.o(i.LSM6DS3_X_Set_Tap_Duration_Time) referenced 2 times from lsm6ds3_acc_gyro_driver_hl.o(.data)
 <LI><a href="#[5c]">LSM6DS3_X_Set_Tap_Quiet_Time</a> from lsm6ds3_acc_gyro_driver_hl.o(i.LSM6DS3_X_Set_Tap_Quiet_Time) referenced 2 times from lsm6ds3_acc_gyro_driver_hl.o(.data)
 <LI><a href="#[5b]">LSM6DS3_X_Set_Tap_Shock_Time</a> from lsm6ds3_acc_gyro_driver_hl.o(i.LSM6DS3_X_Set_Tap_Shock_Time) referenced 2 times from lsm6ds3_acc_gyro_driver_hl.o(.data)
 <LI><a href="#[5a]">LSM6DS3_X_Set_Tap_Threshold</a> from lsm6ds3_acc_gyro_driver_hl.o(i.LSM6DS3_X_Set_Tap_Threshold) referenced 2 times from lsm6ds3_acc_gyro_driver_hl.o(.data)
 <LI><a href="#[53]">LSM6DS3_X_Set_Wake_Up_Threshold</a> from lsm6ds3_acc_gyro_driver_hl.o(i.LSM6DS3_X_Set_Wake_Up_Threshold) referenced 2 times from lsm6ds3_acc_gyro_driver_hl.o(.data)
 <LI><a href="#[fa]">LedControlMaskChanged</a> from wesu_config.o(i.LedControlMaskChanged) referenced 2 times from wesu_config.o(.constdata)
 <LI><a href="#[10a]">MagFsChanged</a> from wesu_config.o(i.MagFsChanged) referenced from wesu_config.o(.constdata)
 <LI><a href="#[10b]">MagOdrChanged</a> from wesu_config.o(i.MagOdrChanged) referenced from wesu_config.o(.constdata)
 <LI><a href="#[af]">MemManage_Handler</a> from stm32l1xx_it.o(i.MemManage_Handler) referenced from startup_stm32l151xe.o(RESET)
 <LI><a href="#[100]">MotionFxCtrlChanged</a> from wesu_config.o(i.MotionFxCtrlChanged) referenced 2 times from wesu_config.o(.constdata)
 <LI><a href="#[ad]">NMI_Handler</a> from stm32l1xx_it.o(i.NMI_Handler) referenced from startup_stm32l151xe.o(RESET)
 <LI><a href="#[b7]">PVD_IRQHandler</a> from startup_stm32l151xe.o(.text) referenced from startup_stm32l151xe.o(RESET)
 <LI><a href="#[ff]">PedometerCtrlChanged</a> from wesu_config.o(i.PedometerCtrlChanged) referenced 2 times from wesu_config.o(.constdata)
 <LI><a href="#[b4]">PendSV_Handler</a> from stm32l1xx_it.o(i.PendSV_Handler) referenced from startup_stm32l151xe.o(RESET)
 <LI><a href="#[10d]">PressOdrChanged</a> from wesu_config.o(i.PressOdrChanged) referenced from wesu_config.o(.constdata)
 <LI><a href="#[26]">ProcDbgDoNotReplyHidden</a> from console.o(i.ProcDbgDoNotReplyHidden) referenced 6 times from console.o(.data)
 <LI><a href="#[20]">ProcDbgDumpAccGyroHidden</a> from console.o(i.ProcDbgDumpAccGyroHidden) referenced 2 times from console.o(.data)
 <LI><a href="#[21]">ProcDbgDumpMagHidden</a> from console.o(i.ProcDbgDumpMagHidden) referenced 2 times from console.o(.data)
 <LI><a href="#[22]">ProcDbgDumpPressTempHidden</a> from console.o(i.ProcDbgDumpPressTempHidden) referenced 2 times from console.o(.data)
 <LI><a href="#[27]">ProcDbgEchoNameHidden</a> from console.o(i.ProcDbgEchoNameHidden) referenced 2 times from console.o(.data)
 <LI><a href="#[3]">ProcDbgEmptyCmd</a> from console.o(i.ProcDbgEmptyCmd) referenced 2 times from console.o(.data)
 <LI><a href="#[e]">ProcDbgEnterConnOnly</a> from console.o(i.ProcDbgEnterConnOnly) referenced 2 times from console.o(.data)
 <LI><a href="#[d]">ProcDbgEnterStop</a> from console.o(i.ProcDbgEnterStop) referenced 2 times from console.o(.data)
 <LI><a href="#[c]">ProcDbgEnterStopWBle</a> from console.o(i.ProcDbgEnterStopWBle) referenced 2 times from console.o(.data)
 <LI><a href="#[18]">ProcDbgEraseLicenses</a> from console.o(i.ProcDbgEraseLicenses) referenced 2 times from console.o(.data)
 <LI><a href="#[17]">ProcDbgGetAlgoStatus</a> from console.o(i.ProcDbgGetAlgoStatus) referenced 2 times from console.o(.data)
 <LI><a href="#[16]">ProcDbgGetBackupData</a> from console.o(i.ProcDbgGetBackupData) referenced 2 times from console.o(.data)
 <LI><a href="#[13]">ProcDbgGetBluenrgInfo</a> from console.o(i.ProcDbgGetBluenrgInfo) referenced 2 times from console.o(.data)
 <LI><a href="#[0]">ProcDbgGetFwVersion</a> from console.o(i.ProcDbgGetFwVersion) referenced 2 times from console.o(.data)
 <LI><a href="#[19]">ProcDbgGetLic1</a> from console.o(i.ProcDbgGetLic1) referenced 2 times from console.o(.data)
 <LI><a href="#[1b]">ProcDbgGetLic2</a> from console.o(i.ProcDbgGetLic2) referenced 2 times from console.o(.data)
 <LI><a href="#[1d]">ProcDbgGetLic3</a> from console.o(i.ProcDbgGetLic3) referenced 2 times from console.o(.data)
 <LI><a href="#[1]">ProcDbgGetMcuId</a> from console.o(i.ProcDbgGetMcuId) referenced 2 times from console.o(.data)
 <LI><a href="#[6]">ProcDbgGetPersRegVal</a> from console.o(i.ProcDbgGetPersRegVal) referenced 4 times from console.o(.data)
 <LI><a href="#[f]">ProcDbgGetPowerInfo</a> from console.o(i.ProcDbgGetPowerInfo) referenced 2 times from console.o(.data)
 <LI><a href="#[4]">ProcDbgGetSessionRegVal</a> from console.o(i.ProcDbgGetSessionRegVal) referenced 4 times from console.o(.data)
 <LI><a href="#[2]">ProcDbgGetSysInfo</a> from console.o(i.ProcDbgGetSysInfo) referenced 2 times from console.o(.data)
 <LI><a href="#[2c]">ProcDbgHelp</a> from console.o(i.ProcDbgHelp) referenced 2 times from console.o(.data)
 <LI><a href="#[1f]">ProcDbgHelpHidden</a> from console.o(i.ProcDbgHelpHidden) referenced 2 times from console.o(.data)
 <LI><a href="#[12]">ProcDbgLedBlinkme</a> from console.o(i.ProcDbgLedBlinkme) referenced 2 times from console.o(.data)
 <LI><a href="#[10]">ProcDbgMinPower</a> from console.o(i.ProcDbgMinPower) referenced 2 times from console.o(.data)
 <LI><a href="#[11]">ProcDbgNormPower</a> from console.o(i.ProcDbgNormPower) referenced 2 times from console.o(.data)
 <LI><a href="#[23]">ProcDbgRebootAccGyroHidden</a> from console.o(i.ProcDbgRebootAccGyroHidden) referenced 2 times from console.o(.data)
 <LI><a href="#[24]">ProcDbgRebootMagHidden</a> from console.o(i.ProcDbgRebootMagHidden) referenced 2 times from console.o(.data)
 <LI><a href="#[25]">ProcDbgRebootPressTempHidden</a> from console.o(i.ProcDbgRebootPressTempHidden) referenced 2 times from console.o(.data)
 <LI><a href="#[2a]">ProcDbgResetPower</a> from console.o(i.ProcDbgResetPower) referenced 2 times from console.o(.data)
 <LI><a href="#[29]">ProcDbgSTC3115CurrentHidden</a> from console.o(i.ProcDbgSTC3115CurrentHidden) referenced 2 times from console.o(.data)
 <LI><a href="#[28]">ProcDbgSTC3115VoltHidden</a> from console.o(i.ProcDbgSTC3115VoltHidden) referenced 2 times from console.o(.data)
 <LI><a href="#[14]">ProcDbgSetBleConIntvMode</a> from console.o(i.ProcDbgSetBleConIntvMode) referenced 2 times from console.o(.data)
 <LI><a href="#[1a]">ProcDbgSetLic1</a> from console.o(i.ProcDbgSetLic1) referenced 2 times from console.o(.data)
 <LI><a href="#[1c]">ProcDbgSetLic2</a> from console.o(i.ProcDbgSetLic2) referenced 2 times from console.o(.data)
 <LI><a href="#[1e]">ProcDbgSetLic3</a> from console.o(i.ProcDbgSetLic3) referenced 2 times from console.o(.data)
 <LI><a href="#[7]">ProcDbgSetPersRegVal</a> from console.o(i.ProcDbgSetPersRegVal) referenced 4 times from console.o(.data)
 <LI><a href="#[5]">ProcDbgSetSessionRegVal</a> from console.o(i.ProcDbgSetSessionRegVal) referenced 4 times from console.o(.data)
 <LI><a href="#[15]">ProcDbgSetUsbBleBridge</a> from console.o(i.ProcDbgSetUsbBleBridge) referenced 2 times from console.o(.data)
 <LI><a href="#[b]">ProcDbgSetdate</a> from console.o(i.ProcDbgSetdate) referenced 2 times from console.o(.data)
 <LI><a href="#[9]">ProcDbgSettime</a> from console.o(i.ProcDbgSettime) referenced 2 times from console.o(.data)
 <LI><a href="#[2b]">ProcDbgTestIwdg</a> from console.o(i.ProcDbgTestIwdg) referenced 2 times from console.o(.data)
 <LI><a href="#[a]">ProcDbgViewdate</a> from console.o(i.ProcDbgViewdate) referenced 2 times from console.o(.data)
 <LI><a href="#[8]">ProcDbgViewtime</a> from console.o(i.ProcDbgViewtime) referenced 2 times from console.o(.data)
 <LI><a href="#[110]">PwrModeAltRegChange</a> from wesu_config.o(i.PwrModeAltRegChange) referenced from wesu_config.o(.constdata)
 <LI><a href="#[fe]">PwrModeControlChanged</a> from wesu_config.o(i.PwrModeControlChanged) referenced 2 times from wesu_config.o(.constdata)
 <LI><a href="#[bb]">RCC_IRQHandler</a> from startup_stm32l151xe.o(.text) referenced from startup_stm32l151xe.o(RESET)
 <LI><a href="#[de]">RTC_Alarm_IRQHandler</a> from startup_stm32l151xe.o(.text) referenced from startup_stm32l151xe.o(RESET)
 <LI><a href="#[f5]">RTC_TimeStampConfigDefault</a> from main.o(i.RTC_TimeStampConfigDefault) referenced from main.o(i.User_Init)
 <LI><a href="#[b9]">RTC_WKUP_IRQHandler</a> from startup_stm32l151xe.o(.text) referenced from startup_stm32l151xe.o(RESET)
 <LI><a href="#[f9]">ReadOnly</a> from wesu_config.o(i.ReadOnly) referenced 7 times from wesu_config.o(.constdata)
 <LI><a href="#[104]">RedLedControlMaskChanged</a> from wesu_config.o(i.RedLedControlMaskChanged) referenced 2 times from wesu_config.o(.constdata)
 <LI><a href="#[ac]">Reset_Handler</a> from startup_stm32l151xe.o(.text) referenced from startup_stm32l151xe.o(RESET)
 <LI><a href="#[10e]">RtcConfChanged</a> from wesu_config.o(i.RtcConfChanged) referenced 2 times from wesu_config.o(.constdata)
 <LI><a href="#[d8]">SPI1_IRQHandler</a> from startup_stm32l151xe.o(.text) referenced from startup_stm32l151xe.o(RESET)
 <LI><a href="#[d9]">SPI2_IRQHandler</a> from startup_stm32l151xe.o(.text) referenced from startup_stm32l151xe.o(RESET)
 <LI><a href="#[e3]">SPI3_IRQHandler</a> from startup_stm32l151xe.o(.text) referenced from startup_stm32l151xe.o(RESET)
 <LI><a href="#[3c]">STC3115_AlarmSetSOCTh</a> from stc3115.o(i.STC3115_AlarmSetSOCTh) referenced 2 times from stc3115.o(.data)
 <LI><a href="#[3b]">STC3115_AlarmSetVoTh</a> from stc3115.o(i.STC3115_AlarmSetVoTh) referenced 2 times from stc3115.o(.data)
 <LI><a href="#[40]">STC3115_ClearIT</a> from stc3115.o(i.STC3115_ClearIT) referenced 2 times from stc3115.o(.data)
 <LI><a href="#[39]">STC3115_GetAlarmStatus</a> from stc3115.o(i.STC3115_GetAlarmStatus) referenced 2 times from stc3115.o(.data)
 <LI><a href="#[37]">STC3115_GetChargeValue</a> from stc3115.o(i.STC3115_GetChargeValue) referenced 2 times from stc3115.o(.data)
 <LI><a href="#[34]">STC3115_GetCurrent</a> from stc3115.o(i.STC3115_GetCurrent) referenced 2 times from stc3115.o(.data)
 <LI><a href="#[3d]">STC3115_GetIT</a> from stc3115.o(i.STC3115_GetIT) referenced 2 times from stc3115.o(.data)
 <LI><a href="#[3a]">STC3115_GetITState</a> from stc3115.o(i.STC3115_GetITState) referenced 2 times from stc3115.o(.data)
 <LI><a href="#[33]">STC3115_GetOCV</a> from stc3115.o(i.STC3115_GetOCV) referenced 2 times from stc3115.o(.data)
 <LI><a href="#[38]">STC3115_GetPresence</a> from stc3115.o(i.STC3115_GetPresence) referenced 2 times from stc3115.o(.data)
 <LI><a href="#[32]">STC3115_GetSOC</a> from stc3115.o(i.STC3115_GetSOC) referenced 2 times from stc3115.o(.data)
 <LI><a href="#[35]">STC3115_GetTemperature</a> from stc3115.o(i.STC3115_GetTemperature) referenced 2 times from stc3115.o(.data)
 <LI><a href="#[36]">STC3115_GetVoltage</a> from stc3115.o(i.STC3115_GetVoltage) referenced 2 times from stc3115.o(.data)
 <LI><a href="#[2e]">STC3115_Init</a> from stc3115.o(i.STC3115_Init) referenced 2 times from stc3115.o(.data)
 <LI><a href="#[41]">STC3115_PowerSavingMode</a> from stc3115.o(i.STC3115_PowerSavingMode) referenced 2 times from stc3115.o(.data)
 <LI><a href="#[30]">STC3115_Reset</a> from stc3115.o(i.STC3115_Reset) referenced 2 times from stc3115.o(.data)
 <LI><a href="#[3e]">STC3115_SetIT</a> from stc3115.o(i.STC3115_SetIT) referenced 2 times from stc3115.o(.data)
 <LI><a href="#[31]">STC3115_Stop</a> from stc3115.o(i.STC3115_Stop) referenced 2 times from stc3115.o(.data)
 <LI><a href="#[3f]">STC3115_StopIT</a> from stc3115.o(i.STC3115_StopIT) referenced 2 times from stc3115.o(.data)
 <LI><a href="#[2f]">STC3115_Task</a> from stc3115.o(i.STC3115_Task) referenced 2 times from stc3115.o(.data)
 <LI><a href="#[b2]">SVC_Handler</a> from stm32l1xx_it.o(i.SVC_Handler) referenced from startup_stm32l151xe.o(RESET)
 <LI><a href="#[b5]">SysTick_Handler</a> from stm32l1xx_it.o(i.SysTick_Handler) referenced from startup_stm32l151xe.o(RESET)
 <LI><a href="#[f4]">SystemClock_Config_HSE_24MHz</a> from main.o(i.SystemClock_Config_HSE_24MHz) referenced from wesu_config.o(i.SystemGotoLowPowerRunMode)
 <LI><a href="#[f3]">SystemClock_Config_MSI_4MHz</a> from main.o(i.SystemClock_Config_MSI_4MHz) referenced from wesu_config.o(i.SystemGotoLowPowerMode)
 <LI><a href="#[f3]">SystemClock_Config_MSI_4MHz</a> from main.o(i.SystemClock_Config_MSI_4MHz) referenced from wesu_config.o(i.SystemGotoLowPowerRunModeJustAcc)
 <LI><a href="#[f3]">SystemClock_Config_MSI_4MHz</a> from main.o(i.SystemClock_Config_MSI_4MHz) referenced from wesu_config.o(i.SystemGotoLowPowerRunWithAlgos)
 <LI><a href="#[f3]">SystemClock_Config_MSI_4MHz</a> from main.o(i.SystemClock_Config_MSI_4MHz) referenced from wesu_config.o(i.SystemGotoRunLowPowerSleepMode)
 <LI><a href="#[f3]">SystemClock_Config_MSI_4MHz</a> from main.o(i.SystemClock_Config_MSI_4MHz) referenced from wesu_config.o(i.SystemGotoRunSleepMode)
 <LI><a href="#[2d]">SystemClock_Config_RTC_HSE32MHz</a> from main.o(i.SystemClock_Config_RTC_HSE32MHz) referenced 4 times from main.o(.data)
 <LI><a href="#[2d]">SystemClock_Config_RTC_HSE32MHz</a> from main.o(i.SystemClock_Config_RTC_HSE32MHz) referenced from wesu_config.o(i.SystemGotoFullRunMode)
 <LI><a href="#[2d]">SystemClock_Config_RTC_HSE32MHz</a> from main.o(i.SystemClock_Config_RTC_HSE32MHz) referenced from wesu_config.o(i.SystemGotoFullRunWfiMode)
 <LI><a href="#[2d]">SystemClock_Config_RTC_HSE32MHz</a> from main.o(i.SystemClock_Config_RTC_HSE32MHz) referenced from main.o(i.main)
 <LI><a href="#[ed]">SystemInit</a> from system_stm32l1xx.o(i.SystemInit) referenced from startup_stm32l151xe.o(.text)
 <LI><a href="#[b8]">TAMPER_STAMP_IRQHandler</a> from startup_stm32l151xe.o(.text) referenced from startup_stm32l151xe.o(RESET)
 <LI><a href="#[cf]">TIM10_IRQHandler</a> from stm32l1xx_it.o(i.TIM10_IRQHandler) referenced from startup_stm32l151xe.o(RESET)
 <LI><a href="#[d0]">TIM11_IRQHandler</a> from startup_stm32l151xe.o(.text) referenced from startup_stm32l151xe.o(RESET)
 <LI><a href="#[d1]">TIM2_IRQHandler</a> from stm32l1xx_it.o(i.TIM2_IRQHandler) referenced from startup_stm32l151xe.o(RESET)
 <LI><a href="#[d2]">TIM3_IRQHandler</a> from startup_stm32l151xe.o(.text) referenced from startup_stm32l151xe.o(RESET)
 <LI><a href="#[d3]">TIM4_IRQHandler</a> from startup_stm32l151xe.o(.text) referenced from startup_stm32l151xe.o(RESET)
 <LI><a href="#[e2]">TIM5_IRQHandler</a> from startup_stm32l151xe.o(.text) referenced from startup_stm32l151xe.o(RESET)
 <LI><a href="#[e0]">TIM6_IRQHandler</a> from startup_stm32l151xe.o(.text) referenced from startup_stm32l151xe.o(RESET)
 <LI><a href="#[e1]">TIM7_IRQHandler</a> from startup_stm32l151xe.o(.text) referenced from startup_stm32l151xe.o(RESET)
 <LI><a href="#[ce]">TIM9_IRQHandler</a> from startup_stm32l151xe.o(.text) referenced from startup_stm32l151xe.o(RESET)
 <LI><a href="#[fd]">TimerFreqChanged</a> from wesu_config.o(i.TimerFreqChanged) referenced 2 times from wesu_config.o(.constdata)
 <LI><a href="#[fc]">TxPwrLvlChange</a> from wesu_config.o(i.TxPwrLvlChange) referenced from wesu_config.o(.constdata)
 <LI><a href="#[e4]">UART4_IRQHandler</a> from startup_stm32l151xe.o(.text) referenced from startup_stm32l151xe.o(RESET)
 <LI><a href="#[e5]">UART5_IRQHandler</a> from startup_stm32l151xe.o(.text) referenced from startup_stm32l151xe.o(RESET)
 <LI><a href="#[da]">USART1_IRQHandler</a> from startup_stm32l151xe.o(.text) referenced from startup_stm32l151xe.o(RESET)
 <LI><a href="#[db]">USART2_IRQHandler</a> from stm32l1xx_it.o(i.USART2_IRQHandler) referenced from startup_stm32l151xe.o(RESET)
 <LI><a href="#[dc]">USART3_IRQHandler</a> from startup_stm32l151xe.o(.text) referenced from startup_stm32l151xe.o(RESET)
 <LI><a href="#[df]">USB_FS_WKUP_IRQHandler</a> from startup_stm32l151xe.o(.text) referenced from startup_stm32l151xe.o(RESET)
 <LI><a href="#[c9]">USB_HP_IRQHandler</a> from startup_stm32l151xe.o(.text) referenced from startup_stm32l151xe.o(RESET)
 <LI><a href="#[ca]">USB_LP_IRQHandler</a> from startup_stm32l151xe.o(.text) referenced from startup_stm32l151xe.o(RESET)
 <LI><a href="#[b1]">UsageFault_Handler</a> from stm32l1xx_it.o(i.UsageFault_Handler) referenced from startup_stm32l151xe.o(RESET)
 <LI><a href="#[b6]">WWDG_IRQHandler</a> from startup_stm32l151xe.o(.text) referenced from startup_stm32l151xe.o(RESET)
 <LI><a href="#[ee]">__main</a> from entry.o(.ARM.Collect$$$$00000000) referenced from startup_stm32l151xe.o(.text)
 <LI><a href="#[f0]">_sbackspace</a> from _sgetc.o(.text) referenced from __0sscanf.o(.text)
 <LI><a href="#[f1]">_scanf_char_input</a> from scanf_char.o(.text) referenced from scanf_char.o(.text)
 <LI><a href="#[ef]">_sgetc</a> from _sgetc.o(.text) referenced from __0sscanf.o(.text)
 <LI><a href="#[f8]">_snputc</a> from printfa.o(i._snputc) referenced from printfa.o(i.__0vsnprintf)
 <LI><a href="#[f7]">_sputc</a> from printfa.o(i._sputc) referenced from printfa.o(i.__0sprintf)
 <LI><a href="#[12a]">compass_API_ForceReCalibration</a> from osx_motion_fx.o(.text) referenced from osx_motion_fx.o(.constdata)
 <LI><a href="#[125]">compass_API_Init</a> from osx_motion_fx.o(.text) referenced from osx_motion_fx.o(.constdata)
 <LI><a href="#[129]">compass_API_IsCalibrated</a> from osx_motion_fx.o(.text) referenced from osx_motion_fx.o(.constdata)
 <LI><a href="#[128]">compass_API_Run</a> from osx_motion_fx.o(.text) referenced from osx_motion_fx.o(.constdata)
 <LI><a href="#[126]">compass_API_SaveAcc</a> from osx_motion_fx.o(.text) referenced from osx_motion_fx.o(.constdata)
 <LI><a href="#[127]">compass_API_SaveMag</a> from osx_motion_fx.o(.text) referenced from osx_motion_fx.o(.constdata)
 <LI><a href="#[f6]">fputc</a> from console.o(i.fputc) referenced from printfa.o(i.__0printf)
 <LI><a href="#[12b]">getCalibrationData</a> from osx_motion_fx.o(.text) referenced from osx_motion_fx.o(.constdata)
 <LI><a href="#[124]">iNemoEngine_API_Get_Lib_Version</a> from osx_motion_fx.o(.text) referenced from osx_motion_fx.o(.constdata)
 <LI><a href="#[123]">iNemoEngine_API_Propagate</a> from osx_motion_fx.o(.text) referenced from osx_motion_fx.o(.constdata)
 <LI><a href="#[122]">iNemoEngine_API_Update</a> from osx_motion_fx.o(.text) referenced from osx_motion_fx.o(.constdata)
 <LI><a href="#[11e]">iNemoEngine_API_enable_6X</a> from osx_motion_fx.o(.text) referenced from osx_motion_fx.o(.constdata)
 <LI><a href="#[11f]">iNemoEngine_API_enable_9X</a> from osx_motion_fx.o(.text) referenced from osx_motion_fx.o(.constdata)
 <LI><a href="#[121]">iNemoEngine_API_getGbias</a> from osx_motion_fx.o(.text) referenced from osx_motion_fx.o(.constdata)
 <LI><a href="#[11b]">iNemoEngine_API_getKnobs</a> from osx_motion_fx.o(.text) referenced from osx_motion_fx.o(.constdata)
 <LI><a href="#[11c]">iNemoEngine_API_get_status_6X</a> from osx_motion_fx.o(.text) referenced from osx_motion_fx.o(.constdata)
 <LI><a href="#[11d]">iNemoEngine_API_get_status_9X</a> from osx_motion_fx.o(.text) referenced from osx_motion_fx.o(.constdata)
 <LI><a href="#[119]">iNemoEngine_API_initialize</a> from osx_motion_fx.o(.text) referenced from osx_motion_fx.o(.constdata)
 <LI><a href="#[120]">iNemoEngine_API_setGbias</a> from osx_motion_fx.o(.text) referenced from osx_motion_fx.o(.constdata)
 <LI><a href="#[11a]">iNemoEngine_API_setKnobs</a> from osx_motion_fx.o(.text) referenced from osx_motion_fx.o(.constdata)
 <LI><a href="#[f2]">isspace</a> from isspace_c.o(.text) referenced from scanf_char.o(.text)
 <LI><a href="#[ec]">main</a> from main.o(i.main) referenced from entry9a.o(.ARM.Collect$$$$0000000B)
 <LI><a href="#[114]">osx_MAR_CoreAPI_GetLibVersion</a> from osx_motion_ar.o(.text) referenced from osx_motion_ar.o(.constdata)
 <LI><a href="#[111]">osx_MAR_CoreAPI_Initialize</a> from osx_motion_ar.o(.text) referenced from osx_motion_ar.o(.constdata)
 <LI><a href="#[112]">osx_MAR_CoreAPI_SetOrientation_Acc</a> from osx_motion_ar.o(.text) referenced from osx_motion_ar.o(.constdata)
 <LI><a href="#[113]">osx_MAR_CoreAPI_Update</a> from osx_motion_ar.o(.text) referenced from osx_motion_ar.o(.constdata)
 <LI><a href="#[118]">osx_MCP_CoreAPI_GetLibVersion</a> from osx_motion_cp.o(.text) referenced from osx_motion_cp.o(.constdata)
 <LI><a href="#[115]">osx_MCP_CoreAPI_Initialize</a> from osx_motion_cp.o(.text) referenced from osx_motion_cp.o(.constdata)
 <LI><a href="#[116]">osx_MCP_CoreAPI_SetOrientation_Acc</a> from osx_motion_cp.o(.text) referenced from osx_motion_cp.o(.constdata)
 <LI><a href="#[117]">osx_MCP_CoreAPI_Update</a> from osx_motion_cp.o(.text) referenced from osx_motion_cp.o(.constdata)
 <LI><a href="#[12c]">setCalibrationData</a> from osx_motion_fx.o(.text) referenced from osx_motion_fx.o(.constdata)
</UL>
<P>
<H3>
Global Symbols
</H3>
<P><STRONG><a name="[ee]"></a>__main</STRONG> (Thumb, 0 bytes, Stack size unknown bytes, entry.o(.ARM.Collect$$$$00000000))
<BR>[Address Reference Count : 1]<UL><LI> startup_stm32l151xe.o(.text)
</UL>
<P><STRONG><a name="[43a]"></a>_main_stk</STRONG> (Thumb, 0 bytes, Stack size unknown bytes, entry2.o(.ARM.Collect$$$$00000001))

<P><STRONG><a name="[12d]"></a>_main_scatterload</STRONG> (Thumb, 0 bytes, Stack size unknown bytes, entry5.o(.ARM.Collect$$$$00000004))
<BR><BR>[Calls]<UL><LI><a href="#[12e]">&gt;&gt;</a>&nbsp;&nbsp;&nbsp;__scatterload
</UL>

<P><STRONG><a name="[1c2]"></a>__main_after_scatterload</STRONG> (Thumb, 0 bytes, Stack size unknown bytes, entry5.o(.ARM.Collect$$$$00000004))
<BR><BR>[Called By]<UL><LI><a href="#[12e]">&gt;&gt;</a>&nbsp;&nbsp;&nbsp;__scatterload
</UL>

<P><STRONG><a name="[43b]"></a>_main_clock</STRONG> (Thumb, 0 bytes, Stack size unknown bytes, entry7b.o(.ARM.Collect$$$$00000008))

<P><STRONG><a name="[43c]"></a>_main_cpp_init</STRONG> (Thumb, 0 bytes, Stack size unknown bytes, entry8b.o(.ARM.Collect$$$$0000000A))

<P><STRONG><a name="[43d]"></a>_main_init</STRONG> (Thumb, 0 bytes, Stack size unknown bytes, entry9a.o(.ARM.Collect$$$$0000000B))

<P><STRONG><a name="[43e]"></a>__rt_final_cpp</STRONG> (Thumb, 0 bytes, Stack size unknown bytes, entry10a.o(.ARM.Collect$$$$0000000D))

<P><STRONG><a name="[43f]"></a>__rt_final_exit</STRONG> (Thumb, 0 bytes, Stack size unknown bytes, entry11a.o(.ARM.Collect$$$$0000000F))

<P><STRONG><a name="[ac]"></a>Reset_Handler</STRONG> (Thumb, 8 bytes, Stack size 0 bytes, startup_stm32l151xe.o(.text))
<BR>[Address Reference Count : 1]<UL><LI> startup_stm32l151xe.o(RESET)
</UL>
<P><STRONG><a name="[c8]"></a>ADC1_IRQHandler</STRONG> (Thumb, 0 bytes, Stack size 0 bytes, startup_stm32l151xe.o(.text))
<BR><BR>[Calls]<UL><LI><a href="#[c8]">&gt;&gt;</a>&nbsp;&nbsp;&nbsp;ADC1_IRQHandler
</UL>
<BR>[Called By]<UL><LI><a href="#[c8]">&gt;&gt;</a>&nbsp;&nbsp;&nbsp;ADC1_IRQHandler
</UL>
<BR>[Address Reference Count : 1]<UL><LI> startup_stm32l151xe.o(RESET)
</UL>
<P><STRONG><a name="[eb]"></a>COMP_ACQ_IRQHandler</STRONG> (Thumb, 0 bytes, Stack size 0 bytes, startup_stm32l151xe.o(.text))
<BR>[Address Reference Count : 1]<UL><LI> startup_stm32l151xe.o(RESET)
</UL>
<P><STRONG><a name="[cc]"></a>COMP_IRQHandler</STRONG> (Thumb, 0 bytes, Stack size 0 bytes, startup_stm32l151xe.o(.text))
<BR>[Address Reference Count : 1]<UL><LI> startup_stm32l151xe.o(RESET)
</UL>
<P><STRONG><a name="[cb]"></a>DAC_IRQHandler</STRONG> (Thumb, 0 bytes, Stack size 0 bytes, startup_stm32l151xe.o(.text))
<BR>[Address Reference Count : 1]<UL><LI> startup_stm32l151xe.o(RESET)
</UL>
<P><STRONG><a name="[c1]"></a>DMA1_Channel1_IRQHandler</STRONG> (Thumb, 0 bytes, Stack size 0 bytes, startup_stm32l151xe.o(.text))
<BR>[Address Reference Count : 1]<UL><LI> startup_stm32l151xe.o(RESET)
</UL>
<P><STRONG><a name="[c3]"></a>DMA1_Channel3_IRQHandler</STRONG> (Thumb, 0 bytes, Stack size 0 bytes, startup_stm32l151xe.o(.text))
<BR>[Address Reference Count : 1]<UL><LI> startup_stm32l151xe.o(RESET)
</UL>
<P><STRONG><a name="[c4]"></a>DMA1_Channel4_IRQHandler</STRONG> (Thumb, 0 bytes, Stack size 0 bytes, startup_stm32l151xe.o(.text))
<BR>[Address Reference Count : 1]<UL><LI> startup_stm32l151xe.o(RESET)
</UL>
<P><STRONG><a name="[c5]"></a>DMA1_Channel5_IRQHandler</STRONG> (Thumb, 0 bytes, Stack size 0 bytes, startup_stm32l151xe.o(.text))
<BR>[Address Reference Count : 1]<UL><LI> startup_stm32l151xe.o(RESET)
</UL>
<P><STRONG><a name="[c6]"></a>DMA1_Channel6_IRQHandler</STRONG> (Thumb, 0 bytes, Stack size 0 bytes, startup_stm32l151xe.o(.text))
<BR>[Address Reference Count : 1]<UL><LI> startup_stm32l151xe.o(RESET)
</UL>
<P><STRONG><a name="[c7]"></a>DMA1_Channel7_IRQHandler</STRONG> (Thumb, 0 bytes, Stack size 0 bytes, startup_stm32l151xe.o(.text))
<BR>[Address Reference Count : 1]<UL><LI> startup_stm32l151xe.o(RESET)
</UL>
<P><STRONG><a name="[e6]"></a>DMA2_Channel1_IRQHandler</STRONG> (Thumb, 0 bytes, Stack size 0 bytes, startup_stm32l151xe.o(.text))
<BR>[Address Reference Count : 1]<UL><LI> startup_stm32l151xe.o(RESET)
</UL>
<P><STRONG><a name="[e7]"></a>DMA2_Channel2_IRQHandler</STRONG> (Thumb, 0 bytes, Stack size 0 bytes, startup_stm32l151xe.o(.text))
<BR>[Address Reference Count : 1]<UL><LI> startup_stm32l151xe.o(RESET)
</UL>
<P><STRONG><a name="[e8]"></a>DMA2_Channel3_IRQHandler</STRONG> (Thumb, 0 bytes, Stack size 0 bytes, startup_stm32l151xe.o(.text))
<BR>[Address Reference Count : 1]<UL><LI> startup_stm32l151xe.o(RESET)
</UL>
<P><STRONG><a name="[e9]"></a>DMA2_Channel4_IRQHandler</STRONG> (Thumb, 0 bytes, Stack size 0 bytes, startup_stm32l151xe.o(.text))
<BR>[Address Reference Count : 1]<UL><LI> startup_stm32l151xe.o(RESET)
</UL>
<P><STRONG><a name="[ea]"></a>DMA2_Channel5_IRQHandler</STRONG> (Thumb, 0 bytes, Stack size 0 bytes, startup_stm32l151xe.o(.text))
<BR>[Address Reference Count : 1]<UL><LI> startup_stm32l151xe.o(RESET)
</UL>
<P><STRONG><a name="[bd]"></a>EXTI1_IRQHandler</STRONG> (Thumb, 0 bytes, Stack size 0 bytes, startup_stm32l151xe.o(.text))
<BR>[Address Reference Count : 1]<UL><LI> startup_stm32l151xe.o(RESET)
</UL>
<P><STRONG><a name="[bf]"></a>EXTI3_IRQHandler</STRONG> (Thumb, 0 bytes, Stack size 0 bytes, startup_stm32l151xe.o(.text))
<BR>[Address Reference Count : 1]<UL><LI> startup_stm32l151xe.o(RESET)
</UL>
<P><STRONG><a name="[c0]"></a>EXTI4_IRQHandler</STRONG> (Thumb, 0 bytes, Stack size 0 bytes, startup_stm32l151xe.o(.text))
<BR>[Address Reference Count : 1]<UL><LI> startup_stm32l151xe.o(RESET)
</UL>
<P><STRONG><a name="[ba]"></a>FLASH_IRQHandler</STRONG> (Thumb, 0 bytes, Stack size 0 bytes, startup_stm32l151xe.o(.text))
<BR>[Address Reference Count : 1]<UL><LI> startup_stm32l151xe.o(RESET)
</UL>
<P><STRONG><a name="[d5]"></a>I2C1_ER_IRQHandler</STRONG> (Thumb, 0 bytes, Stack size 0 bytes, startup_stm32l151xe.o(.text))
<BR>[Address Reference Count : 1]<UL><LI> startup_stm32l151xe.o(RESET)
</UL>
<P><STRONG><a name="[d4]"></a>I2C1_EV_IRQHandler</STRONG> (Thumb, 0 bytes, Stack size 0 bytes, startup_stm32l151xe.o(.text))
<BR>[Address Reference Count : 1]<UL><LI> startup_stm32l151xe.o(RESET)
</UL>
<P><STRONG><a name="[d7]"></a>I2C2_ER_IRQHandler</STRONG> (Thumb, 0 bytes, Stack size 0 bytes, startup_stm32l151xe.o(.text))
<BR>[Address Reference Count : 1]<UL><LI> startup_stm32l151xe.o(RESET)
</UL>
<P><STRONG><a name="[d6]"></a>I2C2_EV_IRQHandler</STRONG> (Thumb, 0 bytes, Stack size 0 bytes, startup_stm32l151xe.o(.text))
<BR>[Address Reference Count : 1]<UL><LI> startup_stm32l151xe.o(RESET)
</UL>
<P><STRONG><a name="[b7]"></a>PVD_IRQHandler</STRONG> (Thumb, 0 bytes, Stack size 0 bytes, startup_stm32l151xe.o(.text))
<BR>[Address Reference Count : 1]<UL><LI> startup_stm32l151xe.o(RESET)
</UL>
<P><STRONG><a name="[bb]"></a>RCC_IRQHandler</STRONG> (Thumb, 0 bytes, Stack size 0 bytes, startup_stm32l151xe.o(.text))
<BR>[Address Reference Count : 1]<UL><LI> startup_stm32l151xe.o(RESET)
</UL>
<P><STRONG><a name="[de]"></a>RTC_Alarm_IRQHandler</STRONG> (Thumb, 0 bytes, Stack size 0 bytes, startup_stm32l151xe.o(.text))
<BR>[Address Reference Count : 1]<UL><LI> startup_stm32l151xe.o(RESET)
</UL>
<P><STRONG><a name="[b9]"></a>RTC_WKUP_IRQHandler</STRONG> (Thumb, 0 bytes, Stack size 0 bytes, startup_stm32l151xe.o(.text))
<BR>[Address Reference Count : 1]<UL><LI> startup_stm32l151xe.o(RESET)
</UL>
<P><STRONG><a name="[d8]"></a>SPI1_IRQHandler</STRONG> (Thumb, 0 bytes, Stack size 0 bytes, startup_stm32l151xe.o(.text))
<BR>[Address Reference Count : 1]<UL><LI> startup_stm32l151xe.o(RESET)
</UL>
<P><STRONG><a name="[d9]"></a>SPI2_IRQHandler</STRONG> (Thumb, 0 bytes, Stack size 0 bytes, startup_stm32l151xe.o(.text))
<BR>[Address Reference Count : 1]<UL><LI> startup_stm32l151xe.o(RESET)
</UL>
<P><STRONG><a name="[e3]"></a>SPI3_IRQHandler</STRONG> (Thumb, 0 bytes, Stack size 0 bytes, startup_stm32l151xe.o(.text))
<BR>[Address Reference Count : 1]<UL><LI> startup_stm32l151xe.o(RESET)
</UL>
<P><STRONG><a name="[b8]"></a>TAMPER_STAMP_IRQHandler</STRONG> (Thumb, 0 bytes, Stack size 0 bytes, startup_stm32l151xe.o(.text))
<BR>[Address Reference Count : 1]<UL><LI> startup_stm32l151xe.o(RESET)
</UL>
<P><STRONG><a name="[d0]"></a>TIM11_IRQHandler</STRONG> (Thumb, 0 bytes, Stack size 0 bytes, startup_stm32l151xe.o(.text))
<BR>[Address Reference Count : 1]<UL><LI> startup_stm32l151xe.o(RESET)
</UL>
<P><STRONG><a name="[d2]"></a>TIM3_IRQHandler</STRONG> (Thumb, 0 bytes, Stack size 0 bytes, startup_stm32l151xe.o(.text))
<BR>[Address Reference Count : 1]<UL><LI> startup_stm32l151xe.o(RESET)
</UL>
<P><STRONG><a name="[d3]"></a>TIM4_IRQHandler</STRONG> (Thumb, 0 bytes, Stack size 0 bytes, startup_stm32l151xe.o(.text))
<BR>[Address Reference Count : 1]<UL><LI> startup_stm32l151xe.o(RESET)
</UL>
<P><STRONG><a name="[e2]"></a>TIM5_IRQHandler</STRONG> (Thumb, 0 bytes, Stack size 0 bytes, startup_stm32l151xe.o(.text))
<BR>[Address Reference Count : 1]<UL><LI> startup_stm32l151xe.o(RESET)
</UL>
<P><STRONG><a name="[e0]"></a>TIM6_IRQHandler</STRONG> (Thumb, 0 bytes, Stack size 0 bytes, startup_stm32l151xe.o(.text))
<BR>[Address Reference Count : 1]<UL><LI> startup_stm32l151xe.o(RESET)
</UL>
<P><STRONG><a name="[e1]"></a>TIM7_IRQHandler</STRONG> (Thumb, 0 bytes, Stack size 0 bytes, startup_stm32l151xe.o(.text))
<BR>[Address Reference Count : 1]<UL><LI> startup_stm32l151xe.o(RESET)
</UL>
<P><STRONG><a name="[ce]"></a>TIM9_IRQHandler</STRONG> (Thumb, 0 bytes, Stack size 0 bytes, startup_stm32l151xe.o(.text))
<BR>[Address Reference Count : 1]<UL><LI> startup_stm32l151xe.o(RESET)
</UL>
<P><STRONG><a name="[e4]"></a>UART4_IRQHandler</STRONG> (Thumb, 0 bytes, Stack size 0 bytes, startup_stm32l151xe.o(.text))
<BR>[Address Reference Count : 1]<UL><LI> startup_stm32l151xe.o(RESET)
</UL>
<P><STRONG><a name="[e5]"></a>UART5_IRQHandler</STRONG> (Thumb, 0 bytes, Stack size 0 bytes, startup_stm32l151xe.o(.text))
<BR>[Address Reference Count : 1]<UL><LI> startup_stm32l151xe.o(RESET)
</UL>
<P><STRONG><a name="[da]"></a>USART1_IRQHandler</STRONG> (Thumb, 0 bytes, Stack size 0 bytes, startup_stm32l151xe.o(.text))
<BR>[Address Reference Count : 1]<UL><LI> startup_stm32l151xe.o(RESET)
</UL>
<P><STRONG><a name="[dc]"></a>USART3_IRQHandler</STRONG> (Thumb, 0 bytes, Stack size 0 bytes, startup_stm32l151xe.o(.text))
<BR>[Address Reference Count : 1]<UL><LI> startup_stm32l151xe.o(RESET)
</UL>
<P><STRONG><a name="[df]"></a>USB_FS_WKUP_IRQHandler</STRONG> (Thumb, 0 bytes, Stack size 0 bytes, startup_stm32l151xe.o(.text))
<BR>[Address Reference Count : 1]<UL><LI> startup_stm32l151xe.o(RESET)
</UL>
<P><STRONG><a name="[c9]"></a>USB_HP_IRQHandler</STRONG> (Thumb, 0 bytes, Stack size 0 bytes, startup_stm32l151xe.o(.text))
<BR>[Address Reference Count : 1]<UL><LI> startup_stm32l151xe.o(RESET)
</UL>
<P><STRONG><a name="[ca]"></a>USB_LP_IRQHandler</STRONG> (Thumb, 0 bytes, Stack size 0 bytes, startup_stm32l151xe.o(.text))
<BR>[Address Reference Count : 1]<UL><LI> startup_stm32l151xe.o(RESET)
</UL>
<P><STRONG><a name="[b6]"></a>WWDG_IRQHandler</STRONG> (Thumb, 0 bytes, Stack size 0 bytes, startup_stm32l151xe.o(.text))
<BR>[Address Reference Count : 1]<UL><LI> startup_stm32l151xe.o(RESET)
</UL>
<P><STRONG><a name="[14a]"></a>osx_MotionAR_Initialize</STRONG> (Thumb, 72 bytes, Stack size 16 bytes, osx_motion_ar.o(.text))
<BR><BR>[Stack]<UL><LI>Max Depth = 128<LI>Call Chain = osx_MotionAR_Initialize &rArr; osx_LibLocker_RegisterLicense &rArr; osx_LibLocker_Decrypt32 &rArr; osx_LibLocker_Decrypt16
</UL>
<BR>[Calls]<UL><LI><a href="#[14e]">&gt;&gt;</a>&nbsp;&nbsp;&nbsp;osx_LibLocker_UnwrapAPIs
<LI><a href="#[14d]">&gt;&gt;</a>&nbsp;&nbsp;&nbsp;osx_LibLocker_SetHandle
<LI><a href="#[14b]">&gt;&gt;</a>&nbsp;&nbsp;&nbsp;osx_LibLocker_RegisterLicense
<LI><a href="#[14c]">&gt;&gt;</a>&nbsp;&nbsp;&nbsp;osx_LibLocker_Authenticate
</UL>
<BR>[Called By]<UL><LI><a href="#[1f6]">&gt;&gt;</a>&nbsp;&nbsp;&nbsp;Algorithm1_init
</UL>

<P><STRONG><a name="[14f]"></a>osx_MotionAR_Update</STRONG> (Thumb, 34 bytes, Stack size 8 bytes, osx_motion_ar.o(.text))
<BR><BR>[Stack]<UL><LI>Max Depth = 40<LI>Call Chain = osx_MotionAR_Update &rArr; osx_LibLocker_Authenticate &rArr; osx_LibLocker_RetrieveUID
</UL>
<BR>[Calls]<UL><LI><a href="#[14c]">&gt;&gt;</a>&nbsp;&nbsp;&nbsp;osx_LibLocker_Authenticate
</UL>
<BR>[Called By]<UL><LI><a href="#[1fd]">&gt;&gt;</a>&nbsp;&nbsp;&nbsp;Algorithm1_run
</UL>

<P><STRONG><a name="[150]"></a>osx_MotionAR_SetOrientation_Acc</STRONG> (Thumb, 36 bytes, Stack size 8 bytes, osx_motion_ar.o(.text))
<BR><BR>[Stack]<UL><LI>Max Depth = 40<LI>Call Chain = osx_MotionAR_SetOrientation_Acc &rArr; osx_LibLocker_Authenticate &rArr; osx_LibLocker_RetrieveUID
</UL>
<BR>[Calls]<UL><LI><a href="#[14c]">&gt;&gt;</a>&nbsp;&nbsp;&nbsp;osx_LibLocker_Authenticate
</UL>
<BR>[Called By]<UL><LI><a href="#[1f6]">&gt;&gt;</a>&nbsp;&nbsp;&nbsp;Algorithm1_init
</UL>

<P><STRONG><a name="[151]"></a>osx_MotionAR_GetLibVersion</STRONG> (Thumb, 34 bytes, Stack size 8 bytes, osx_motion_ar.o(.text))
<BR><BR>[Stack]<UL><LI>Max Depth = 40<LI>Call Chain = osx_MotionAR_GetLibVersion &rArr; osx_LibLocker_Authenticate &rArr; osx_LibLocker_RetrieveUID
</UL>
<BR>[Calls]<UL><LI><a href="#[14c]">&gt;&gt;</a>&nbsp;&nbsp;&nbsp;osx_LibLocker_Authenticate
</UL>
<BR>[Called By]<UL><LI><a href="#[1f6]">&gt;&gt;</a>&nbsp;&nbsp;&nbsp;Algorithm1_init
</UL>

<P><STRONG><a name="[15b]"></a>osx_MotionCP_Initialize</STRONG> (Thumb, 72 bytes, Stack size 16 bytes, osx_motion_cp.o(.text))
<BR><BR>[Stack]<UL><LI>Max Depth = 128<LI>Call Chain = osx_MotionCP_Initialize &rArr; osx_LibLocker_RegisterLicense &rArr; osx_LibLocker_Decrypt32 &rArr; osx_LibLocker_Decrypt16
</UL>
<BR>[Calls]<UL><LI><a href="#[14e]">&gt;&gt;</a>&nbsp;&nbsp;&nbsp;osx_LibLocker_UnwrapAPIs
<LI><a href="#[14d]">&gt;&gt;</a>&nbsp;&nbsp;&nbsp;osx_LibLocker_SetHandle
<LI><a href="#[14b]">&gt;&gt;</a>&nbsp;&nbsp;&nbsp;osx_LibLocker_RegisterLicense
<LI><a href="#[14c]">&gt;&gt;</a>&nbsp;&nbsp;&nbsp;osx_LibLocker_Authenticate
</UL>
<BR>[Called By]<UL><LI><a href="#[1ff]">&gt;&gt;</a>&nbsp;&nbsp;&nbsp;Algorithm2_init
</UL>

<P><STRONG><a name="[15c]"></a>osx_MotionCP_Update</STRONG> (Thumb, 34 bytes, Stack size 8 bytes, osx_motion_cp.o(.text))
<BR><BR>[Stack]<UL><LI>Max Depth = 40<LI>Call Chain = osx_MotionCP_Update &rArr; osx_LibLocker_Authenticate &rArr; osx_LibLocker_RetrieveUID
</UL>
<BR>[Calls]<UL><LI><a href="#[14c]">&gt;&gt;</a>&nbsp;&nbsp;&nbsp;osx_LibLocker_Authenticate
</UL>
<BR>[Called By]<UL><LI><a href="#[200]">&gt;&gt;</a>&nbsp;&nbsp;&nbsp;Algorithm2_run
</UL>

<P><STRONG><a name="[15d]"></a>osx_MotionCP_SetOrientation_Acc</STRONG> (Thumb, 36 bytes, Stack size 8 bytes, osx_motion_cp.o(.text))
<BR><BR>[Stack]<UL><LI>Max Depth = 40<LI>Call Chain = osx_MotionCP_SetOrientation_Acc &rArr; osx_LibLocker_Authenticate &rArr; osx_LibLocker_RetrieveUID
</UL>
<BR>[Calls]<UL><LI><a href="#[14c]">&gt;&gt;</a>&nbsp;&nbsp;&nbsp;osx_LibLocker_Authenticate
</UL>
<BR>[Called By]<UL><LI><a href="#[1ff]">&gt;&gt;</a>&nbsp;&nbsp;&nbsp;Algorithm2_init
</UL>

<P><STRONG><a name="[15e]"></a>osx_MotionCP_GetLibVersion</STRONG> (Thumb, 34 bytes, Stack size 8 bytes, osx_motion_cp.o(.text))
<BR><BR>[Stack]<UL><LI>Max Depth = 40<LI>Call Chain = osx_MotionCP_GetLibVersion &rArr; osx_LibLocker_Authenticate &rArr; osx_LibLocker_RetrieveUID
</UL>
<BR>[Calls]<UL><LI><a href="#[14c]">&gt;&gt;</a>&nbsp;&nbsp;&nbsp;osx_LibLocker_Authenticate
</UL>
<BR>[Called By]<UL><LI><a href="#[1ff]">&gt;&gt;</a>&nbsp;&nbsp;&nbsp;Algorithm2_init
</UL>

<P><STRONG><a name="[440]"></a>quaternion_reset_6X</STRONG> (Thumb, 12 bytes, Stack size 0 bytes, osx_motion_fx.o(.text), UNUSED)

<P><STRONG><a name="[173]"></a>m_b_sum</STRONG> (Thumb, 22 bytes, Stack size 8 bytes, osx_motion_fx.o(.text), UNUSED)
<BR><BR>[Calls]<UL><LI><a href="#[134]">&gt;&gt;</a>&nbsp;&nbsp;&nbsp;__aeabi_fadd
</UL>

<P><STRONG><a name="[176]"></a>m_sum</STRONG> (Thumb, 28 bytes, Stack size 8 bytes, osx_motion_fx.o(.text), UNUSED)
<BR><BR>[Calls]<UL><LI><a href="#[134]">&gt;&gt;</a>&nbsp;&nbsp;&nbsp;__aeabi_fadd
</UL>

<P><STRONG><a name="[177]"></a>m_std</STRONG> (Thumb, 252 bytes, Stack size 72 bytes, osx_motion_fx.o(.text))
<BR><BR>[Stack]<UL><LI>Max Depth = 136<LI>Call Chain = m_std &rArr; sqrt &rArr; _dsqrt &rArr; _double_round
</UL>
<BR>[Calls]<UL><LI><a href="#[133]">&gt;&gt;</a>&nbsp;&nbsp;&nbsp;__aeabi_fmul
<LI><a href="#[132]">&gt;&gt;</a>&nbsp;&nbsp;&nbsp;__aeabi_fdiv
<LI><a href="#[135]">&gt;&gt;</a>&nbsp;&nbsp;&nbsp;__aeabi_f2d
<LI><a href="#[138]">&gt;&gt;</a>&nbsp;&nbsp;&nbsp;__aeabi_d2f
<LI><a href="#[13f]">&gt;&gt;</a>&nbsp;&nbsp;&nbsp;__aeabi_fsub
<LI><a href="#[134]">&gt;&gt;</a>&nbsp;&nbsp;&nbsp;__aeabi_fadd
<LI><a href="#[13c]">&gt;&gt;</a>&nbsp;&nbsp;&nbsp;sqrt
</UL>
<BR>[Called By]<UL><LI><a href="#[178]">&gt;&gt;</a>&nbsp;&nbsp;&nbsp;m_kalman_3gyro
</UL>

<P><STRONG><a name="[183]"></a>rotVect_6X</STRONG> (Thumb, 194 bytes, Stack size 24 bytes, osx_motion_fx.o(.text))
<BR><BR>[Stack]<UL><LI>Max Depth = 44<LI>Call Chain = rotVect_6X &rArr; __aeabi_fadd &rArr; _float_epilogue
</UL>
<BR>[Calls]<UL><LI><a href="#[145]">&gt;&gt;</a>&nbsp;&nbsp;&nbsp;__aeabi_i2f
<LI><a href="#[133]">&gt;&gt;</a>&nbsp;&nbsp;&nbsp;__aeabi_fmul
<LI><a href="#[134]">&gt;&gt;</a>&nbsp;&nbsp;&nbsp;__aeabi_fadd
</UL>
<BR>[Called By]<UL><LI><a href="#[18a]">&gt;&gt;</a>&nbsp;&nbsp;&nbsp;iNemoEngine_9p6_Propagate
<LI><a href="#[184]">&gt;&gt;</a>&nbsp;&nbsp;&nbsp;iNemoEngine_9p6_Update
</UL>

<P><STRONG><a name="[185]"></a>m_q2ypr2_eml</STRONG> (Thumb, 238 bytes, Stack size 48 bytes, osx_motion_fx.o(.text))
<BR><BR>[Stack]<UL><LI>Max Depth = 248<LI>Call Chain = m_q2ypr2_eml &rArr; m_rt_atan2f_snf &rArr; atan2 &rArr; atan &rArr; __kernel_poly &rArr; __aeabi_dmul &rArr; _double_epilogue &rArr; _double_round
</UL>
<BR>[Calls]<UL><LI><a href="#[133]">&gt;&gt;</a>&nbsp;&nbsp;&nbsp;__aeabi_fmul
<LI><a href="#[135]">&gt;&gt;</a>&nbsp;&nbsp;&nbsp;__aeabi_f2d
<LI><a href="#[138]">&gt;&gt;</a>&nbsp;&nbsp;&nbsp;__aeabi_d2f
<LI><a href="#[13f]">&gt;&gt;</a>&nbsp;&nbsp;&nbsp;__aeabi_fsub
<LI><a href="#[134]">&gt;&gt;</a>&nbsp;&nbsp;&nbsp;__aeabi_fadd
<LI><a href="#[187]">&gt;&gt;</a>&nbsp;&nbsp;&nbsp;asin
<LI><a href="#[161]">&gt;&gt;</a>&nbsp;&nbsp;&nbsp;__ARM_scalbnf
<LI><a href="#[186]">&gt;&gt;</a>&nbsp;&nbsp;&nbsp;m_rt_atan2f_snf
</UL>
<BR>[Called By]<UL><LI><a href="#[188]">&gt;&gt;</a>&nbsp;&nbsp;&nbsp;output_update
</UL>

<P><STRONG><a name="[18b]"></a>m_b_std</STRONG> (Thumb, 284 bytes, Stack size 40 bytes, osx_motion_fx.o(.text), UNUSED)
<BR><BR>[Calls]<UL><LI><a href="#[145]">&gt;&gt;</a>&nbsp;&nbsp;&nbsp;__aeabi_i2f
<LI><a href="#[133]">&gt;&gt;</a>&nbsp;&nbsp;&nbsp;__aeabi_fmul
<LI><a href="#[132]">&gt;&gt;</a>&nbsp;&nbsp;&nbsp;__aeabi_fdiv
<LI><a href="#[135]">&gt;&gt;</a>&nbsp;&nbsp;&nbsp;__aeabi_f2d
<LI><a href="#[138]">&gt;&gt;</a>&nbsp;&nbsp;&nbsp;__aeabi_d2f
<LI><a href="#[13f]">&gt;&gt;</a>&nbsp;&nbsp;&nbsp;__aeabi_fsub
<LI><a href="#[134]">&gt;&gt;</a>&nbsp;&nbsp;&nbsp;__aeabi_fadd
<LI><a href="#[13c]">&gt;&gt;</a>&nbsp;&nbsp;&nbsp;sqrt
</UL>

<P><STRONG><a name="[18c]"></a>m_c_sum</STRONG> (Thumb, 64 bytes, Stack size 24 bytes, osx_motion_fx.o(.text), UNUSED)
<BR><BR>[Calls]<UL><LI><a href="#[137]">&gt;&gt;</a>&nbsp;&nbsp;&nbsp;__aeabi_dadd
<LI><a href="#[18d]">&gt;&gt;</a>&nbsp;&nbsp;&nbsp;__aeabi_ui2d
</UL>

<P><STRONG><a name="[18e]"></a>m_d_sum</STRONG> (Thumb, 22 bytes, Stack size 8 bytes, osx_motion_fx.o(.text), UNUSED)
<BR><BR>[Calls]<UL><LI><a href="#[134]">&gt;&gt;</a>&nbsp;&nbsp;&nbsp;__aeabi_fadd
</UL>

<P><STRONG><a name="[18f]"></a>m_e_sum</STRONG> (Thumb, 110 bytes, Stack size 32 bytes, osx_motion_fx.o(.text), UNUSED)
<BR><BR>[Calls]<UL><LI><a href="#[134]">&gt;&gt;</a>&nbsp;&nbsp;&nbsp;__aeabi_fadd
</UL>

<P><STRONG><a name="[190]"></a>m_f_sum</STRONG> (Thumb, 56 bytes, Stack size 16 bytes, osx_motion_fx.o(.text), UNUSED)
<BR><BR>[Calls]<UL><LI><a href="#[134]">&gt;&gt;</a>&nbsp;&nbsp;&nbsp;__aeabi_fadd
</UL>

<P><STRONG><a name="[191]"></a>m_g_sum</STRONG> (Thumb, 72 bytes, Stack size 16 bytes, osx_motion_fx.o(.text), UNUSED)
<BR><BR>[Calls]<UL><LI><a href="#[134]">&gt;&gt;</a>&nbsp;&nbsp;&nbsp;__aeabi_fadd
</UL>

<P><STRONG><a name="[192]"></a>m_h_sum</STRONG> (Thumb, 148 bytes, Stack size 40 bytes, osx_motion_fx.o(.text), UNUSED)
<BR><BR>[Calls]<UL><LI><a href="#[134]">&gt;&gt;</a>&nbsp;&nbsp;&nbsp;__aeabi_fadd
</UL>

<P><STRONG><a name="[193]"></a>osx_MotionFX_initialize</STRONG> (Thumb, 84 bytes, Stack size 8 bytes, osx_motion_fx.o(.text))
<BR><BR>[Stack]<UL><LI>Max Depth = 120<LI>Call Chain = osx_MotionFX_initialize &rArr; osx_LibLocker_RegisterLicense &rArr; osx_LibLocker_Decrypt32 &rArr; osx_LibLocker_Decrypt16
</UL>
<BR>[Calls]<UL><LI><a href="#[14e]">&gt;&gt;</a>&nbsp;&nbsp;&nbsp;osx_LibLocker_UnwrapAPIs
<LI><a href="#[14d]">&gt;&gt;</a>&nbsp;&nbsp;&nbsp;osx_LibLocker_SetHandle
<LI><a href="#[14b]">&gt;&gt;</a>&nbsp;&nbsp;&nbsp;osx_LibLocker_RegisterLicense
<LI><a href="#[14c]">&gt;&gt;</a>&nbsp;&nbsp;&nbsp;osx_LibLocker_Authenticate
</UL>
<BR>[Called By]<UL><LI><a href="#[207]">&gt;&gt;</a>&nbsp;&nbsp;&nbsp;FX_StartupConfig
</UL>

<P><STRONG><a name="[194]"></a>osx_MotionFX_setKnobs</STRONG> (Thumb, 38 bytes, Stack size 8 bytes, osx_motion_fx.o(.text))
<BR><BR>[Stack]<UL><LI>Max Depth = 40<LI>Call Chain = osx_MotionFX_setKnobs &rArr; osx_LibLocker_Authenticate &rArr; osx_LibLocker_RetrieveUID
</UL>
<BR>[Calls]<UL><LI><a href="#[14c]">&gt;&gt;</a>&nbsp;&nbsp;&nbsp;osx_LibLocker_Authenticate
</UL>
<BR>[Called By]<UL><LI><a href="#[207]">&gt;&gt;</a>&nbsp;&nbsp;&nbsp;FX_StartupConfig
</UL>

<P><STRONG><a name="[195]"></a>osx_MotionFX_getKnobs</STRONG> (Thumb, 38 bytes, Stack size 8 bytes, osx_motion_fx.o(.text))
<BR><BR>[Stack]<UL><LI>Max Depth = 40<LI>Call Chain = osx_MotionFX_getKnobs &rArr; osx_LibLocker_Authenticate &rArr; osx_LibLocker_RetrieveUID
</UL>
<BR>[Calls]<UL><LI><a href="#[14c]">&gt;&gt;</a>&nbsp;&nbsp;&nbsp;osx_LibLocker_Authenticate
</UL>
<BR>[Called By]<UL><LI><a href="#[207]">&gt;&gt;</a>&nbsp;&nbsp;&nbsp;FX_StartupConfig
</UL>

<P><STRONG><a name="[196]"></a>osx_MotionFX_getStatus_6X</STRONG> (Thumb, 30 bytes, Stack size 8 bytes, osx_motion_fx.o(.text), UNUSED)
<BR><BR>[Calls]<UL><LI><a href="#[14c]">&gt;&gt;</a>&nbsp;&nbsp;&nbsp;osx_LibLocker_Authenticate
</UL>

<P><STRONG><a name="[197]"></a>osx_MotionFX_getStatus_9X</STRONG> (Thumb, 30 bytes, Stack size 8 bytes, osx_motion_fx.o(.text), UNUSED)
<BR><BR>[Calls]<UL><LI><a href="#[14c]">&gt;&gt;</a>&nbsp;&nbsp;&nbsp;osx_LibLocker_Authenticate
</UL>

<P><STRONG><a name="[198]"></a>osx_MotionFX_enable_6X</STRONG> (Thumb, 38 bytes, Stack size 8 bytes, osx_motion_fx.o(.text))
<BR><BR>[Stack]<UL><LI>Max Depth = 40<LI>Call Chain = osx_MotionFX_enable_6X &rArr; osx_LibLocker_Authenticate &rArr; osx_LibLocker_RetrieveUID
</UL>
<BR>[Calls]<UL><LI><a href="#[14c]">&gt;&gt;</a>&nbsp;&nbsp;&nbsp;osx_LibLocker_Authenticate
</UL>
<BR>[Called By]<UL><LI><a href="#[207]">&gt;&gt;</a>&nbsp;&nbsp;&nbsp;FX_StartupConfig
</UL>

<P><STRONG><a name="[199]"></a>osx_MotionFX_enable_9X</STRONG> (Thumb, 38 bytes, Stack size 8 bytes, osx_motion_fx.o(.text))
<BR><BR>[Stack]<UL><LI>Max Depth = 40<LI>Call Chain = osx_MotionFX_enable_9X &rArr; osx_LibLocker_Authenticate &rArr; osx_LibLocker_RetrieveUID
</UL>
<BR>[Calls]<UL><LI><a href="#[14c]">&gt;&gt;</a>&nbsp;&nbsp;&nbsp;osx_LibLocker_Authenticate
</UL>
<BR>[Called By]<UL><LI><a href="#[207]">&gt;&gt;</a>&nbsp;&nbsp;&nbsp;FX_StartupConfig
</UL>

<P><STRONG><a name="[19a]"></a>osx_MotionFX_setGbias</STRONG> (Thumb, 38 bytes, Stack size 8 bytes, osx_motion_fx.o(.text), UNUSED)
<BR><BR>[Calls]<UL><LI><a href="#[14c]">&gt;&gt;</a>&nbsp;&nbsp;&nbsp;osx_LibLocker_Authenticate
</UL>

<P><STRONG><a name="[19b]"></a>osx_MotionFX_getGbias</STRONG> (Thumb, 38 bytes, Stack size 8 bytes, osx_motion_fx.o(.text), UNUSED)
<BR><BR>[Calls]<UL><LI><a href="#[14c]">&gt;&gt;</a>&nbsp;&nbsp;&nbsp;osx_LibLocker_Authenticate
</UL>

<P><STRONG><a name="[19c]"></a>osx_MotionFX_update</STRONG> (Thumb, 62 bytes, Stack size 24 bytes, osx_motion_fx.o(.text))
<BR><BR>[Stack]<UL><LI>Max Depth = 56<LI>Call Chain = osx_MotionFX_update &rArr; osx_LibLocker_Authenticate &rArr; osx_LibLocker_RetrieveUID
</UL>
<BR>[Calls]<UL><LI><a href="#[14c]">&gt;&gt;</a>&nbsp;&nbsp;&nbsp;osx_LibLocker_Authenticate
</UL>
<BR>[Called By]<UL><LI><a href="#[209]">&gt;&gt;</a>&nbsp;&nbsp;&nbsp;FX_Process
</UL>

<P><STRONG><a name="[19d]"></a>osx_MotionFX_propagate</STRONG> (Thumb, 46 bytes, Stack size 16 bytes, osx_motion_fx.o(.text))
<BR><BR>[Stack]<UL><LI>Max Depth = 48<LI>Call Chain = osx_MotionFX_propagate &rArr; osx_LibLocker_Authenticate &rArr; osx_LibLocker_RetrieveUID
</UL>
<BR>[Calls]<UL><LI><a href="#[14c]">&gt;&gt;</a>&nbsp;&nbsp;&nbsp;osx_LibLocker_Authenticate
</UL>
<BR>[Called By]<UL><LI><a href="#[298]">&gt;&gt;</a>&nbsp;&nbsp;&nbsp;FX_Process_High
</UL>

<P><STRONG><a name="[19e]"></a>osx_MotionFX_getLibVersion</STRONG> (Thumb, 34 bytes, Stack size 8 bytes, osx_motion_fx.o(.text))
<BR><BR>[Stack]<UL><LI>Max Depth = 40<LI>Call Chain = osx_MotionFX_getLibVersion &rArr; osx_LibLocker_Authenticate &rArr; osx_LibLocker_RetrieveUID
</UL>
<BR>[Calls]<UL><LI><a href="#[14c]">&gt;&gt;</a>&nbsp;&nbsp;&nbsp;osx_LibLocker_Authenticate
</UL>
<BR>[Called By]<UL><LI><a href="#[207]">&gt;&gt;</a>&nbsp;&nbsp;&nbsp;FX_StartupConfig
</UL>

<P><STRONG><a name="[19f]"></a>osx_MotionFX_compass_init</STRONG> (Thumb, 34 bytes, Stack size 8 bytes, osx_motion_fx.o(.text))
<BR><BR>[Stack]<UL><LI>Max Depth = 40<LI>Call Chain = osx_MotionFX_compass_init &rArr; osx_LibLocker_Authenticate &rArr; osx_LibLocker_RetrieveUID
</UL>
<BR>[Calls]<UL><LI><a href="#[14c]">&gt;&gt;</a>&nbsp;&nbsp;&nbsp;osx_LibLocker_Authenticate
</UL>
<BR>[Called By]<UL><LI><a href="#[207]">&gt;&gt;</a>&nbsp;&nbsp;&nbsp;FX_StartupConfig
</UL>

<P><STRONG><a name="[1a0]"></a>osx_MotionFX_compass_saveAcc</STRONG> (Thumb, 46 bytes, Stack size 16 bytes, osx_motion_fx.o(.text))
<BR><BR>[Stack]<UL><LI>Max Depth = 48<LI>Call Chain = osx_MotionFX_compass_saveAcc &rArr; osx_LibLocker_Authenticate &rArr; osx_LibLocker_RetrieveUID
</UL>
<BR>[Calls]<UL><LI><a href="#[14c]">&gt;&gt;</a>&nbsp;&nbsp;&nbsp;osx_LibLocker_Authenticate
</UL>
<BR>[Called By]<UL><LI><a href="#[297]">&gt;&gt;</a>&nbsp;&nbsp;&nbsp;FxMagCalibration
</UL>

<P><STRONG><a name="[1a1]"></a>osx_MotionFX_compass_saveMag</STRONG> (Thumb, 46 bytes, Stack size 16 bytes, osx_motion_fx.o(.text))
<BR><BR>[Stack]<UL><LI>Max Depth = 48<LI>Call Chain = osx_MotionFX_compass_saveMag &rArr; osx_LibLocker_Authenticate &rArr; osx_LibLocker_RetrieveUID
</UL>
<BR>[Calls]<UL><LI><a href="#[14c]">&gt;&gt;</a>&nbsp;&nbsp;&nbsp;osx_LibLocker_Authenticate
</UL>
<BR>[Called By]<UL><LI><a href="#[297]">&gt;&gt;</a>&nbsp;&nbsp;&nbsp;FxMagCalibration
</UL>

<P><STRONG><a name="[1a2]"></a>osx_MotionFX_compass_run</STRONG> (Thumb, 30 bytes, Stack size 8 bytes, osx_motion_fx.o(.text))
<BR><BR>[Stack]<UL><LI>Max Depth = 40<LI>Call Chain = osx_MotionFX_compass_run &rArr; osx_LibLocker_Authenticate &rArr; osx_LibLocker_RetrieveUID
</UL>
<BR>[Calls]<UL><LI><a href="#[14c]">&gt;&gt;</a>&nbsp;&nbsp;&nbsp;osx_LibLocker_Authenticate
</UL>
<BR>[Called By]<UL><LI><a href="#[297]">&gt;&gt;</a>&nbsp;&nbsp;&nbsp;FxMagCalibration
</UL>

<P><STRONG><a name="[1a3]"></a>osx_MotionFX_compass_isCalibrated</STRONG> (Thumb, 30 bytes, Stack size 8 bytes, osx_motion_fx.o(.text))
<BR><BR>[Stack]<UL><LI>Max Depth = 40<LI>Call Chain = osx_MotionFX_compass_isCalibrated &rArr; osx_LibLocker_Authenticate &rArr; osx_LibLocker_RetrieveUID
</UL>
<BR>[Calls]<UL><LI><a href="#[14c]">&gt;&gt;</a>&nbsp;&nbsp;&nbsp;osx_LibLocker_Authenticate
</UL>
<BR>[Called By]<UL><LI><a href="#[297]">&gt;&gt;</a>&nbsp;&nbsp;&nbsp;FxMagCalibration
<LI><a href="#[299]">&gt;&gt;</a>&nbsp;&nbsp;&nbsp;ReCallCalibrationFromMemory
</UL>

<P><STRONG><a name="[1a4]"></a>osx_MotionFX_compass_forceReCalibration</STRONG> (Thumb, 34 bytes, Stack size 8 bytes, osx_motion_fx.o(.text))
<BR><BR>[Stack]<UL><LI>Max Depth = 40<LI>Call Chain = osx_MotionFX_compass_forceReCalibration &rArr; osx_LibLocker_Authenticate &rArr; osx_LibLocker_RetrieveUID
</UL>
<BR>[Calls]<UL><LI><a href="#[14c]">&gt;&gt;</a>&nbsp;&nbsp;&nbsp;osx_LibLocker_Authenticate
</UL>
<BR>[Called By]<UL><LI><a href="#[297]">&gt;&gt;</a>&nbsp;&nbsp;&nbsp;FxMagCalibration
</UL>

<P><STRONG><a name="[1a5]"></a>osx_MotionFX_getCalibrationData</STRONG> (Thumb, 38 bytes, Stack size 8 bytes, osx_motion_fx.o(.text))
<BR><BR>[Stack]<UL><LI>Max Depth = 40<LI>Call Chain = osx_MotionFX_getCalibrationData &rArr; osx_LibLocker_Authenticate &rArr; osx_LibLocker_RetrieveUID
</UL>
<BR>[Calls]<UL><LI><a href="#[14c]">&gt;&gt;</a>&nbsp;&nbsp;&nbsp;osx_LibLocker_Authenticate
</UL>
<BR>[Called By]<UL><LI><a href="#[297]">&gt;&gt;</a>&nbsp;&nbsp;&nbsp;FxMagCalibration
</UL>

<P><STRONG><a name="[1a6]"></a>osx_MotionFX_setCalibrationData</STRONG> (Thumb, 38 bytes, Stack size 8 bytes, osx_motion_fx.o(.text))
<BR><BR>[Stack]<UL><LI>Max Depth = 40<LI>Call Chain = osx_MotionFX_setCalibrationData &rArr; osx_LibLocker_Authenticate &rArr; osx_LibLocker_RetrieveUID
</UL>
<BR>[Calls]<UL><LI><a href="#[14c]">&gt;&gt;</a>&nbsp;&nbsp;&nbsp;osx_LibLocker_Authenticate
</UL>
<BR>[Called By]<UL><LI><a href="#[299]">&gt;&gt;</a>&nbsp;&nbsp;&nbsp;ReCallCalibrationFromMemory
</UL>

<P><STRONG><a name="[14b]"></a>osx_LibLocker_RegisterLicense</STRONG> (Thumb, 102 bytes, Stack size 40 bytes, osxLibraryLocker100_CM3_Keil.o(.text))
<BR><BR>[Stack]<UL><LI>Max Depth = 112<LI>Call Chain = osx_LibLocker_RegisterLicense &rArr; osx_LibLocker_Decrypt32 &rArr; osx_LibLocker_Decrypt16
</UL>
<BR>[Calls]<UL><LI><a href="#[1a9]">&gt;&gt;</a>&nbsp;&nbsp;&nbsp;osx_LibLocker_Decrypt32
</UL>
<BR>[Called By]<UL><LI><a href="#[193]">&gt;&gt;</a>&nbsp;&nbsp;&nbsp;osx_MotionFX_initialize
<LI><a href="#[15b]">&gt;&gt;</a>&nbsp;&nbsp;&nbsp;osx_MotionCP_Initialize
<LI><a href="#[14a]">&gt;&gt;</a>&nbsp;&nbsp;&nbsp;osx_MotionAR_Initialize
</UL>

<P><STRONG><a name="[14c]"></a>osx_LibLocker_Authenticate</STRONG> (Thumb, 144 bytes, Stack size 24 bytes, osxLibraryLocker100_CM3_Keil.o(.text))
<BR><BR>[Stack]<UL><LI>Max Depth = 32<LI>Call Chain = osx_LibLocker_Authenticate &rArr; osx_LibLocker_RetrieveUID
</UL>
<BR>[Calls]<UL><LI><a href="#[1ac]">&gt;&gt;</a>&nbsp;&nbsp;&nbsp;osx_LibLocker_RetrieveUID
<LI><a href="#[1ab]">&gt;&gt;</a>&nbsp;&nbsp;&nbsp;osx_LibLocker_GetLibrary
</UL>
<BR>[Called By]<UL><LI><a href="#[19c]">&gt;&gt;</a>&nbsp;&nbsp;&nbsp;osx_MotionFX_update
<LI><a href="#[194]">&gt;&gt;</a>&nbsp;&nbsp;&nbsp;osx_MotionFX_setKnobs
<LI><a href="#[1a6]">&gt;&gt;</a>&nbsp;&nbsp;&nbsp;osx_MotionFX_setCalibrationData
<LI><a href="#[19d]">&gt;&gt;</a>&nbsp;&nbsp;&nbsp;osx_MotionFX_propagate
<LI><a href="#[193]">&gt;&gt;</a>&nbsp;&nbsp;&nbsp;osx_MotionFX_initialize
<LI><a href="#[19e]">&gt;&gt;</a>&nbsp;&nbsp;&nbsp;osx_MotionFX_getLibVersion
<LI><a href="#[195]">&gt;&gt;</a>&nbsp;&nbsp;&nbsp;osx_MotionFX_getKnobs
<LI><a href="#[1a5]">&gt;&gt;</a>&nbsp;&nbsp;&nbsp;osx_MotionFX_getCalibrationData
<LI><a href="#[199]">&gt;&gt;</a>&nbsp;&nbsp;&nbsp;osx_MotionFX_enable_9X
<LI><a href="#[198]">&gt;&gt;</a>&nbsp;&nbsp;&nbsp;osx_MotionFX_enable_6X
<LI><a href="#[1a1]">&gt;&gt;</a>&nbsp;&nbsp;&nbsp;osx_MotionFX_compass_saveMag
<LI><a href="#[1a0]">&gt;&gt;</a>&nbsp;&nbsp;&nbsp;osx_MotionFX_compass_saveAcc
<LI><a href="#[1a2]">&gt;&gt;</a>&nbsp;&nbsp;&nbsp;osx_MotionFX_compass_run
<LI><a href="#[1a3]">&gt;&gt;</a>&nbsp;&nbsp;&nbsp;osx_MotionFX_compass_isCalibrated
<LI><a href="#[19f]">&gt;&gt;</a>&nbsp;&nbsp;&nbsp;osx_MotionFX_compass_init
<LI><a href="#[1a4]">&gt;&gt;</a>&nbsp;&nbsp;&nbsp;osx_MotionFX_compass_forceReCalibration
<LI><a href="#[15c]">&gt;&gt;</a>&nbsp;&nbsp;&nbsp;osx_MotionCP_Update
<LI><a href="#[15d]">&gt;&gt;</a>&nbsp;&nbsp;&nbsp;osx_MotionCP_SetOrientation_Acc
<LI><a href="#[15b]">&gt;&gt;</a>&nbsp;&nbsp;&nbsp;osx_MotionCP_Initialize
<LI><a href="#[15e]">&gt;&gt;</a>&nbsp;&nbsp;&nbsp;osx_MotionCP_GetLibVersion
<LI><a href="#[14f]">&gt;&gt;</a>&nbsp;&nbsp;&nbsp;osx_MotionAR_Update
<LI><a href="#[150]">&gt;&gt;</a>&nbsp;&nbsp;&nbsp;osx_MotionAR_SetOrientation_Acc
<LI><a href="#[14a]">&gt;&gt;</a>&nbsp;&nbsp;&nbsp;osx_MotionAR_Initialize
<LI><a href="#[151]">&gt;&gt;</a>&nbsp;&nbsp;&nbsp;osx_MotionAR_GetLibVersion
<LI><a href="#[19b]">&gt;&gt;</a>&nbsp;&nbsp;&nbsp;osx_MotionFX_getGbias
<LI><a href="#[19a]">&gt;&gt;</a>&nbsp;&nbsp;&nbsp;osx_MotionFX_setGbias
<LI><a href="#[197]">&gt;&gt;</a>&nbsp;&nbsp;&nbsp;osx_MotionFX_getStatus_9X
<LI><a href="#[196]">&gt;&gt;</a>&nbsp;&nbsp;&nbsp;osx_MotionFX_getStatus_6X
</UL>

<P><STRONG><a name="[14e]"></a>osx_LibLocker_UnwrapAPIs</STRONG> (Thumb, 98 bytes, Stack size 24 bytes, osxLibraryLocker100_CM3_Keil.o(.text))
<BR><BR>[Stack]<UL><LI>Max Depth = 32<LI>Call Chain = osx_LibLocker_UnwrapAPIs &rArr; osx_LibLocker_RetrieveUID
</UL>
<BR>[Calls]<UL><LI><a href="#[1ac]">&gt;&gt;</a>&nbsp;&nbsp;&nbsp;osx_LibLocker_RetrieveUID
<LI><a href="#[1ab]">&gt;&gt;</a>&nbsp;&nbsp;&nbsp;osx_LibLocker_GetLibrary
</UL>
<BR>[Called By]<UL><LI><a href="#[193]">&gt;&gt;</a>&nbsp;&nbsp;&nbsp;osx_MotionFX_initialize
<LI><a href="#[15b]">&gt;&gt;</a>&nbsp;&nbsp;&nbsp;osx_MotionCP_Initialize
<LI><a href="#[14a]">&gt;&gt;</a>&nbsp;&nbsp;&nbsp;osx_MotionAR_Initialize
</UL>

<P><STRONG><a name="[1ad]"></a>osx_LibLocker_IsNodeFree</STRONG> (Thumb, 30 bytes, Stack size 8 bytes, osxLibraryLocker100_CM3_Keil.o(.text), UNUSED)
<BR><BR>[Calls]<UL><LI><a href="#[1ab]">&gt;&gt;</a>&nbsp;&nbsp;&nbsp;osx_LibLocker_GetLibrary
</UL>

<P><STRONG><a name="[441]"></a>osx_LibLocker_NumRegisteredLibraries</STRONG> (Thumb, 6 bytes, Stack size 0 bytes, osxLibraryLocker100_CM3_Keil.o(.text), UNUSED)

<P><STRONG><a name="[442]"></a>osx_LibLocker_GetReason</STRONG> (Thumb, 6 bytes, Stack size 0 bytes, osxLibraryLocker100_CM3_Keil.o(.text), UNUSED)

<P><STRONG><a name="[443]"></a>osx_LibLocker_GetMaxConcurrentLibraries</STRONG> (Thumb, 4 bytes, Stack size 0 bytes, osxLibraryLocker100_CM3_Keil.o(.text), UNUSED)

<P><STRONG><a name="[444]"></a>osx_LibLocker_GetVersion</STRONG> (Thumb, 6 bytes, Stack size 0 bytes, osxLibraryLocker100_CM3_Keil.o(.text), UNUSED)

<P><STRONG><a name="[14d]"></a>osx_LibLocker_SetHandle</STRONG> (Thumb, 46 bytes, Stack size 8 bytes, osxLibraryLocker100_CM3_Keil.o(.text))
<BR><BR>[Stack]<UL><LI>Max Depth = 16<LI>Call Chain = osx_LibLocker_SetHandle &rArr; osx_LibLocker_GetLibrary
</UL>
<BR>[Calls]<UL><LI><a href="#[1ab]">&gt;&gt;</a>&nbsp;&nbsp;&nbsp;osx_LibLocker_GetLibrary
</UL>
<BR>[Called By]<UL><LI><a href="#[193]">&gt;&gt;</a>&nbsp;&nbsp;&nbsp;osx_MotionFX_initialize
<LI><a href="#[15b]">&gt;&gt;</a>&nbsp;&nbsp;&nbsp;osx_MotionCP_Initialize
<LI><a href="#[14a]">&gt;&gt;</a>&nbsp;&nbsp;&nbsp;osx_MotionAR_Initialize
</UL>

<P><STRONG><a name="[445]"></a>____aeabi_memcpy8$ret$move</STRONG> (Thumb, 0 bytes, Stack size 8 bytes, memmove.o(.text), UNUSED)

<P><STRONG><a name="[446]"></a>___aeabi_memmove$ret</STRONG> (Thumb, 0 bytes, Stack size 8 bytes, memmove.o(.text), UNUSED)

<P><STRONG><a name="[447]"></a>___aeabi_memmove8$ret</STRONG> (Thumb, 0 bytes, Stack size 8 bytes, memmove.o(.text), UNUSED)

<P><STRONG><a name="[20e]"></a>__aeabi_memcpy</STRONG> (Thumb, 66 bytes, Stack size 8 bytes, memmove.o(.text))
<BR><BR>[Stack]<UL><LI>Max Depth = 8<LI>Call Chain = __aeabi_memcpy
</UL>
<BR>[Called By]<UL><LI><a href="#[40a]">&gt;&gt;</a>&nbsp;&nbsp;&nbsp;Term_Update
<LI><a href="#[1fb]">&gt;&gt;</a>&nbsp;&nbsp;&nbsp;BSP_REGS_ManageWAction
<LI><a href="#[20d]">&gt;&gt;</a>&nbsp;&nbsp;&nbsp;ProcessTerminalStringBle
[...]
<LI><a href="#[13f]">&gt;&gt;</a>&nbsp;&nbsp;&nbsp;__aeabi_fsub
<LI><a href="#[13b]">&gt;&gt;</a>&nbsp;&nbsp;&nbsp;__aeabi_cfrcmple
</UL>
<BR>[Called By]<UL><LI><a href="#[178]">&gt;&gt;</a>&nbsp;&nbsp;&nbsp;m_kalman_3gyro
</UL>

<P><STRONG><a name="[175]"></a>m_interp1q_constrain</STRONG> (Thumb, 202 bytes, Stack size 32 bytes, osx_motion_fx.o(.text))
<BR><BR>[Stack]<UL><LI>Max Depth = 52<LI>Call Chain = m_interp1q_constrain &rArr; __aeabi_fsub &rArr; __aeabi_fadd &rArr; _float_epilogue
</UL>
<BR>[Calls]<UL><LI><a href="#[133]">&gt;&gt;</a>&nbsp;&nbsp;&nbsp;__aeabi_fmul
<LI><a href="#[132]">&gt;&gt;</a>&nbsp;&nbsp;&nbsp;__aeabi_fdiv
<LI><a href="#[138]">&gt;&gt;</a>&nbsp;&nbsp;&nbsp;__aeabi_d2f
<LI><a href="#[13f]">&gt;&gt;</a>&nbsp;&nbsp;&nbsp;__aeabi_fsub
<LI><a href="#[134]">&gt;&gt;</a>&nbsp;&nbsp;&nbsp;__aeabi_fadd
<LI><a href="#[13b]">&gt;&gt;</a>&nbsp;&nbsp;&nbsp;__aeabi_cfrcmple
<LI><a href="#[13a]">&gt;&gt;</a>&nbsp;&nbsp;&nbsp;__aeabi_cfcmple
</UL>
<BR>[Called By]<UL><LI><a href="#[178]">&gt;&gt;</a>&nbsp;&nbsp;&nbsp;m_kalman_3gyro
</UL>

<P><STRONG><a name="[178]"></a>m_kalman_3gyro</STRONG> (Thumb, 15910 bytes, Stack size 1696 bytes, osx_motion_fx.o(.text))
<BR><BR>[Stack]<UL><LI>Max Depth = 1860<LI>Call Chain = m_kalman_3gyro &rArr; m_mldivide &rArr; __aeabi_frsub &rArr; __aeabi_fadd &rArr; _float_epilogue
</UL>
<BR>[Calls]<UL><LI><a href="#[145]">&gt;&gt;</a>&nbsp;&nbsp;&nbsp;__aeabi_i2f
<LI><a href="#[158]">&gt;&gt;</a>&nbsp;&nbsp;&nbsp;__aeabi_frsub
<LI><a href="#[133]">&gt;&gt;</a>&nbsp;&nbsp;&nbsp;__aeabi_fmul
<LI><a href="#[132]">&gt;&gt;</a>&nbsp;&nbsp;&nbsp;__aeabi_fdiv
<LI><a href="#[135]">&gt;&gt;</a>&nbsp;&nbsp;&nbsp;__aeabi_f2d
<LI><a href="#[136]">&gt;&gt;</a>&nbsp;&nbsp;&nbsp;__aeabi_dmul
<LI><a href="#[138]">&gt;&gt;</a>&nbsp;&nbsp;&nbsp;__aeabi_d2f
<LI><a href="#[13f]">&gt;&gt;</a>&nbsp;&nbsp;&nbsp;__aeabi_fsub
<LI><a href="#[134]">&gt;&gt;</a>&nbsp;&nbsp;&nbsp;__aeabi_fadd
<LI><a href="#[139]">&gt;&gt;</a>&nbsp;&nbsp;&nbsp;__aeabi_dsub
<LI><a href="#[13d]">&gt;&gt;</a>&nbsp;&nbsp;&nbsp;__aeabi_ddiv
<LI><a href="#[137]">&gt;&gt;</a>&nbsp;&nbsp;&nbsp;__aeabi_dadd
<LI><a href="#[13b]">&gt;&gt;</a>&nbsp;&nbsp;&nbsp;__aeabi_cfrcmple
<LI><a href="#[13a]">&gt;&gt;</a>&nbsp;&nbsp;&nbsp;__aeabi_cfcmple
<LI><a href="#[141]">&gt;&gt;</a>&nbsp;&nbsp;&nbsp;__aeabi_cdrcmple
<LI><a href="#[140]">&gt;&gt;</a>&nbsp;&nbsp;&nbsp;__aeabi_cdcmple
<LI><a href="#[16f]">&gt;&gt;</a>&nbsp;&nbsp;&nbsp;__aeabi_memclr4
<LI><a href="#[17e]">&gt;&gt;</a>&nbsp;&nbsp;&nbsp;__aeabi_memmove4
<LI><a href="#[13c]">&gt;&gt;</a>&nbsp;&nbsp;&nbsp;sqrt
<LI><a href="#[17d]">&gt;&gt;</a>&nbsp;&nbsp;&nbsp;fmax
<LI><a href="#[17b]">&gt;&gt;</a>&nbsp;&nbsp;&nbsp;floor
<LI><a href="#[17c]">&gt;&gt;</a>&nbsp;&nbsp;&nbsp;__aeabi_d2uiz
<LI><a href="#[163]">&gt;&gt;</a>&nbsp;&nbsp;&nbsp;__aeabi_cfcmpeq
<LI><a href="#[17a]">&gt;&gt;</a>&nbsp;&nbsp;&nbsp;__aeabi_cdcmpeq
<LI><a href="#[161]">&gt;&gt;</a>&nbsp;&nbsp;&nbsp;__ARM_scalbnf
<LI><a href="#[180]">&gt;&gt;</a>&nbsp;&nbsp;&nbsp;__ARM_scalbn
<LI><a href="#[179]">&gt;&gt;</a>&nbsp;&nbsp;&nbsp;__ARM_common_memset4_12
<LI><a href="#[177]">&gt;&gt;</a>&nbsp;&nbsp;&nbsp;m_std
<LI><a href="#[17f]">&gt;&gt;</a>&nbsp;&nbsp;&nbsp;m_b_interp1q_constrain
<LI><a href="#[175]">&gt;&gt;</a>&nbsp;&nbsp;&nbsp;m_interp1q_constrain
<LI><a href="#[174]">&gt;&gt;</a>&nbsp;&nbsp;&nbsp;m_mldivide
<LI><a href="#[172]">&gt;&gt;</a>&nbsp;&nbsp;&nbsp;m_qmult_eml
<LI><a href="#[162]">&gt;&gt;</a>&nbsp;&nbsp;&nbsp;m_dcm2q_eml
<LI><a href="#[160]">&gt;&gt;</a>&nbsp;&nbsp;&nbsp;m_q2dcm_eml
<LI><a href="#[15f]">&gt;&gt;</a>&nbsp;&nbsp;&nbsp;m_norm_eml
</UL>
<BR>[Called By]<UL><LI><a href="#[181]">&gt;&gt;</a>&nbsp;&nbsp;&nbsp;SpacePointAlgorithm
</UL>

<P><STRONG><a name="[181]"></a>SpacePointAlgorithm</STRONG> (Thumb, 1152 bytes, Stack size 264 bytes, osx_motion_fx.o(.text))
<BR><BR>[Stack]<UL><LI>Max Depth = 2124<LI>Call Chain = SpacePointAlgorithm &rArr; m_kalman_3gyro &rArr; m_mldivide &rArr; __aeabi_frsub &rArr; __aeabi_fadd &rArr; _float_epilogue
</UL>
<BR>[Calls]<UL><LI><a href="#[133]">&gt;&gt;</a>&nbsp;&nbsp;&nbsp;__aeabi_fmul
<LI><a href="#[132]">&gt;&gt;</a>&nbsp;&nbsp;&nbsp;__aeabi_fdiv
<LI><a href="#[135]">&gt;&gt;</a>&nbsp;&nbsp;&nbsp;__aeabi_f2d
<LI><a href="#[138]">&gt;&gt;</a>&nbsp;&nbsp;&nbsp;__aeabi_d2f
<LI><a href="#[13f]">&gt;&gt;</a>&nbsp;&nbsp;&nbsp;__aeabi_fsub
<LI><a href="#[134]">&gt;&gt;</a>&nbsp;&nbsp;&nbsp;__aeabi_fadd
<LI><a href="#[13c]">&gt;&gt;</a>&nbsp;&nbsp;&nbsp;sqrt
<LI><a href="#[17a]">&gt;&gt;</a>&nbsp;&nbsp;&nbsp;__aeabi_cdcmpeq
<LI><a href="#[178]">&gt;&gt;</a>&nbsp;&nbsp;&nbsp;m_kalman_3gyro
<LI><a href="#[160]">&gt;&gt;</a>&nbsp;&nbsp;&nbsp;m_q2dcm_eml
</UL>
<BR>[Called By]<UL><LI><a href="#[184]">&gt;&gt;</a>&nbsp;&nbsp;&nbsp;iNemoEngine_9p6_Update
</UL>

<P><STRONG><a name="[182]"></a>rotVect</STRONG> (Thumb, 194 bytes, Stack size 24 bytes, osx_motion_fx.o(.text))
<BR><BR>[Stack]<UL><LI>Max Depth = 44<LI>Call Chain = rotVect &rArr; __aeabi_fadd &rArr; _float_epilogue
</UL>
<BR>[Calls]<UL><LI><a href="#[145]">&gt;&gt;</a>&nbsp;&nbsp;&nbsp;__aeabi_i2f
<LI><a href="#[133]">&gt;&gt;</a>&nbsp;&nbsp;&nbsp;__aeabi_fmul
<LI><a href="#[134]">&gt;&gt;</a>&nbsp;&nbsp;&nbsp;__aeabi_fadd
</UL>
<BR>[Called By]<UL><LI><a href="#[18a]">&gt;&gt;</a>&nbsp;&nbsp;&nbsp;iNemoEngine_9p6_Propagate
<LI><a href="#[184]">&gt;&gt;</a>&nbsp;&nbsp;&nbsp;iNemoEngine_9p6_Update
</UL>

<P><STRONG><a name="[122]"></a>iNemoEngine_API_Update</STRONG> (Thumb, 738 bytes, Stack size 104 bytes, osx_motion_fx.o(.text))
<BR><BR>[Stack]<UL><LI>Max Depth = 2780<LI>Call Chain = iNemoEngine_API_Update &rArr; iNemoEngine_9p6_Update &rArr; SpacePointAlgorithm &rArr; m_kalman_3gyro &rArr; m_mldivide &rArr; __aeabi_frsub &rArr; __aeabi_fadd &rArr; _float_epilogue
</UL>
<BR>[Calls]<UL><LI><a href="#[145]">&gt;&gt;</a>&nbsp;&nbsp;&nbsp;__aeabi_i2f
<LI><a href="#[133]">&gt;&gt;</a>&nbsp;&nbsp;&nbsp;__aeabi_fmul
<LI><a href="#[132]">&gt;&gt;</a>&nbsp;&nbsp;&nbsp;__aeabi_fdiv
<LI><a href="#[134]">&gt;&gt;</a>&nbsp;&nbsp;&nbsp;__aeabi_fadd
<LI><a href="#[161]">&gt;&gt;</a>&nbsp;&nbsp;&nbsp;__ARM_scalbnf
<LI><a href="#[184]">&gt;&gt;</a>&nbsp;&nbsp;&nbsp;iNemoEngine_9p6_Update
<LI><a href="#[16c]">&gt;&gt;</a>&nbsp;&nbsp;&nbsp;iNemo_quat2heading
</UL>
<BR>[Address Reference Count : 1]<UL><LI> osx_motion_fx.o(.constdata)
</UL>
<P><STRONG><a name="[188]"></a>output_update</STRONG> (Thumb, 522 bytes, Stack size 96 bytes, osx_motion_fx.o(.text))
<BR><BR>[Stack]<UL><LI>Max Depth = 344<LI>Call Chain = output_update &rArr; m_q2ypr2_eml &rArr; m_rt_atan2f_snf &rArr; atan2 &rArr; atan &rArr; __kernel_poly &rArr; __aeabi_dmul &rArr; _double_epilogue &rArr; _double_round
</UL>
<BR>[Calls]<UL><LI><a href="#[158]">&gt;&gt;</a>&nbsp;&nbsp;&nbsp;__aeabi_frsub
<LI><a href="#[133]">&gt;&gt;</a>&nbsp;&nbsp;&nbsp;__aeabi_fmul
<LI><a href="#[135]">&gt;&gt;</a>&nbsp;&nbsp;&nbsp;__aeabi_f2d
<LI><a href="#[138]">&gt;&gt;</a>&nbsp;&nbsp;&nbsp;__aeabi_d2f
<LI><a href="#[13f]">&gt;&gt;</a>&nbsp;&nbsp;&nbsp;__aeabi_fsub
<LI><a href="#[134]">&gt;&gt;</a>&nbsp;&nbsp;&nbsp;__aeabi_fadd
<LI><a href="#[16d]">&gt;&gt;</a>&nbsp;&nbsp;&nbsp;atan2
<LI><a href="#[187]">&gt;&gt;</a>&nbsp;&nbsp;&nbsp;asin
<LI><a href="#[161]">&gt;&gt;</a>&nbsp;&nbsp;&nbsp;__ARM_scalbnf
<LI><a href="#[185]">&gt;&gt;</a>&nbsp;&nbsp;&nbsp;m_q2ypr2_eml
<LI><a href="#[160]">&gt;&gt;</a>&nbsp;&nbsp;&nbsp;m_q2dcm_eml
</UL>
<BR>[Called By]<UL><LI><a href="#[18a]">&gt;&gt;</a>&nbsp;&nbsp;&nbsp;iNemoEngine_9p6_Propagate
</UL>

<P><STRONG><a name="[189]"></a>SpacePointGyroProp</STRONG> (Thumb, 368 bytes, Stack size 56 bytes, osx_motion_fx.o(.text))
<BR><BR>[Stack]<UL><LI>Max Depth = 204<LI>Call Chain = SpacePointGyroProp &rArr; m_qmult_eml &rArr; __aeabi_fadd &rArr; _float_epilogue
</UL>
<BR>[Calls]<UL><LI><a href="#[158]">&gt;&gt;</a>&nbsp;&nbsp;&nbsp;__aeabi_frsub
<LI><a href="#[133]">&gt;&gt;</a>&nbsp;&nbsp;&nbsp;__aeabi_fmul
<LI><a href="#[132]">&gt;&gt;</a>&nbsp;&nbsp;&nbsp;__aeabi_fdiv
<LI><a href="#[135]">&gt;&gt;</a>&nbsp;&nbsp;&nbsp;__aeabi_f2d
<LI><a href="#[138]">&gt;&gt;</a>&nbsp;&nbsp;&nbsp;__aeabi_d2f
<LI><a href="#[13f]">&gt;&gt;</a>&nbsp;&nbsp;&nbsp;__aeabi_fsub
<LI><a href="#[134]">&gt;&gt;</a>&nbsp;&nbsp;&nbsp;__aeabi_fadd
<LI><a href="#[13c]">&gt;&gt;</a>&nbsp;&nbsp;&nbsp;sqrt
<LI><a href="#[161]">&gt;&gt;</a>&nbsp;&nbsp;&nbsp;__ARM_scalbnf
<LI><a href="#[172]">&gt;&gt;</a>&nbsp;&nbsp;&nbsp;m_qmult_eml
</UL>
<BR>[Called By]<UL><LI><a href="#[18a]">&gt;&gt;</a>&nbsp;&nbsp;&nbsp;iNemoEngine_9p6_Propagate
</UL>

<P><STRONG><a name="[123]"></a>iNemoEngine_API_Propagate</STRONG> (Thumb, 300 bytes, Stack size 24 bytes, osx_motion_fx.o(.text))
<BR><BR>[Stack]<UL><LI>Max Depth = 528<LI>Call Chain = iNemoEngine_API_Propagate &rArr; iNemoEngine_9p6_Propagate &rArr; output_update &rArr; m_q2ypr2_eml &rArr; m_rt_atan2f_snf &rArr; atan2 &rArr; atan &rArr; __kernel_poly &rArr; __aeabi_dmul &rArr; _double_epilogue &rArr; _double_round
</UL>
<BR>[Calls]<UL><LI><a href="#[18a]">&gt;&gt;</a>&nbsp;&nbsp;&nbsp;iNemoEngine_9p6_Propagate
</UL>
<BR>[Address Reference Count : 1]<UL><LI> osx_motion_fx.o(.constdata)
</UL>
<P><STRONG><a name="[124]"></a>iNemoEngine_API_Get_Lib_Version</STRONG> (Thumb, 46 bytes, Stack size 48 bytes, osx_motion_fx.o(.text))
<BR><BR>[Stack]<UL><LI>Max Depth = 48<LI>Call Chain = iNemoEngine_API_Get_Lib_Version
</UL>
<BR>[Calls]<UL><LI><a href="#[148]">&gt;&gt;</a>&nbsp;&nbsp;&nbsp;strcpy
<LI><a href="#[149]">&gt;&gt;</a>&nbsp;&nbsp;&nbsp;strlen
</UL>
<BR>[Address Reference Count : 1]<UL><LI> osx_motion_fx.o(.constdata)
</UL>
<P><STRONG><a name="[17f]"></a>m_b_interp1q_constrain</STRONG> (Thumb, 216 bytes, Stack size 32 bytes, osx_motion_fx.o(.text))
<BR><BR>[Stack]<UL><LI>Max Depth = 52<LI>Call Chain = m_b_interp1q_constrain &rArr; __aeabi_fsub &rArr; __aeabi_fadd &rArr; _float_epilogue
</UL>
<BR>[Calls]<UL><LI><a href="#[133]">&gt;&gt;</a>&nbsp;&nbsp;&nbsp;__aeabi_fmul
<LI><a href="#[132]">&gt;&gt;</a>&nbsp;&nbsp;&nbsp;__aeabi_fdiv
<LI><a href="#[138]">&gt;&gt;</a>&nbsp;&nbsp;&nbsp;__aeabi_d2f
<LI><a href="#[13f]">&gt;&gt;</a>&nbsp;&nbsp;&nbsp;__aeabi_fsub
<LI><a href="#[134]">&gt;&gt;</a>&nbsp;&nbsp;&nbsp;__aeabi_fadd
<LI><a href="#[13b]">&gt;&gt;</a>&nbsp;&nbsp;&nbsp;__aeabi_cfrcmple
<LI><a href="#[13a]">&gt;&gt;</a>&nbsp;&nbsp;&nbsp;__aeabi_cfcmple
</UL>
<BR>[Called By]<UL><LI><a href="#[178]">&gt;&gt;</a>&nbsp;&nbsp;&nbsp;m_kalman_3gyro
</UL>

<P><STRONG><a name="[184]"></a>iNemoEngine_9p6_Update</STRONG> (Thumb, 1724 bytes, Stack size 552 bytes, osx_motion_fx.o(.text))
<BR><BR>[Stack]<UL><LI>Max Depth = 2676<LI>Call Chain = iNemoEngine_9p6_Update &rArr; SpacePointAlgorithm &rArr; m_kalman_3gyro &rArr; m_mldivide &rArr; __aeabi_frsub &rArr; __aeabi_fadd &rArr; _float_epilogue
</UL>
<BR>[Calls]<UL><LI><a href="#[133]">&gt;&gt;</a>&nbsp;&nbsp;&nbsp;__aeabi_fmul
<LI><a href="#[132]">&gt;&gt;</a>&nbsp;&nbsp;&nbsp;__aeabi_fdiv
<LI><a href="#[135]">&gt;&gt;</a>&nbsp;&nbsp;&nbsp;__aeabi_f2d
<LI><a href="#[136]">&gt;&gt;</a>&nbsp;&nbsp;&nbsp;__aeabi_dmul
<LI><a href="#[138]">&gt;&gt;</a>&nbsp;&nbsp;&nbsp;__aeabi_d2f
<LI><a href="#[142]">&gt;&gt;</a>&nbsp;&nbsp;&nbsp;__aeabi_ui2f
<LI><a href="#[134]">&gt;&gt;</a>&nbsp;&nbsp;&nbsp;__aeabi_fadd
<LI><a href="#[13d]">&gt;&gt;</a>&nbsp;&nbsp;&nbsp;__aeabi_ddiv
<LI><a href="#[147]">&gt;&gt;</a>&nbsp;&nbsp;&nbsp;__aeabi_memcpy4
<LI><a href="#[13c]">&gt;&gt;</a>&nbsp;&nbsp;&nbsp;sqrt
<LI><a href="#[18d]">&gt;&gt;</a>&nbsp;&nbsp;&nbsp;__aeabi_ui2d
<LI><a href="#[183]">&gt;&gt;</a>&nbsp;&nbsp;&nbsp;rotVect_6X
<LI><a href="#[182]">&gt;&gt;</a>&nbsp;&nbsp;&nbsp;rotVect
<LI><a href="#[181]">&gt;&gt;</a>&nbsp;&nbsp;&nbsp;SpacePointAlgorithm
</UL>
<BR>[Called By]<UL><LI><a href="#[122]">&gt;&gt;</a>&nbsp;&nbsp;&nbsp;iNemoEngine_API_Update
</UL>

<P><STRONG><a name="[186]"></a>m_rt_atan2f_snf</STRONG> (Thumb, 190 bytes, Stack size 16 bytes, osx_motion_fx.o(.text))
<BR><BR>[Stack]<UL><LI>Max Depth = 200<LI>Call Chain = m_rt_atan2f_snf &rArr; atan2 &rArr; atan &rArr; __kernel_poly &rArr; __aeabi_dmul &rArr; _double_epilogue &rArr; _double_round
</UL>
<BR>[Calls]<UL><LI><a href="#[16a]">&gt;&gt;</a>&nbsp;&nbsp;&nbsp;__aeabi_i2d
<LI><a href="#[135]">&gt;&gt;</a>&nbsp;&nbsp;&nbsp;__aeabi_f2d
<LI><a href="#[138]">&gt;&gt;</a>&nbsp;&nbsp;&nbsp;__aeabi_d2f
<LI><a href="#[16d]">&gt;&gt;</a>&nbsp;&nbsp;&nbsp;atan2
<LI><a href="#[163]">&gt;&gt;</a>&nbsp;&nbsp;&nbsp;__aeabi_cfcmpeq
</UL>
<BR>[Called By]<UL><LI><a href="#[185]">&gt;&gt;</a>&nbsp;&nbsp;&nbsp;m_q2ypr2_eml
</UL>

<P><STRONG><a name="[18a]"></a>iNemoEngine_9p6_Propagate</STRONG> (Thumb, 1962 bytes, Stack size 160 bytes, osx_motion_fx.o(.text))
<BR><BR>[Stack]<UL><LI>Max Depth = 504<LI>Call Chain = iNemoEngine_9p6_Propagate &rArr; output_update &rArr; m_q2ypr2_eml &rArr; m_rt_atan2f_snf &rArr; atan2 &rArr; atan &rArr; __kernel_poly &rArr; __aeabi_dmul &rArr; _double_epilogue &rArr; _double_round
</UL>
<BR>[Calls]<UL><LI><a href="#[133]">&gt;&gt;</a>&nbsp;&nbsp;&nbsp;__aeabi_fmul
<LI><a href="#[132]">&gt;&gt;</a>&nbsp;&nbsp;&nbsp;__aeabi_fdiv
<LI><a href="#[135]">&gt;&gt;</a>&nbsp;&nbsp;&nbsp;__aeabi_f2d
<LI><a href="#[138]">&gt;&gt;</a>&nbsp;&nbsp;&nbsp;__aeabi_d2f
<LI><a href="#[142]">&gt;&gt;</a>&nbsp;&nbsp;&nbsp;__aeabi_ui2f
<LI><a href="#[13f]">&gt;&gt;</a>&nbsp;&nbsp;&nbsp;__aeabi_fsub
<LI><a href="#[134]">&gt;&gt;</a>&nbsp;&nbsp;&nbsp;__aeabi_fadd
<LI><a href="#[13c]">&gt;&gt;</a>&nbsp;&nbsp;&nbsp;sqrt
<LI><a href="#[163]">&gt;&gt;</a>&nbsp;&nbsp;&nbsp;__aeabi_cfcmpeq
<LI><a href="#[183]">&gt;&gt;</a>&nbsp;&nbsp;&nbsp;rotVect_6X
<LI><a href="#[1a7]">&gt;&gt;</a>&nbsp;&nbsp;&nbsp;SpacePointGyroPropRedist
<LI><a href="#[1a8]">&gt;&gt;</a>&nbsp;&nbsp;&nbsp;SpacePointCorrection
<LI><a href="#[189]">&gt;&gt;</a>&nbsp;&nbsp;&nbsp;SpacePointGyroProp
<LI><a href="#[188]">&gt;&gt;</a>&nbsp;&nbsp;&nbsp;output_update
<LI><a href="#[182]">&gt;&gt;</a>&nbsp;&nbsp;&nbsp;rotVect
<LI><a href="#[172]">&gt;&gt;</a>&nbsp;&nbsp;&nbsp;m_qmult_eml
</UL>
<BR>[Called By]<UL><LI><a href="#[123]">&gt;&gt;</a>&nbsp;&nbsp;&nbsp;iNemoEngine_API_Propagate
</UL>

<P><STRONG><a name="[1a8]"></a>SpacePointCorrection</STRONG> (Thumb, 174 bytes, Stack size 32 bytes, osx_motion_fx.o(.text))
<BR><BR>[Stack]<UL><LI>Max Depth = 180<LI>Call Chain = SpacePointCorrection &rArr; m_qmult_eml &rArr; __aeabi_fadd &rArr; _float_epilogue
</UL>
<BR>[Calls]<UL><LI><a href="#[133]">&gt;&gt;</a>&nbsp;&nbsp;&nbsp;__aeabi_fmul
<LI><a href="#[132]">&gt;&gt;</a>&nbsp;&nbsp;&nbsp;__aeabi_fdiv
<LI><a href="#[135]">&gt;&gt;</a>&nbsp;&nbsp;&nbsp;__aeabi_f2d
<LI><a href="#[138]">&gt;&gt;</a>&nbsp;&nbsp;&nbsp;__aeabi_d2f
<LI><a href="#[134]">&gt;&gt;</a>&nbsp;&nbsp;&nbsp;__aeabi_fadd
<LI><a href="#[13c]">&gt;&gt;</a>&nbsp;&nbsp;&nbsp;sqrt
<LI><a href="#[172]">&gt;&gt;</a>&nbsp;&nbsp;&nbsp;m_qmult_eml
</UL>
<BR>[Called By]<UL><LI><a href="#[18a]">&gt;&gt;</a>&nbsp;&nbsp;&nbsp;iNemoEngine_9p6_Propagate
</UL>

<P><STRONG><a name="[1a7]"></a>SpacePointGyroPropRedist</STRONG> (Thumb, 178 bytes, Stack size 24 bytes, osx_motion_fx.o(.text))
<BR><BR>[Stack]<UL><LI>Max Depth = 172<LI>Call Chain = SpacePointGyroPropRedist &rArr; m_qmult_eml &rArr; __aeabi_fadd &rArr; _float_epilogue
</UL>
<BR>[Calls]<UL><LI><a href="#[133]">&gt;&gt;</a>&nbsp;&nbsp;&nbsp;__aeabi_fmul
<LI><a href="#[132]">&gt;&gt;</a>&nbsp;&nbsp;&nbsp;__aeabi_fdiv
<LI><a href="#[135]">&gt;&gt;</a>&nbsp;&nbsp;&nbsp;__aeabi_f2d
<LI><a href="#[138]">&gt;&gt;</a>&nbsp;&nbsp;&nbsp;__aeabi_d2f
<LI><a href="#[134]">&gt;&gt;</a>&nbsp;&nbsp;&nbsp;__aeabi_fadd
<LI><a href="#[13c]">&gt;&gt;</a>&nbsp;&nbsp;&nbsp;sqrt
<LI><a href="#[172]">&gt;&gt;</a>&nbsp;&nbsp;&nbsp;m_qmult_eml
</UL>
<BR>[Called By]<UL><LI><a href="#[18a]">&gt;&gt;</a>&nbsp;&nbsp;&nbsp;iNemoEngine_9p6_Propagate
</UL>

<P><STRONG><a name="[1ab]"></a>osx_LibLocker_GetLibrary</STRONG> (Thumb, 46 bytes, Stack size 8 bytes, osxLibraryLocker100_CM3_Keil.o(.text))
<BR><BR>[Stack]<UL><LI>Max Depth = 8<LI>Call Chain = osx_LibLocker_GetLibrary
</UL>
<BR>[Called By]<UL><LI><a href="#[14e]">&gt;&gt;</a>&nbsp;&nbsp;&nbsp;osx_LibLocker_UnwrapAPIs
<LI><a href="#[14d]">&gt;&gt;</a>&nbsp;&nbsp;&nbsp;osx_LibLocker_SetHandle
<LI><a href="#[14c]">&gt;&gt;</a>&nbsp;&nbsp;&nbsp;osx_LibLocker_Authenticate
<LI><a href="#[1ad]">&gt;&gt;</a>&nbsp;&nbsp;&nbsp;osx_LibLocker_IsNodeFree
</UL>

<P><STRONG><a name="[1aa]"></a>osx_LibLocker_Decrypt16</STRONG> (Thumb, 92 bytes, Stack size 32 bytes, osxLibraryLocker100_CM3_Keil.o(.text))
<BR><BR>[Stack]<UL><LI>Max Depth = 32<LI>Call Chain = osx_LibLocker_Decrypt16
</UL>
<BR>[Called By]<UL><LI><a href="#[1a9]">&gt;&gt;</a>&nbsp;&nbsp;&nbsp;osx_LibLocker_Decrypt32
</UL>

<P><STRONG><a name="[1a9]"></a>osx_LibLocker_Decrypt32</STRONG> (Thumb, 76 bytes, Stack size 40 bytes, osxLibraryLocker100_CM3_Keil.o(.text))
<BR><BR>[Stack]<UL><LI>Max Depth = 72<LI>Call Chain = osx_LibLocker_Decrypt32 &rArr; osx_LibLocker_Decrypt16
</UL>
<BR>[Calls]<UL><LI><a href="#[1aa]">&gt;&gt;</a>&nbsp;&nbsp;&nbsp;osx_LibLocker_Decrypt16
</UL>
<BR>[Called By]<UL><LI><a href="#[14b]">&gt;&gt;</a>&nbsp;&nbsp;&nbsp;osx_LibLocker_RegisterLicense
</UL>

<P><STRONG><a name="[1ac]"></a>osx_LibLocker_RetrieveUID</STRONG> (Thumb, 52 bytes, Stack size 8 bytes, osxLibraryLocker100_CM3_Keil.o(.text))
<BR><BR>[Stack]<UL><LI>Max Depth = 8<LI>Call Chain = osx_LibLocker_RetrieveUID
</UL>
<BR>[Called By]<UL><LI><a href="#[14e]">&gt;&gt;</a>&nbsp;&nbsp;&nbsp;osx_LibLocker_UnwrapAPIs
<LI><a href="#[14c]">&gt;&gt;</a>&nbsp;&nbsp;&nbsp;osx_LibLocker_Authenticate
</UL>

<P><STRONG><a name="[427]"></a>_fp_digits</STRONG> (Thumb, 366 bytes, Stack size 64 bytes, printfa.o(i._fp_digits), UNUSED)
<BR><BR>[Calls]<UL><LI><a href="#[136]">&gt;&gt;</a>&nbsp;&nbsp;&nbsp;__aeabi_dmul
<LI><a href="#[13d]">&gt;&gt;</a>&nbsp;&nbsp;&nbsp;__aeabi_ddiv
<LI><a href="#[137]">&gt;&gt;</a>&nbsp;&nbsp;&nbsp;__aeabi_dadd
<LI><a href="#[141]">&gt;&gt;</a>&nbsp;&nbsp;&nbsp;__aeabi_cdrcmple
<LI><a href="#[1bd]">&gt;&gt;</a>&nbsp;&nbsp;&nbsp;__aeabi_uldivmod
<LI><a href="#[1c1]">&gt;&gt;</a>&nbsp;&nbsp;&nbsp;__aeabi_d2ulz
</UL>
<BR>[Called By]<UL><LI><a href="#[41d]">&gt;&gt;</a>&nbsp;&nbsp;&nbsp;_printf_core
</UL>

<P><STRONG><a name="[41d]"></a>_printf_core</STRONG> (Thumb, 1744 bytes, Stack size 136 bytes, printfa.o(i._printf_core), UNUSED)
<BR><BR>[Calls]<UL><LI><a href="#[1bd]">&gt;&gt;</a>&nbsp;&nbsp;&nbsp;__aeabi_uldivmod
<LI><a href="#[42a]">&gt;&gt;</a>&nbsp;&nbsp;&nbsp;__aeabi_uidivmod
<LI><a href="#[428]">&gt;&gt;</a>&nbsp;&nbsp;&nbsp;_printf_pre_padding
<LI><a href="#[429]">&gt;&gt;</a>&nbsp;&nbsp;&nbsp;_printf_post_padding
<LI><a href="#[427]">&gt;&gt;</a>&nbsp;&nbsp;&nbsp;_fp_digits
</UL>
<BR>[Called By]<UL><LI><a href="#[41f]">&gt;&gt;</a>&nbsp;&nbsp;&nbsp;__0vsnprintf
<LI><a href="#[41e]">&gt;&gt;</a>&nbsp;&nbsp;&nbsp;__0sprintf
<LI><a href="#[41c]">&gt;&gt;</a>&nbsp;&nbsp;&nbsp;__0printf
</UL>

<P><STRONG><a name="[429]"></a>_printf_post_padding</STRONG> (Thumb, 36 bytes, Stack size 24 bytes, printfa.o(i._printf_post_padding), UNUSED)
<BR><BR>[Called By]<UL><LI><a href="#[41d]">&gt;&gt;</a>&nbsp;&nbsp;&nbsp;_printf_core
</UL>

<P><STRONG><a name="[428]"></a>_printf_pre_padding</STRONG> (Thumb, 46 bytes, Stack size 24 bytes, printfa.o(i._printf_pre_padding), UNUSED)
<BR><BR>[Called By]<UL><LI><a href="#[41d]">&gt;&gt;</a>&nbsp;&nbsp;&nbsp;_printf_core
</UL>

<P><STRONG><a name="[f8]"></a>_snputc</STRONG> (Thumb, 22 bytes, Stack size 0 bytes, printfa.o(i._snputc))
<BR>[Address Reference Count : 1]<UL><LI> printfa.o(i.__0vsnprintf)
</UL>
<P><STRONG><a name="[f7]"></a>_sputc</STRONG> (Thumb, 10 bytes, Stack size 0 bytes, printfa.o(i._sputc))
<BR><BR>[Called By]<UL><LI><a href="#[41e]">&gt;&gt;</a>&nbsp;&nbsp;&nbsp;__0sprintf
</UL>
<BR>[Address Reference Count : 1]<UL><LI> printfa.o(i.__0sprintf)
</UL>
<P><STRONG><a name="[f1]"></a>_scanf_char_input</STRONG> (Thumb, 12 bytes, Stack size 0 bytes, scanf_char.o(.text))
<BR>[Address Reference Count : 1]<UL><LI> scanf_char.o(.text)
</UL><P>
<H3>
Undefined Global Symbols
</H3><HR></body></html>
