Component: ARM Compiler 5.06 update 2 (build 183) Tool: armlink [4d35b7]

==============================================================================

Section Cross References

    system_stm32l1xx.o(i.SystemCoreClockUpdate) refers to system_stm32l1xx.o(.data) for .data
    system_stm32l1xx.o(i.SystemCoreClockUpdate) refers to system_stm32l1xx.o(.constdata) for .constdata
    hci.o(i.HCI_Init) refers to list.o(i.list_init_head) for list_init_head
    hci.o(i.HCI_Init) refers to list.o(i.list_insert_tail) for list_insert_tail
    hci.o(i.HCI_Init) refers to hci.o(.data) for .data
    hci.o(i.HCI_Init) refers to hci.o(.bss) for .bss
    hci.o(i.HCI_Isr) refers to list.o(i.list_is_empty) for list_is_empty
    hci.o(i.HCI_Isr) refers to stm32_bluenrg_ble.o(i.Clear_SPI_EXTI_Flag) for Clear_SPI_EXTI_Flag
    hci.o(i.HCI_Isr) refers to list.o(i.list_remove_head) for list_remove_head
    hci.o(i.HCI_Isr) refers to stm32_bluenrg_ble.o(i.BlueNRG_SPI_Read_All) for BlueNRG_SPI_Read_All
    hci.o(i.HCI_Isr) refers to hci.o(i.HCI_verify) for HCI_verify
    hci.o(i.HCI_Isr) refers to list.o(i.list_insert_head) for list_insert_head
    hci.o(i.HCI_Isr) refers to list.o(i.list_insert_tail) for list_insert_tail
    hci.o(i.HCI_Isr) refers to stm32_bluenrg_ble.o(i.BlueNRG_DataPresent) for BlueNRG_DataPresent
    hci.o(i.HCI_Isr) refers to hci.o(.data) for .data
    hci.o(i.HCI_Process) refers to stm32_bluenrg_ble.o(i.Disable_SPI_IRQ) for Disable_SPI_IRQ
    hci.o(i.HCI_Process) refers to list.o(i.list_remove_head) for list_remove_head
    hci.o(i.HCI_Process) refers to stm32_bluenrg_ble.o(i.Enable_SPI_IRQ) for Enable_SPI_IRQ
    hci.o(i.HCI_Process) refers to bluest_protocol_examples.o(i.HCI_Event_CB) for HCI_Event_CB
    hci.o(i.HCI_Process) refers to list.o(i.list_insert_tail) for list_insert_tail
    hci.o(i.HCI_Process) refers to list.o(i.list_is_empty) for list_is_empty
    hci.o(i.HCI_Process) refers to stm32_bluenrg_ble.o(i.BlueNRG_SPI_Read_All) for BlueNRG_SPI_Read_All
    hci.o(i.HCI_Process) refers to stm32_bluenrg_ble.o(i.BlueNRG_DataPresent) for BlueNRG_DataPresent
    hci.o(i.HCI_Process) refers to hci.o(.data) for .data
    hci.o(i.HCI_Queue_Empty) refers to list.o(i.list_is_empty) for list_is_empty
    hci.o(i.HCI_Queue_Empty) refers to hci.o(.data) for .data
    hci.o(i.hci_disconnect) refers to osal.o(i.Osal_MemSet) for Osal_MemSet
    hci.o(i.hci_disconnect) refers to hci.o(i.hci_send_req) for hci_send_req
    hci.o(i.hci_le_add_device_to_white_list) refers to osal.o(i.Osal_MemCpy) for Osal_MemCpy
    hci.o(i.hci_le_add_device_to_white_list) refers to osal.o(i.Osal_MemSet) for Osal_MemSet
    hci.o(i.hci_le_add_device_to_white_list) refers to hci.o(i.hci_send_req) for hci_send_req
    hci.o(i.hci_le_clear_white_list) refers to osal.o(i.Osal_MemSet) for Osal_MemSet
    hci.o(i.hci_le_clear_white_list) refers to hci.o(i.hci_send_req) for hci_send_req
    hci.o(i.hci_le_create_connection) refers to osal.o(i.Osal_MemSet) for Osal_MemSet
    hci.o(i.hci_le_create_connection) refers to osal.o(i.Osal_MemCpy) for Osal_MemCpy
    hci.o(i.hci_le_create_connection) refers to hci.o(i.hci_send_req) for hci_send_req
    hci.o(i.hci_le_encrypt) refers to osal.o(i.Osal_MemSet) for Osal_MemSet
    hci.o(i.hci_le_encrypt) refers to osal.o(i.Osal_MemCpy) for Osal_MemCpy
    hci.o(i.hci_le_encrypt) refers to hci.o(i.hci_send_req) for hci_send_req
    hci.o(i.hci_le_ltk_request_neg_reply) refers to osal.o(i.Osal_MemSet) for Osal_MemSet
    hci.o(i.hci_le_ltk_request_neg_reply) refers to hci.o(i.hci_send_req) for hci_send_req
    hci.o(i.hci_le_ltk_request_reply) refers to osal.o(i.Osal_MemSet) for Osal_MemSet
    hci.o(i.hci_le_ltk_request_reply) refers to osal.o(i.Osal_MemCpy) for Osal_MemCpy
    hci.o(i.hci_le_ltk_request_reply) refers to hci.o(i.hci_send_req) for hci_send_req
    hci.o(i.hci_le_rand) refers to osal.o(i.Osal_MemSet) for Osal_MemSet
    hci.o(i.hci_le_rand) refers to hci.o(i.hci_send_req) for hci_send_req
    hci.o(i.hci_le_rand) refers to osal.o(i.Osal_MemCpy) for Osal_MemCpy
    hci.o(i.hci_le_read_advertising_channel_tx_power) refers to osal.o(i.Osal_MemSet) for Osal_MemSet
    hci.o(i.hci_le_read_advertising_channel_tx_power) refers to hci.o(i.hci_send_req) for hci_send_req
    hci.o(i.hci_le_read_buffer_size) refers to osal.o(i.Osal_MemSet) for Osal_MemSet
    hci.o(i.hci_le_read_buffer_size) refers to hci.o(i.hci_send_req) for hci_send_req
    hci.o(i.hci_le_read_channel_map) refers to osal.o(i.Osal_MemSet) for Osal_MemSet
    hci.o(i.hci_le_read_channel_map) refers to hci.o(i.hci_send_req) for hci_send_req
    hci.o(i.hci_le_read_channel_map) refers to osal.o(i.Osal_MemCpy) for Osal_MemCpy
    hci.o(i.hci_le_read_local_supported_features) refers to osal.o(i.Osal_MemSet) for Osal_MemSet
    hci.o(i.hci_le_read_local_supported_features) refers to hci.o(i.hci_send_req) for hci_send_req
    hci.o(i.hci_le_read_local_supported_features) refers to osal.o(i.Osal_MemCpy) for Osal_MemCpy
[...]
    LSM6DS3_ACC_GYRO_W_TAP_X_EN              0x08026069   Thumb Code    48  lsm6ds3_acc_gyro_driver.o(i.LSM6DS3_ACC_GYRO_W_TAP_X_EN)
    LSM6DS3_ACC_GYRO_W_TAP_Y_EN              0x08026099   Thumb Code    48  lsm6ds3_acc_gyro_driver.o(i.LSM6DS3_ACC_GYRO_W_TAP_Y_EN)
    LSM6DS3_ACC_GYRO_W_TAP_Z_EN              0x080260c9   Thumb Code    48  lsm6ds3_acc_gyro_driver.o(i.LSM6DS3_ACC_GYRO_W_TAP_Z_EN)
    LSM6DS3_ACC_GYRO_W_TILT_EN               0x080260f9   Thumb Code    48  lsm6ds3_acc_gyro_driver.o(i.LSM6DS3_ACC_GYRO_W_TILT_EN)
    LSM6DS3_ACC_GYRO_W_TIMER_HR              0x08026129   Thumb Code    48  lsm6ds3_acc_gyro_driver.o(i.LSM6DS3_ACC_GYRO_W_TIMER_HR)
    LSM6DS3_ACC_GYRO_W_TapEvOnInt1           0x08026159   Thumb Code    48  lsm6ds3_acc_gyro_driver.o(i.LSM6DS3_ACC_GYRO_W_TapEvOnInt1)
    LSM6DS3_ACC_GYRO_W_TiltEvOnInt1          0x08026189   Thumb Code    48  lsm6ds3_acc_gyro_driver.o(i.LSM6DS3_ACC_GYRO_W_TiltEvOnInt1)
    LSM6DS3_ACC_GYRO_W_WAKE_DUR              0x080261b9   Thumb Code    52  lsm6ds3_acc_gyro_driver.o(i.LSM6DS3_ACC_GYRO_W_WAKE_DUR)
    LSM6DS3_ACC_GYRO_W_WK_THS                0x080261ed   Thumb Code    50  lsm6ds3_acc_gyro_driver.o(i.LSM6DS3_ACC_GYRO_W_WK_THS)
    LSM6DS3_ACC_GYRO_W_WUEvOnInt1            0x0802621f   Thumb Code    48  lsm6ds3_acc_gyro_driver.o(i.LSM6DS3_ACC_GYRO_W_WUEvOnInt1)
    LSM6DS3_ACC_GYRO_W_XEN_XL                0x0802624f   Thumb Code    48  lsm6ds3_acc_gyro_driver.o(i.LSM6DS3_ACC_GYRO_W_XEN_XL)
    LSM6DS3_ACC_GYRO_W_YEN_XL                0x0802627f   Thumb Code    48  lsm6ds3_acc_gyro_driver.o(i.LSM6DS3_ACC_GYRO_W_YEN_XL)
    LSM6DS3_ACC_GYRO_W_ZEN_XL                0x080262af   Thumb Code    48  lsm6ds3_acc_gyro_driver.o(i.LSM6DS3_ACC_GYRO_W_ZEN_XL)
    LSM6DS3_Sensor_IO_ITConfig               0x0802632d   Thumb Code   124  wesu_sensors.o(i.LSM6DS3_Sensor_IO_ITConfig)
    LedManageEnd                             0x08026fbd   Thumb Code     2  wesu_config_examples.o(i.LedManageEnd)
    LedManageStart                           0x08026fc1   Thumb Code    20  wesu_config_examples.o(i.LedManageStart)
    LedSmoothBlinkGpio                       0x08026fd9   Thumb Code    18  wesu.o(i.LedSmoothBlinkGpio)
    LedSmoothRampDownGpio                    0x08026feb   Thumb Code    26  wesu.o(i.LedSmoothRampDownGpio)
    LedSmoothRampUpGpio                      0x08027005   Thumb Code    30  wesu.o(i.LedSmoothRampUpGpio)
    Led_Pwm                                  0x08027023   Thumb Code    48  wesu.o(i.Led_Pwm)
    ManageTerminal                           0x0802716d   Thumb Code    62  console_examples.o(i.ManageTerminal)
    MemManage_Handler                        0x080271b9   Thumb Code     2  stm32l1xx_it.o(i.MemManage_Handler)
    NMI_Handler                              0x080271bb   Thumb Code     2  stm32l1xx_it.o(i.NMI_Handler)
    Osal_MemCpy                              0x080271dd   Thumb Code     4  osal.o(i.Osal_MemCpy)
    Osal_MemSet                              0x080271e1   Thumb Code     4  osal.o(i.Osal_MemSet)
    PendSV_Handler                           0x080272c9   Thumb Code     2  stm32l1xx_it.o(i.PendSV_Handler)
    Press_Update                             0x080272cd   Thumb Code   158  bluest_protocol_examples.o(i.Press_Update)
    ProcDbgGetExample                        0x080273a1   Thumb Code   108  console_examples.o(i.ProcDbgGetExample)
    ProcDbgGetFwVersion                      0x08027485   Thumb Code    52  console_examples.o(i.ProcDbgGetFwVersion)
    ProcDbgGetMcuId                          0x080274e5   Thumb Code   220  console_examples.o(i.ProcDbgGetMcuId)
    ProcDbgHelp                              0x08027639   Thumb Code   238  console_examples.o(i.ProcDbgHelp)
    ProcDbgLedBlinkme                        0x08027749   Thumb Code    98  console_examples.o(i.ProcDbgLedBlinkme)
    ProcDbgRebootOta                         0x080277e9   Thumb Code   276  console_examples.o(i.ProcDbgRebootOta)
    ProcDbgResetStc3115I2C                   0x08027965   Thumb Code   136  wesu_gg.o(i.ProcDbgResetStc3115I2C)
    ProcDbgSettime                           0x08027a2d   Thumb Code   454  console_examples.o(i.ProcDbgSettime)
    ProcDbgViewtime                          0x08027c9d   Thumb Code   220  console_examples.o(i.ProcDbgViewtime)
    ProcessTermCommand                       0x08027dc1   Thumb Code   152  console_examples.o(i.ProcessTermCommand)
    ProcessTerminalStringBle                 0x08027e89   Thumb Code   108  console_examples.o(i.ProcessTerminalStringBle)
    Pwr_Update                               0x08027efd   Thumb Code    82  bluest_protocol_examples.o(i.Pwr_Update)
    RTC_Bcd2ToByte                           0x08027fcd   Thumb Code    18  stm32l1xx_hal_rtc.o(i.RTC_Bcd2ToByte)
    RTC_ByteToBcd2                           0x08027fdf   Thumb Code    22  stm32l1xx_hal_rtc.o(i.RTC_ByteToBcd2)
    RTC_EnterInitMode                        0x08027ff5   Thumb Code    56  stm32l1xx_hal_rtc.o(i.RTC_EnterInitMode)
    Read_Request_CB                          0x0802807d   Thumb Code   160  bluest_protocol_examples.o(i.Read_Request_CB)
    STC3115_AlarmClear                       0x08028515   Thumb Code     8  stc3115_driver_00.o(i.STC3115_AlarmClear)
    STC3115_AlarmGet                         0x0802851d   Thumb Code    20  stc3115_driver_00.o(i.STC3115_AlarmGet)
    STC3115_AlarmSet                         0x08028531   Thumb Code    26  stc3115_driver_00.o(i.STC3115_AlarmSet)
    STC3115_AlarmSetSOCThreshold             0x08028561   Thumb Code    10  stc3115_driver_00.o(i.STC3115_AlarmSetSOCThreshold)
    STC3115_AlarmSetVoltageThreshold         0x08028585   Thumb Code    18  stc3115_driver_00.o(i.STC3115_AlarmSetVoltageThreshold)
    STC3115_AlarmStop                        0x08028597   Thumb Code    28  stc3115_driver_00.o(i.STC3115_AlarmStop)
    STC3115_SetPowerSavingMode               0x08028855   Thumb Code    26  stc3115_driver_00.o(i.STC3115_SetPowerSavingMode)
    SVC_Handler                              0x08028923   Thumb Code     2  stm32l1xx_it.o(i.SVC_Handler)
    Sensor_IO_Init                           0x08028925   Thumb Code    14  wesu_sensors.o(i.Sensor_IO_Init)
    Sensor_IO_Read                           0x08028935   Thumb Code    64  wesu_sensors.o(i.Sensor_IO_Read)
    Sensor_IO_Write                          0x08028979   Thumb Code    56  wesu_sensors.o(i.Sensor_IO_Write)
    SensorsConfig                            0x080289b5   Thumb Code   126  wesu_config_examples.o(i.SensorsConfig)
    Stderr_Update                            0x08028c21   Thumb Code    82  bluest_protocol_examples.o(i.Stderr_Update)
    Switch_To_OTA_Service_Manager_Application 0x08028c7d   Thumb Code    14  wesu_config_examples.o(i.Switch_To_OTA_Service_Manager_Application)
    SysTick_Handler                          0x08028c91   Thumb Code     4  stm32l1xx_it.o(i.SysTick_Handler)
    SystemClock_Config_RTC_HSE32MHz          0x08028c95   Thumb Code   126  main_examples.o(i.SystemClock_Config_RTC_HSE32MHz)
    SystemInit                               0x08028d1d   Thumb Code    60  system_stm32l1xx.o(i.SystemInit)
    Temp_Update                              0x08028d6d   Thumb Code   150  bluest_protocol_examples.o(i.Temp_Update)
    Term_Update                              0x08028e39   Thumb Code   192  bluest_protocol_examples.o(i.Term_Update)
    Timer_Expired                            0x08028fed   Thumb Code    28  gp_timer.o(i.Timer_Expired)
    Timer_Set                                0x08029009   Thumb Code    14  gp_timer.o(i.Timer_Set)
    USART2_IRQHandler                        0x08029455   Thumb Code     6  stm32l1xx_it.o(i.USART2_IRQHandler)
    UsageFault_Handler                       0x08029461   Thumb Code     2  stm32l1xx_it.o(i.UsageFault_Handler)
    WESU_PRINTF_BLE                          0x08029c15   Thumb Code    54  console_examples.o(i.WESU_PRINTF_BLE)
    WESU_PRINTF_USART                        0x08029c55   Thumb Code    50  console_examples.o(i.WESU_PRINTF_USART)
    WeSU_GetDateTime                         0x08029c8d   Thumb Code   124  wesu_rtc.o(i.WeSU_GetDateTime)
    WeSU_SetDateTime                         0x08029d0d   Thumb Code   162  wesu_rtc.o(i.WeSU_SetDateTime)
    WesuRtcConfig                            0x08029db5   Thumb Code    84  wesu_rtc.o(i.WesuRtcConfig)
    __0printf                                0x08029e0d   Thumb Code    22  printfa.o(i.__0printf)
    __1printf                                0x08029e0d   Thumb Code     0  printfa.o(i.__0printf)
    __2printf                                0x08029e0d   Thumb Code     0  printfa.o(i.__0printf)
    __c89printf                              0x08029e0d   Thumb Code     0  printfa.o(i.__0printf)
    printf                                   0x08029e0d   Thumb Code     0  printfa.o(i.__0printf)
    __0sprintf                               0x08029e2d   Thumb Code    34  printfa.o(i.__0sprintf)
    __1sprintf                               0x08029e2d   Thumb Code     0  printfa.o(i.__0sprintf)
    __2sprintf                               0x08029e2d   Thumb Code     0  printfa.o(i.__0sprintf)
    __c89sprintf                             0x08029e2d   Thumb Code     0  printfa.o(i.__0sprintf)
    sprintf                                  0x08029e2d   Thumb Code     0  printfa.o(i.__0sprintf)
    __0vsnprintf                             0x08029e55   Thumb Code    32  printfa.o(i.__0vsnprintf)
    __1vsnprintf                             0x08029e55   Thumb Code     0  printfa.o(i.__0vsnprintf)
    __2vsnprintf                             0x08029e55   Thumb Code     0  printfa.o(i.__0vsnprintf)
    __c89vsnprintf                           0x08029e55   Thumb Code     0  printfa.o(i.__0vsnprintf)
    vsnprintf                                0x08029e55   Thumb Code     0  printfa.o(i.__0vsnprintf)
    __ARM_fpclassify                         0x08029e79   Thumb Code    40  fpclassify.o(i.__ARM_fpclassify)
    __kernel_poly                            0x08029ea1   Thumb Code   170  poly.o(i.__kernel_poly)
    __mathlib_dbl_divzero                    0x08029f4d   Thumb Code    12  dunder.o(i.__mathlib_dbl_divzero)
    __mathlib_dbl_infnan2                    0x08029f5d   Thumb Code     4  dunder.o(i.__mathlib_dbl_infnan2)
    __mathlib_dbl_invalid                    0x08029f61   Thumb Code    12  dunder.o(i.__mathlib_dbl_invalid)
    __mathlib_dbl_overflow                   0x08029f6d   Thumb Code    14  dunder.o(i.__mathlib_dbl_overflow)
    __mathlib_dbl_underflow                  0x08029f7d   Thumb Code    10  dunder.o(i.__mathlib_dbl_underflow)
    __scatterload_copy                       0x08029f8d   Thumb Code    14  handlers.o(i.__scatterload_copy)
    __scatterload_null                       0x08029f9b   Thumb Code     2  handlers.o(i.__scatterload_null)
    __scatterload_zeroinit                   0x08029f9d   Thumb Code    14  handlers.o(i.__scatterload_zeroinit)
    __set_errno                              0x08029fad   Thumb Code     6  errno.o(i.__set_errno)
    aci_gap_init                             0x0802a86b   Thumb Code   118  bluenrg_gap_aci.o(i.aci_gap_init)
    aci_gap_set_auth_requirement             0x0802a8e1   Thumb Code   118  bluenrg_gap_aci.o(i.aci_gap_set_auth_requirement)
    aci_gap_set_discoverable                 0x0802a957   Thumb Code   192  bluenrg_gap_aci.o(i.aci_gap_set_discoverable)
    aci_gap_set_non_discoverable             0x0802aa17   Thumb Code    58  bluenrg_gap_aci.o(i.aci_gap_set_non_discoverable)
    aci_gap_update_adv_data                  0x0802aa51   Thumb Code    90  bluenrg_gap_aci.o(i.aci_gap_update_adv_data)
    aci_gatt_add_char                        0x0802aaab   Thumb Code   186  bluenrg_gatt_aci.o(i.aci_gatt_add_char)
    aci_gatt_add_serv                        0x0802ab65   Thumb Code   132  bluenrg_gatt_aci.o(i.aci_gatt_add_serv)
    aci_gatt_allow_read                      0x0802abe9   Thumb Code    72  bluenrg_gatt_aci.o(i.aci_gatt_allow_read)
    aci_gatt_init                            0x0802ac31   Thumb Code    60  bluenrg_gatt_aci.o(i.aci_gatt_init)
    aci_gatt_update_char_value               0x0802ac6d   Thumb Code   128  bluenrg_gatt_aci.o(i.aci_gatt_update_char_value)
    aci_gatt_write_response                  0x0802aced   Thumb Code   132  bluenrg_gatt_aci.o(i.aci_gatt_write_response)
    aci_hal_set_tx_power_level               0x0802ad71   Thumb Code    74  bluenrg_hal_aci.o(i.aci_hal_set_tx_power_level)
    aci_hal_write_config_data                0x0802adbb   Thumb Code    98  bluenrg_hal_aci.o(i.aci_hal_write_config_data)
    consoleDeInit                            0x0802ae1d   Thumb Code    54  console_examples.o(i.consoleDeInit)
    consoleInit                              0x0802ae5d   Thumb Code    54  console_examples.o(i.consoleInit)
    floatToInt                               0x0802ae9d   Thumb Code    80  main_examples.o(i.floatToInt)
    fputc                                    0x0802aef1   Thumb Code    18  fputc.o(i.fputc)
    getBlueNRGVersion                        0x0802af03   Thumb Code    82  wesu_config_examples.o(i.getBlueNRGVersion)
    hci_le_read_local_version                0x0802af55   Thumb Code   128  hci.o(i.hci_le_read_local_version)
    hci_le_set_scan_resp_data                0x0802afd5   Thumb Code   100  hci.o(i.hci_le_set_scan_resp_data)
    hci_send_cmd                             0x0802b039   Thumb Code    48  hci.o(i.hci_send_cmd)
    hci_send_req                             0x0802b069   Thumb Code   318  hci.o(i.hci_send_req)
    hci_write                                0x0802b1b1   Thumb Code     4  hci.o(i.hci_write)
    list_init_head                           0x0802b1b5   Thumb Code     6  list.o(i.list_init_head)
    list_insert_head                         0x0802b1bb   Thumb Code    14  list.o(i.list_insert_head)
    list_insert_tail                         0x0802b1c9   Thumb Code    14  list.o(i.list_insert_tail)
    list_is_empty                            0x0802b1d7   Thumb Code    14  list.o(i.list_is_empty)
    list_remove_head                         0x0802b1e5   Thumb Code    26  list.o(i.list_remove_head)
    list_remove_node                         0x0802b1ff   Thumb Code    12  list.o(i.list_remove_node)
    main                                     0x0802b20d   Thumb Code   110  main_examples.o(i.main)
    pow                                      0x0802b2c9   Thumb Code  2512  pow.o(i.pow)
    safe_aci_gatt_update_char_value          0x0802bca1   Thumb Code    40  bluest_protocol_examples.o(i.safe_aci_gatt_update_char_value)
    setConnectable                           0x0802bccd   Thumb Code   158  wesu_config_examples.o(i.setConnectable)
    set_irq_as_input                         0x0802bda9   Thumb Code    50  stm32_bluenrg_ble.o(i.set_irq_as_input)
    sqrt                                     0x0802bde5   Thumb Code    76  sqrt.o(i.sqrt)
    trunc                                    0x0802be31   Thumb Code    96  trunc.o(i.trunc)
    uartSendChar                             0x0802be95   Thumb Code    20  console_examples.o(i.uartSendChar)
    PLLMulTable                              0x0802beac   Data           9  system_stm32l1xx.o(.constdata)
    AHBPrescTable                            0x0802beb5   Data          16  system_stm32l1xx.o(.constdata)
    APBPrescTable                            0x0802bec5   Data           8  system_stm32l1xx.o(.constdata)
    CLOCK_SECOND                             0x0802bed0   Data           4  clock.o(.constdata)
    nFwVer                                   0x0802bedc   Data          19  main_examples.o(.constdata)
    BUTTON_IRQn                              0x0802bef0   Data           1  wesu.o(.constdata)
    GPIO_ON_PIN_STATUS                       0x0802bef1   Data           2  wesu.o(.constdata)
    GPIO_OFF_PIN_STATUS                      0x0802bef3   Data           2  wesu.o(.constdata)
    BUTTON_PIN                               0x0802bef6   Data           2  wesu.o(.constdata)
    GPIO_PIN                                 0x0802bef8   Data           4  wesu.o(.constdata)
    GPIO_MODE                                0x0802befc   Data           4  wesu.o(.constdata)
    __mathlib_zero                           0x0802bfc8   Data           8  qnan.o(.constdata)
    Region$$Table$$Base                      0x0802c0e0   Number         0  anon$$obj.o(Region$$Table)
    Region$$Table$$Limit                     0x0802c100   Number         0  anon$$obj.o(Region$$Table)
    SystemCoreClock                          0x20000000   Data           4  system_stm32l1xx.o(.data)
    hciReadPktPool                           0x20000008   Data           8  hci.o(.data)
    hciReadPktRxQueue                        0x20000010   Data           8  hci.o(.data)
    set_connectable                          0x20000018   Data           1  bluest_protocol_examples.o(.data)
    bBlueNRGErrorFlag                        0x2000001a   Data           1  bluest_protocol_examples.o(.data)
    BytesToWrite                             0x2000001b   Data           1  bluest_protocol_examples.o(.data)
    connection_handle                        0x2000001e   Data           2  bluest_protocol_examples.o(.data)
    TimeStamp                                0x20000020   Data           2  bluest_protocol_examples.o(.data)
    HWServHandle                             0x20000022   Data           2  bluest_protocol_examples.o(.data)
    pwrCharHandle                            0x20000024   Data           2  bluest_protocol_examples.o(.data)
    TemperatureCharHandle                    0x20000026   Data           2  bluest_protocol_examples.o(.data)
    PressureCharHandle                       0x20000028   Data           2  bluest_protocol_examples.o(.data)
    AccGyroMagCharHandle                     0x2000002a   Data           2  bluest_protocol_examples.o(.data)
    QuaterFloatCharHandle                    0x2000002c   Data           2  bluest_protocol_examples.o(.data)
    ConsoleBlueSTHandle                      0x2000002e   Data           2  bluest_protocol_examples.o(.data)
    TermCharHandle                           0x20000030   Data           2  bluest_protocol_examples.o(.data)
    StdErrCharHandle                         0x20000032   Data           2  bluest_protocol_examples.o(.data)
    bIsConnected                             0x20000034   Data           4  bluest_protocol_examples.o(.data)
    StdErrNotification                       0x20000038   Data           4  bluest_protocol_examples.o(.data)
    TermNotification                         0x2000003c   Data           4  bluest_protocol_examples.o(.data)
    ConnectionTemp                           0x20000040   Data           4  bluest_protocol_examples.o(.data)
    ConnectionPres                           0x20000044   Data           4  bluest_protocol_examples.o(.data)
    ConnectionAccGyroMag                     0x20000048   Data           4  bluest_protocol_examples.o(.data)
    bWesuPrintfBleMutex                      0x20000050   Data           1  console_examples.o(.data)
    bCmdStringsVectLocked                    0x20000051   Data           1  console_examples.o(.data)
    cChannel                                 0x20000052   Data           1  console_examples.o(.data)
    nTerminalIndex                           0x20000054   Data           4  console_examples.o(.data)
    xCmdStructVect                           0x2000005c   Data        1984  console_examples.o(.data)
    LsmXGInt1Ready                           0x2000081c   Data           1  main_examples.o(.data)
    LsmXGInt2Ready                           0x2000081d   Data           1  main_examples.o(.data)
    LisIntReady                              0x2000081e   Data           1  main_examples.o(.data)
    LsmDrdyMReady                            0x2000081f   Data           1  main_examples.o(.data)
    GasGaugeInterrupt                        0x20000820   Data           1  main_examples.o(.data)
    bDebuggerConnected                       0x20000821   Data           1  main_examples.o(.data)
    nPowerMode                               0x20000822   Data           1  main_examples.o(.data)
    WeSU_DEBUG_SEVERITY_ble                  0x20000824   Data           2  main_examples.o(.data)
    WeSU_DEBUG_SEVERITY_usart                0x20000826   Data           2  main_examples.o(.data)
    nChargepercent                           0x20000828   Data           2  main_examples.o(.data)
    nReadSensorMask                          0x2000082a   Data           2  main_examples.o(.data)
    ACCELERO_handle                          0x2000082c   Data           4  main_examples.o(.data)
    GYRO_handle                              0x20000830   Data           4  main_examples.o(.data)
    MAGNETO_handle                           0x20000834   Data           4  main_examples.o(.data)
    PRESSURE_handle                          0x20000838   Data           4  main_examples.o(.data)
    TEMPERATURE_handle                       0x2000083c   Data           4  main_examples.o(.data)
    nLastConnectionTick                      0x20000840   Data           4  main_examples.o(.data)
    UsbConnected                             0x20000844   Data           4  main_examples.o(.data)
    SystemClock_Config_APP_STARTUP           0x20000848   Data           4  main_examples.o(.data)
    ButtonPressed                            0x2000084c   Data           4  main_examples.o(.data)
    pressure                                 0x20000860   Data           4  main_examples.o(.data)
    temperature                              0x20000864   Data           4  main_examples.o(.data)
    nReadPower                               0x20000868   Data           4  main_examples.o(.data)
    fBatteryVolt                             0x2000086c   Data           4  main_examples.o(.data)
    fCurrentuA                               0x20000870   Data           4  main_examples.o(.data)
    ACC_Value                                0x20000874   Data           6  main_examples.o(.data)
    GYR_Value                                0x2000087a   Data           6  main_examples.o(.data)
    MAG_Value                                0x20000880   Data           6  main_examples.o(.data)
    PRESS_Value                              0x20000888   Data           4  main_examples.o(.data)
    TEMP_Value                               0x2000088c   Data           4  main_examples.o(.data)
    BATT_V_Value                             0x20000890   Data           2  main_examples.o(.data)
    BATT_I_Value                             0x20000892   Data           2  main_examples.o(.data)
    BATT_SOC_Value                           0x20000894   Data           2  main_examples.o(.data)
    BATT_STATUS_Value                        0x20000896   Data           1  main_examples.o(.data)
    sensorStatusAccelero                     0x20000898   Data           1  wesu_config_examples.o(.data)
    xBNRG_HW_ver                             0x2000089a   Data           2  wesu_config_examples.o(.data)
    xBNRG_FW_ver                             0x2000089c   Data           2  wesu_config_examples.o(.data)
    uwTick                                   0x200008ac   Data           4  stm32l1xx_hal.o(.data)
    bWdgConfigured                           0x200008b0   Data           1  wesu.o(.data)
    WeSU_IWDG_RELOAD_VALUE                   0x200008b2   Data           2  wesu.o(.data)
    BUTTON_PORT                              0x200008b4   Data           4  wesu.o(.data)
    uwCaptureNumber                          0x200008b8   Data           4  wesu.o(.data)
    uwPeriodValue                            0x200008bc   Data           4  wesu.o(.data)
    uwMeasurementDone                        0x200008c0   Data           4  wesu.o(.data)
    tmpCC1                                   0x200008c4   Data           4  wesu.o(.data)
    nLedMaxValue                             0x200008c8   Data           4  wesu.o(.data)
    nLsiFreq                                 0x200008cc   Data           4  wesu.o(.data)
    GPIO_PORT                                0x200008d0   Data           8  wesu.o(.data)
    nLAST_LED_TURN_ON                        0x200008d8   Data           8  wesu.o(.data)
    PWR_I2C_Timeout                          0x200008e8   Data           4  wesu_gg.o(.data)
    stc3115_drv                              0x20000948   Data          80  stc3115.o(.data)
    LSM6DS3_X_ExtDrv                         0x20000998   Data         148  lsm6ds3_acc_gyro_driver_hl.o(.data)
    LSM6DS3_X_Drv                            0x20000a2c   Data          68  lsm6ds3_acc_gyro_driver_hl.o(.data)
    __stdout                                 0x20000a70   Data           4  stdout.o(.data)
    hdma_tim3_ch3                            0x20000d34   Data          68  stm32l1xx_hal_msp.o(.bss)
    BufferToWrite                            0x20000d78   Data         256  bluest_protocol_examples.o(.bss)
    cTerminalString                          0x20000ea0   Data         201  console_examples.o(.bss)
    cSerialString                            0x20000f69   Data         200  console_examples.o(.bss)
    UartHandle                               0x20001034   Data          64  console_examples.o(.bss)
    sDestString                              0x20001074   Data         101  console_examples.o(.bss)
    acceleration                             0x200010dc   Data          12  main_examples.o(.bss)
    angular_rate                             0x200010e8   Data          12  main_examples.o(.bss)
    magnetic_field                           0x200010f4   Data          12  main_examples.o(.bss)
    RtcHandle                                0x20001100   Data          32  main_examples.o(.bss)
    pFlash                                   0x20001120   Data          24  stm32l1xx_hal_flash.o(.bss)
    BNRGSpiHandle                            0x20001138   Data          88  stm32_bluenrg_ble.o(.bss)
    SENSORSSpiHandle                         0x200011f8   Data          88  wesu_sensors.o(.bss)
    RAMData                                  0x20001250   Data          16  stc3115_driver_00.o(.bss)
    __initial_sp                             0x200022c0   Data           0  startup_stm32l151xe.o(STACK)



==============================================================================

Memory Map of the image

  Image Entry point : 0x08020125

  Load Region LR_IROM1 (Base: 0x08020000, Size: 0x0000cb78, Max: 0x00080000, ABSOLUTE, COMPRESSED[0x0000c324])

    Execution Region ER_IROM1 (Base: 0x08020000, Size: 0x0000c100, Max: 0x00080000, ABSOLUTE)

    Base Addr    Size         Type   Attr      Idx    E Section Name        Object

    0x08020000   0x00000124   Data   RO         5756    RESET               startup_stm32l151xe.o
    0x08020124   0x00000000   Code   RO        11189  * .ARM.Collect$$$$00000000  mc_w.l(entry.o)
    0x08020124   0x00000004   Code   RO        11522    .ARM.Collect$$$$00000001  mc_w.l(entry2.o)
    0x08020128   0x00000004   Code   RO        11525    .ARM.Collect$$$$00000004  mc_w.l(entry5.o)
    0x0802012c   0x00000000   Code   RO        11527    .ARM.Collect$$$$00000008  mc_w.l(entry7b.o)
    0x0802012c   0x00000000   Code   RO        11529    .ARM.Collect$$$$0000000A  mc_w.l(entry8b.o)
    0x0802012c   0x00000008   Code   RO        11530    .ARM.Collect$$$$0000000B  mc_w.l(entry9a.o)
    0x08020134   0x00000000   Code   RO        11532    .ARM.Collect$$$$0000000D  mc_w.l(entry10a.o)
    0x08020134   0x00000000   Code   RO        11534    .ARM.Collect$$$$0000000F  mc_w.l(entry11a.o)
    0x08020134   0x00000004   Code   RO        11523    .ARM.Collect$$$$00002712  mc_w.l(entry2.o)
    0x08020138   0x00000024   Code   RO         5757    .text               startup_stm32l151xe.o
    0x0802015c   0x00000028   Code   RO        11194    .text               mc_w.l(memcpy.o)
    0x08020184   0x00000024   Code   RO        11200    .text               mc_w.l(memseta.o)
    0x080201a8   0x00000024   Code   RO        11202    .text               mc_w.l(strstr.o)
    0x080201cc   0x00000018   Code   RO        11204    .text               mc_w.l(strncpy.o)
    0x080201e4   0x0000000e   Code   RO        11206    .text               mc_w.l(strlen.o)
    0x080201f2   0x0000001e   Code   RO        11208    .text               mc_w.l(strncmp.o)
    0x08020210   0x000000b0   Code   RO        11475    .text               mf_w.l(fadd.o)
    0x080202c0   0x00000064   Code   RO        11477    .text               mf_w.l(fmul.o)
    0x08020324   0x0000007c   Code   RO        11479    .text               mf_w.l(fdiv.o)
    0x080203a0   0x000000e4   Code   RO        11481    .text               mf_w.l(dmul.o)
    0x08020484   0x00000012   Code   RO        11483    .text               mf_w.l(fflti.o)
    0x08020496   0x00000022   Code   RO        11485    .text               mf_w.l(dflti.o)
    0x080204b8   0x00000032   Code   RO        11487    .text               mf_w.l(ffixi.o)
    0x080204ea   0x00000028   Code   RO        11489    .text               mf_w.l(ffixui.o)
    0x08020512   0x0000003e   Code   RO        11491    .text               mf_w.l(dfixi.o)
    0x08020550   0x00000026   Code   RO        11493    .text               mf_w.l(f2d.o)
    0x08020576   0x0000002c   Code   RO        11539    .text               mc_w.l(uidiv.o)
    0x080205a2   0x00000062   Code   RO        11541    .text               mc_w.l(uldiv.o)
    0x08020604   0x00000020   Code   RO        11543    .text               mc_w.l(llushr.o)
    0x08020624   0x00000000   Code   RO        11552    .text               mc_w.l(iusefp.o)
    0x08020624   0x0000006e   Code   RO        11553    .text               mf_w.l(fepilogue.o)
    0x08020692   0x000000ba   Code   RO        11555    .text               mf_w.l(depilogue.o)
    0x0802074c   0x0000014e   Code   RO        11557    .text               mf_w.l(dadd.o)
    0x0802089a   0x000000de   Code   RO        11559    .text               mf_w.l(ddiv.o)
    0x08020978   0x0000002e   Code   RO        11561    .text               mf_w.l(dscalb.o)
    0x080209a6   0x00000002   PAD
    0x080209a8   0x00000088   Code   RO        11563    .text               mf_w.l(drnd.o)
    0x08020a30   0x00000030   Code   RO        11565    .text               mf_w.l(dfixul.o)
    0x08020a60   0x00000030   Code   RO        11567    .text               mf_w.l(cdcmple.o)
    0x08020a90   0x00000030   Code   RO        11569    .text               mf_w.l(cdrcmple.o)
    0x08020ac0   0x00000024   Code   RO        11571    .text               mc_w.l(init.o)
    0x08020ae4   0x00000000   Code   RO        11573    .text               mc_w.l(semi.o)
    0x08020ae4   0x0000001e   Code   RO        11574    .text               mc_w.l(llshl.o)
    0x08020b02   0x00000024   Code   RO        11576    .text               mc_w.l(llsshr.o)
    0x08020b26   0x00000000   Code   RO        11578    .text               mc_w.l(iusesemip.o)
    0x08020b26   0x000000a2   Code   RO        11579    .text               mf_w.l(dsqrt.o)
    0x08020bc8   0x00000056   Code   RO        11589    .text               mc_w.l(__dczerorl2.o)
    0x08020c1e   0x00000002   PAD
    0x08020c20   0x00000148   Code   RO         1610    i.AccGyroMag_Update  bluest_protocol_examples.o
    0x08020d68   0x00000164   Code   RO         1611    i.Add_Console_Service  bluest_protocol_examples.o
    0x08020ecc   0x0000025c   Code   RO         1612    i.Add_Feature_Service  bluest_protocol_examples.o
    0x08021128   0x00000002   Code   RO         1554    i.Algorithms_Init   algorithms_examples.o
    0x0802112a   0x00000002   Code   RO         1555    i.Algorithms_Process  algorithms_examples.o
    0x0802112c   0x00000188   Code   RO         1613    i.Attribute_Modified_CB  bluest_protocol_examples.o
    0x080212b4   0x00000038   Code   RO         5764    i.BNRG_SPI_Init     stm32_bluenrg_ble.o
    0x080212ec   0x0000001a   Code   RO         6487    i.BSP_ACCELERO_Get_Axes  wesu_accelero.o
    0x08021306   0x00000014   Code   RO         6502    i.BSP_ACCELERO_Init  wesu_accelero.o
    0x0802131a   0x00000010   Code   RO         6505    i.BSP_ACCELERO_IsInitialized  wesu_accelero.o
    0x0802132a   0x00000018   Code   RO         6506    i.BSP_ACCELERO_Sensor_Disable  wesu_accelero.o
    0x08021342   0x00000018   Code   RO         6507    i.BSP_ACCELERO_Sensor_Enable  wesu_accelero.o
    0x0802135a   0x00000018   Code   RO         6510    i.BSP_ACCELERO_Set_FS_Value  wesu_accelero.o
    0x08021372   0x00000018   Code   RO         6514    i.BSP_ACCELERO_Set_ODR_Value  wesu_accelero.o
    0x0802138a   0x00000002   PAD
    0x0802138c   0x00000044   Code   RO         6118    i.BSP_BatteryChargerTask  wesu_charger.o
    0x080213d0   0x00000010   Code   RO         6119    i.BSP_CHARGER_Disable  wesu_charger.o
    0x080213e0   0x00000010   Code   RO         6120    i.BSP_CHARGER_Enable  wesu_charger.o
    0x080213f0   0x00000024   Code   RO         6121    i.BSP_CHARGER_GetState  wesu_charger.o
    0x08021414   0x0000000c   Code   RO         6122    i.BSP_CHARGER_IO_GetGPIOState  wesu_charger.o
    0x08021420   0x00000074   Code   RO         6123    i.BSP_CHARGER_Init  wesu_charger.o
    0x08021494   0x00000058   Code   RO         5873    i.BSP_EEPROM_WriteBuffer  wesu.o
    0x080214ec   0x00000014   Code   RO         6193    i.BSP_GG_GetCurrent  wesu_gg.o
    0x08021500   0x00000014   Code   RO         6197    i.BSP_GG_GetSOC     wesu_gg.o
    0x08021514   0x00000014   Code   RO         6199    i.BSP_GG_GetVoltage  wesu_gg.o
    0x08021528   0x00000010   Code   RO         6201    i.BSP_GG_IO_GetITState  wesu_gg.o
    0x08021538   0x0000004c   Code   RO         6202    i.BSP_GG_IO_ITConfig  wesu_gg.o
    0x08021584   0x0000000e   Code   RO         6203    i.BSP_GG_IO_Init    wesu_gg.o
    0x08021592   0x00000002   PAD
    0x08021594   0x00000044   Code   RO         6204    i.BSP_GG_IO_Read    wesu_gg.o
    0x080215d8   0x00000044   Code   RO         6205    i.BSP_GG_IO_Write   wesu_gg.o
    0x0802161c   0x0000000c   Code   RO         6206    i.BSP_GG_Init       wesu_gg.o
    0x08021628   0x00000018   Code   RO         6207    i.BSP_GG_PowerSavingMode  wesu_gg.o
    0x08021640   0x00000018   Code   RO         6211    i.BSP_GG_Stop       wesu_gg.o
    0x08021658   0x00000038   Code   RO         6212    i.BSP_GG_Task       wesu_gg.o
    0x08021690   0x0000001a   Code   RO         6874    i.BSP_GYRO_Get_Axes  wesu_gyro.o
    0x080216aa   0x00000010   Code   RO         6885    i.BSP_GYRO_IsInitialized  wesu_gyro.o
    0x080216ba   0x00000018   Code   RO         6886    i.BSP_GYRO_Sensor_Disable  wesu_gyro.o
    0x080216d2   0x00000002   PAD
    0x080216d4   0x00000074   Code   RO         5877    i.BSP_LED_InitGpio  wesu.o
    0x08021748   0x0000001c   Code   RO         5879    i.BSP_LED_OffGpio   wesu.o
    0x08021764   0x00000030   Code   RO         5882    i.BSP_LED_OnGpio    wesu.o
    0x08021794   0x00000018   Code   RO         5885    i.BSP_LED_ToggleGpio  wesu.o
    0x080217ac   0x00000074   Code   RO         6523    i.BSP_LSM6DS3_ACCELERO_Init  wesu_accelero.o
    0x08021820   0x0000001a   Code   RO         7036    i.BSP_MAGNETO_Get_Axes  wesu_magneto.o
    0x0802183a   0x00000010   Code   RO         7046    i.BSP_MAGNETO_IsInitialized  wesu_magneto.o
    0x0802184a   0x00000018   Code   RO         7047    i.BSP_MAGNETO_Sensor_Disable  wesu_magneto.o
    0x08021862   0x00000002   PAD
    0x08021864   0x00000054   Code   RO         5886    i.BSP_PB_DeInit     wesu.o
    0x080218b8   0x00000024   Code   RO         5887    i.BSP_PB_GetState   wesu.o
    0x080218dc   0x00000080   Code   RO         5888    i.BSP_PB_Init       wesu.o
    0x0802195c   0x0000001a   Code   RO         7217    i.BSP_PRESSURE_Get_Press  wesu_pressure.o
    0x08021976   0x00000010   Code   RO         7222    i.BSP_PRESSURE_IsInitialized  wesu_pressure.o
    0x08021986   0x00000018   Code   RO         7223    i.BSP_PRESSURE_Sensor_Disable  wesu_pressure.o
    0x0802199e   0x00000002   PAD
    0x080219a0   0x00000010   Code   RO         6124    i.BSP_PWMGT_BoardShutdown  wesu_charger.o
    0x080219b0   0x00000048   Code   RO         6125    i.BSP_PWMGT_Init    wesu_charger.o
    0x080219f8   0x00000018   Code   RO         5890    i.BSP_PwrUsbMonitor_GetState  wesu.o
    0x08021a10   0x00000068   Code   RO         5891    i.BSP_PwrUsbMonitor_Init  wesu.o
    0x08021a78   0x00000020   Code   RO         6400    i.BSP_RTC_GetMonthName  wesu_rtc.o
    0x08021a98   0x00000108   Code   RO         6401    i.BSP_RTC_GetRtcConfigAsString  wesu_rtc.o
    0x08021ba0   0x00000020   Code   RO         6402    i.BSP_RTC_GetWeekDayName  wesu_rtc.o
    0x08021bc0   0x0000001a   Code   RO         7482    i.BSP_TEMPERATURE_Get_Temp  wesu_temperature.o
    0x08021bda   0x00000010   Code   RO         7487    i.BSP_TEMPERATURE_IsInitialized  wesu_temperature.o
    0x08021bea   0x00000018   Code   RO         7489    i.BSP_TEMPERATURE_Sensor_Enable  wesu_temperature.o
    0x08021c02   0x00000002   PAD
    0x08021c04   0x00000018   Code   RO         5765    i.BlueNRG_DataPresent  stm32_bluenrg_ble.o
    0x08021c1c   0x00000030   Code   RO         5767    i.BlueNRG_RST       stm32_bluenrg_ble.o
    0x08021c4c   0x0000001c   Code   RO         5768    i.BlueNRG_RST_AndKeep  stm32_bluenrg_ble.o
    0x08021c68   0x000000a4   Code   RO         5769    i.BlueNRG_SPI_Read_All  stm32_bluenrg_ble.o
    0x08021d0c   0x000000c4   Code   RO         5770    i.BlueNRG_SPI_Write  stm32_bluenrg_ble.o
    0x08021dd0   0x000001bc   Code   RO         2005    i.BluenrgInitialization  wesu_config_examples.o
    0x08021f8c   0x00000002   Code   RO         1438    i.BusFault_Handler  stm32l1xx_it.o
    0x08021f8e   0x00000002   PAD
    0x08021f90   0x00000044   Code   RO         2006    i.Check_BlueNRG_Versions  wesu_config_examples.o
    0x08021fd4   0x00000010   Code   RO         5771    i.Clear_SPI_EXTI_Flag  stm32_bluenrg_ble.o
    0x08021fe4   0x00000004   Code   RO         1393    i.Clock_Time        clock.o
    0x08021fe8   0x0000000c   Code   RO         1439    i.DMA1_Channel2_IRQHandler  stm32l1xx_it.o
    0x08021ff4   0x00000002   Code   RO         1440    i.DebugMon_Handler  stm32l1xx_it.o
    0x08021ff6   0x00000006   Code   RO         5773    i.Disable_SPI_IRQ   stm32_bluenrg_ble.o
    0x08021ffc   0x00000002   Code   RO         1441    i.EXTI0_IRQHandler  stm32l1xx_it.o
    0x08021ffe   0x0000001e   Code   RO         1442    i.EXTI15_10_IRQHandler  stm32l1xx_it.o
    0x0802201c   0x00000006   Code   RO         1443    i.EXTI2_IRQHandler  stm32l1xx_it.o
    0x08022022   0x00000028   Code   RO         1444    i.EXTI9_5_IRQHandler  stm32l1xx_it.o
    0x0802204a   0x00000006   Code   RO         5774    i.Enable_SPI_IRQ    stm32_bluenrg_ble.o
    0x08022050   0x00000058   Code   RO         3125    i.FLASH_SetErrorCode  stm32l1xx_hal_flash.o
    0x080220a8   0x0000005c   Code   RO         3126    i.FLASH_WaitForLastOperation  stm32l1xx_hal_flash.o
    0x08022104   0x000000d4   Code   RO         1614    i.GAP_ConnectionComplete_CB  bluest_protocol_examples.o
    0x080221d8   0x000000a0   Code   RO         1615    i.GAP_DisconnectionComplete_CB  bluest_protocol_examples.o
    0x08022278   0x000000dc   Code   RO         7593    i.GasGauge_Initialization  stc3115_driver_00.o
    0x08022354   0x00000004   Code   RO         7594    i.GasGauge_PowerSavingMode  stc3115_driver_00.o
    0x08022358   0x00000024   Code   RO         7595    i.GasGauge_Reset    stc3115_driver_00.o
    0x0802237c   0x00000038   Code   RO         7596    i.GasGauge_Stop     stc3115_driver_00.o
    0x080223b4   0x00000174   Code   RO         7597    i.GasGauge_Task     stc3115_driver_00.o
    0x08022528   0x00000084   Code   RO         1723    i.GetSerialInput    console_examples.o
    0x080225ac   0x000000aa   Code   RO         3360    i.HAL_DMA_IRQHandler  stm32l1xx_hal_dma.o
    0x08022656   0x00000016   Code   RO         1854    i.HAL_Delay         main_examples.o
    0x0802266c   0x00000014   Code   RO         2888    i.HAL_FLASHEx_DATAEEPROM_Lock  stm32l1xx_hal_flash_ex.o
    0x08022680   0x000000d4   Code   RO         2889    i.HAL_FLASHEx_DATAEEPROM_Program  stm32l1xx_hal_flash_ex.o
    0x08022754   0x00000028   Code   RO         2890    i.HAL_FLASHEx_DATAEEPROM_Unlock  stm32l1xx_hal_flash_ex.o
    0x0802277c   0x00000110   Code   RO         4788    i.HAL_GPIO_DeInit   stm32l1xx_hal_gpio.o
    0x0802288c   0x0000005c   Code   RO         1856    i.HAL_GPIO_EXTI_Callback  main_examples.o
    0x080228e8   0x00000018   Code   RO         4790    i.HAL_GPIO_EXTI_IRQHandler  stm32l1xx_hal_gpio.o
    0x08022900   0x000001b0   Code   RO         4791    i.HAL_GPIO_Init     stm32l1xx_hal_gpio.o
    0x08022ab0   0x0000000a   Code   RO         4793    i.HAL_GPIO_ReadPin  stm32l1xx_hal_gpio.o
    0x08022aba   0x00000008   Code   RO         4794    i.HAL_GPIO_TogglePin  stm32l1xx_hal_gpio.o
    0x08022ac2   0x0000000a   Code   RO         4795    i.HAL_GPIO_WritePin  stm32l1xx_hal_gpio.o
    0x08022acc   0x0000000c   Code   RO         2997    i.HAL_GetTick       stm32l1xx_hal.o
    0x08022ad8   0x00000032   Code   RO         4984    i.HAL_I2C_DeInit    stm32l1xx_hal_i2c.o
    0x08022b0a   0x00000006   Code   RO         4992    i.HAL_I2C_GetState  stm32l1xx_hal_i2c.o
    0x08022b10   0x00000144   Code   RO         4993    i.HAL_I2C_Init      stm32l1xx_hal_i2c.o
    0x08022c54   0x000001f4   Code   RO         5009    i.HAL_I2C_Mem_Read  stm32l1xx_hal_i2c.o
    0x08022e48   0x00000144   Code   RO         5012    i.HAL_I2C_Mem_Write  stm32l1xx_hal_i2c.o
    0x08022f8c   0x00000002   Code   RO         5015    i.HAL_I2C_MspDeInit  stm32l1xx_hal_i2c.o
    0x08022f8e   0x00000002   Code   RO         5016    i.HAL_I2C_MspInit   stm32l1xx_hal_i2c.o
    0x08022f90   0x00000010   Code   RO         2998    i.HAL_IncTick       stm32l1xx_hal.o
    0x08022fa0   0x0000002c   Code   RO         2999    i.HAL_Init          stm32l1xx_hal.o
    0x08022fcc   0x00000028   Code   RO         3000    i.HAL_InitTick      stm32l1xx_hal.o
    0x08022ff4   0x00000002   Code   RO         1290    i.HAL_MspInit       stm32l1xx_hal_msp.o
    0x08022ff6   0x0000001a   Code   RO         3229    i.HAL_NVIC_DisableIRQ  stm32l1xx_hal_cortex.o
    0x08023010   0x0000001a   Code   RO         3230    i.HAL_NVIC_EnableIRQ  stm32l1xx_hal_cortex.o
    0x0802302a   0x00000002   PAD
    0x0802302c   0x00000040   Code   RO         3236    i.HAL_NVIC_SetPriority  stm32l1xx_hal_cortex.o
    0x0802306c   0x00000024   Code   RO         3237    i.HAL_NVIC_SetPriorityGrouping  stm32l1xx_hal_cortex.o
    0x08023090   0x00000024   Code   RO         3238    i.HAL_NVIC_SystemReset  stm32l1xx_hal_cortex.o
    0x080230b4   0x00000010   Code   RO         2352    i.HAL_PWREx_GetVoltageRange  stm32l1xx_hal_pwr_ex.o
    0x080230c4   0x00000038   Code   RO         4872    i.HAL_PWR_EnterSTOPMode  stm32l1xx_hal_pwr.o
    0x080230fc   0x00000174   Code   RO         2818    i.HAL_RCCEx_PeriphCLKConfig  stm32l1xx_hal_rcc_ex.o
    0x08023270   0x000001cc   Code   RO         2526    i.HAL_RCC_ClockConfig  stm32l1xx_hal_rcc.o
    0x0802343c   0x0000000c   Code   RO         2531    i.HAL_RCC_GetHCLKFreq  stm32l1xx_hal_rcc.o
    0x08023448   0x00000030   Code   RO         2533    i.HAL_RCC_GetPCLK1Freq  stm32l1xx_hal_rcc.o
    0x08023478   0x00000030   Code   RO         2534    i.HAL_RCC_GetPCLK2Freq  stm32l1xx_hal_rcc.o
    0x080234a8   0x0000008c   Code   RO         2535    i.HAL_RCC_GetSysClockFreq  stm32l1xx_hal_rcc.o
    0x08023534   0x00000768   Code   RO         2538    i.HAL_RCC_OscConfig  stm32l1xx_hal_rcc.o
    0x08023c9c   0x0000000a   Code   RO         4509    i.HAL_RTCEx_BKUPRead  stm32l1xx_hal_rtc_ex.o
    0x08023ca6   0x0000000a   Code   RO         4510    i.HAL_RTCEx_BKUPWrite  stm32l1xx_hal_rtc_ex.o
    0x08023cb0   0x00000044   Code   RO         2704    i.HAL_RTC_GetDate   stm32l1xx_hal_rtc.o
    0x08023cf4   0x00000004   Code   RO         2705    i.HAL_RTC_GetState  stm32l1xx_hal_rtc.o
    0x08023cf8   0x00000058   Code   RO         4547    i.HAL_RTC_GetTime   stm32l1xx_hal_rtc_ex.o
    0x08023d50   0x0000009c   Code   RO         2706    i.HAL_RTC_Init      stm32l1xx_hal_rtc.o
    0x08023dec   0x00000050   Code   RO         1292    i.HAL_RTC_MspInit   stm32l1xx_hal_msp.o
    0x08023e3c   0x000000c8   Code   RO         2710    i.HAL_RTC_SetDate   stm32l1xx_hal_rtc.o
    0x08023f04   0x000000e8   Code   RO         2711    i.HAL_RTC_SetTime   stm32l1xx_hal_rtc.o
    0x08023fec   0x0000003a   Code   RO         4550    i.HAL_RTC_WaitForSynchro  stm32l1xx_hal_rtc_ex.o
    0x08024026   0x00000028   Code   RO         3456    i.HAL_SPI_DeInit    stm32l1xx_hal_spi.o
    0x0802404e   0x00000006   Code   RO         3459    i.HAL_SPI_GetState  stm32l1xx_hal_spi.o
    0x08024054   0x00000084   Code   RO         5384    i.HAL_SPI_Init      stm32l1xx_hal_spi_ex.o
    0x080240d8   0x00000054   Code   RO         1293    i.HAL_SPI_MspDeInit  stm32l1xx_hal_msp.o
    0x0802412c   0x000002a4   Code   RO         1294    i.HAL_SPI_MspInit   stm32l1xx_hal_msp.o
    0x080243d0   0x000001d8   Code   RO         3464    i.HAL_SPI_Receive   stm32l1xx_hal_spi.o
    0x080245a8   0x00000142   Code   RO         3469    i.HAL_SPI_Transmit  stm32l1xx_hal_spi.o
    0x080246ea   0x000002b2   Code   RO         3470    i.HAL_SPI_TransmitReceive  stm32l1xx_hal_spi.o
    0x0802499c   0x00000018   Code   RO         3239    i.HAL_SYSTICK_CLKSourceConfig  stm32l1xx_hal_cortex.o
    0x080249b4   0x00000028   Code   RO         3241    i.HAL_SYSTICK_Config  stm32l1xx_hal_cortex.o
    0x080249dc   0x0000003c   Code   RO         5423    i.HAL_UART_DeInit   stm32l1xx_hal_uart.o
    0x08024a18   0x00000002   Code   RO         5424    i.HAL_UART_ErrorCallback  stm32l1xx_hal_uart.o
    0x08024a1a   0x000000d8   Code   RO         5427    i.HAL_UART_IRQHandler  stm32l1xx_hal_uart.o
    0x08024af2   0x0000005e   Code   RO         5428    i.HAL_UART_Init     stm32l1xx_hal_uart.o
    0x08024b50   0x00000034   Code   RO         1296    i.HAL_UART_MspDeInit  stm32l1xx_hal_msp.o
    0x08024b84   0x00000080   Code   RO         1297    i.HAL_UART_MspInit  stm32l1xx_hal_msp.o
    0x08024c04   0x00000068   Code   RO         5433    i.HAL_UART_Receive_IT  stm32l1xx_hal_uart.o
    0x08024c6c   0x00000002   Code   RO         5434    i.HAL_UART_RxCpltCallback  stm32l1xx_hal_uart.o
    0x08024c6e   0x000000c8   Code   RO         5436    i.HAL_UART_Transmit  stm32l1xx_hal_uart.o
    0x08024d36   0x00000002   Code   RO         5439    i.HAL_UART_TxCpltCallback  stm32l1xx_hal_uart.o
    0x08024d38   0x00000120   Code   RO         1616    i.HCI_Event_CB      bluest_protocol_examples.o
    0x08024e58   0x00000038   Code   RO          155    i.HCI_Init          hci.o
    0x08024e90   0x00000068   Code   RO          156    i.HCI_Isr           hci.o
    0x08024ef8   0x00000070   Code   RO          157    i.HCI_Process       hci.o
    0x08024f68   0x0000000c   Code   RO          158    i.HCI_Queue_Empty   hci.o
    0x08024f74   0x00000022   Code   RO          159    i.HCI_verify        hci.o
    0x08024f96   0x00000002   PAD
    0x08024f98   0x00000040   Code   RO         5775    i.Hal_Write_Serial  stm32_bluenrg_ble.o
    0x08024fd8   0x00000020   Code   RO         1445    i.HardFault_Handler  stm32l1xx_it.o
    0x08024ff8   0x00000028   Code   RO         5031    i.I2C_IsAcknowledgeFailed  stm32l1xx_hal_i2c.o
    0x08025020   0x000000f0   Code   RO         5040    i.I2C_RequestMemoryRead  stm32l1xx_hal_i2c.o
    0x08025110   0x000000a0   Code   RO         5041    i.I2C_RequestMemoryWrite  stm32l1xx_hal_i2c.o
    0x080251b0   0x0000004e   Code   RO         5044    i.I2C_WaitOnBTFFlagUntilTimeout  stm32l1xx_hal_i2c.o
    0x080251fe   0x00000060   Code   RO         5045    i.I2C_WaitOnFlagUntilTimeout  stm32l1xx_hal_i2c.o
    0x0802525e   0x00000086   Code   RO         5046    i.I2C_WaitOnMasterAddressFlagUntilTimeout  stm32l1xx_hal_i2c.o
    0x080252e4   0x00000064   Code   RO         5047    i.I2C_WaitOnRXNEFlagUntilTimeout  stm32l1xx_hal_i2c.o
    0x08025348   0x0000004e   Code   RO         5048    i.I2C_WaitOnTXEFlagUntilTimeout  stm32l1xx_hal_i2c.o
    0x08025396   0x00000002   PAD
    0x08025398   0x000001e0   Code   RO         2008    i.Init_BlueNRG_Custom_Services  wesu_config_examples.o
    0x08025578   0x00000168   Code   RO         2009    i.Init_BlueNRG_Hw   wesu_config_examples.o
    0x080256e0   0x00000234   Code   RO         2010    i.Init_BlueNRG_Stack  wesu_config_examples.o
    0x08025914   0x00000016   Code   RO         2011    i.Init_PWR_MGMT     wesu_config_examples.o
    0x0802592a   0x00000040   Code   RO         8917    i.LSM6DS3_ACC_GYRO_GetRawAccData  lsm6ds3_acc_gyro_driver.o
    0x0802596a   0x00000040   Code   RO         8920    i.LSM6DS3_ACC_GYRO_Get_GetStepCounter  lsm6ds3_acc_gyro_driver.o
    0x080259aa   0x0000001c   Code   RO         8932    i.LSM6DS3_ACC_GYRO_R_D6D_EV_STATUS  lsm6ds3_acc_gyro_driver.o
    0x080259c6   0x0000001c   Code   RO         8941    i.LSM6DS3_ACC_GYRO_R_DOUBLE_TAP_EV_STATUS  lsm6ds3_acc_gyro_driver.o
    0x080259e2   0x0000001c   Code   RO         8949    i.LSM6DS3_ACC_GYRO_R_DSD_XH  lsm6ds3_acc_gyro_driver.o
    0x080259fe   0x0000001c   Code   RO         8950    i.LSM6DS3_ACC_GYRO_R_DSD_XL  lsm6ds3_acc_gyro_driver.o
    0x08025a1a   0x0000001c   Code   RO         8951    i.LSM6DS3_ACC_GYRO_R_DSD_YH  lsm6ds3_acc_gyro_driver.o
    0x08025a36   0x0000001c   Code   RO         8952    i.LSM6DS3_ACC_GYRO_R_DSD_YL  lsm6ds3_acc_gyro_driver.o
    0x08025a52   0x0000001c   Code   RO         8953    i.LSM6DS3_ACC_GYRO_R_DSD_ZH  lsm6ds3_acc_gyro_driver.o
    0x08025a6e   0x0000001c   Code   RO         8954    i.LSM6DS3_ACC_GYRO_R_DSD_ZL  lsm6ds3_acc_gyro_driver.o
    0x08025a8a   0x0000001c   Code   RO         8960    i.LSM6DS3_ACC_GYRO_R_FF_EV_STATUS  lsm6ds3_acc_gyro_driver.o
    0x08025aa6   0x0000001c   Code   RO         8975    i.LSM6DS3_ACC_GYRO_R_FS_XL  lsm6ds3_acc_gyro_driver.o
    0x08025ac2   0x0000001c   Code   RO         8999    i.LSM6DS3_ACC_GYRO_R_ODR_XL  lsm6ds3_acc_gyro_driver.o
    0x08025ade   0x0000001c   Code   RO         9007    i.LSM6DS3_ACC_GYRO_R_PEDO_EV_STATUS  lsm6ds3_acc_gyro_driver.o
    0x08025afa   0x0000001c   Code   RO         9021    i.LSM6DS3_ACC_GYRO_R_SINGLE_TAP_EV_STATUS  lsm6ds3_acc_gyro_driver.o
    0x08025b16   0x0000001c   Code   RO         9054    i.LSM6DS3_ACC_GYRO_R_TILT_EV_STATUS  lsm6ds3_acc_gyro_driver.o
    0x08025b32   0x00000012   Code   RO         9066    i.LSM6DS3_ACC_GYRO_R_WHO_AM_I  lsm6ds3_acc_gyro_driver.o
    0x08025b44   0x0000001c   Code   RO         9070    i.LSM6DS3_ACC_GYRO_R_WU_EV_STATUS  lsm6ds3_acc_gyro_driver.o
    0x08025b60   0x0000001c   Code   RO         9073    i.LSM6DS3_ACC_GYRO_R_XEN_XL  lsm6ds3_acc_gyro_driver.o
    0x08025b7c   0x0000001c   Code   RO         9078    i.LSM6DS3_ACC_GYRO_R_YEN_XL  lsm6ds3_acc_gyro_driver.o
    0x08025b98   0x0000001c   Code   RO         9082    i.LSM6DS3_ACC_GYRO_R_ZEN_XL  lsm6ds3_acc_gyro_driver.o
    0x08025bb4   0x00000012   Code   RO         9086    i.LSM6DS3_ACC_GYRO_ReadReg  lsm6ds3_acc_gyro_driver.o
    0x08025bc6   0x00000030   Code   RO         9092    i.LSM6DS3_ACC_GYRO_W_6DEvOnInt1  lsm6ds3_acc_gyro_driver.o
    0x08025bf6   0x00000030   Code   RO         9094    i.LSM6DS3_ACC_GYRO_W_BDU  lsm6ds3_acc_gyro_driver.o
    0x08025c26   0x00000034   Code   RO         9119    i.LSM6DS3_ACC_GYRO_W_DUR  lsm6ds3_acc_gyro_driver.o
    0x08025c5a   0x00000030   Code   RO         9120    i.LSM6DS3_ACC_GYRO_W_FFEvOnInt1  lsm6ds3_acc_gyro_driver.o
    0x08025c8a   0x00000068   Code   RO         9122    i.LSM6DS3_ACC_GYRO_W_FF_Duration  lsm6ds3_acc_gyro_driver.o
    0x08025cf2   0x00000030   Code   RO         9123    i.LSM6DS3_ACC_GYRO_W_FF_THS  lsm6ds3_acc_gyro_driver.o
    0x08025d22   0x00000030   Code   RO         9124    i.LSM6DS3_ACC_GYRO_W_FIFO_MODE  lsm6ds3_acc_gyro_driver.o
    0x08025d52   0x00000030   Code   RO         9133    i.LSM6DS3_ACC_GYRO_W_FS_XL  lsm6ds3_acc_gyro_driver.o
    0x08025d82   0x00000030   Code   RO         9134    i.LSM6DS3_ACC_GYRO_W_FUNC_EN  lsm6ds3_acc_gyro_driver.o
    0x08025db2   0x00000030   Code   RO         9143    i.LSM6DS3_ACC_GYRO_W_IF_Addr_Incr  lsm6ds3_acc_gyro_driver.o
    0x08025de2   0x00000030   Code   RO         9156    i.LSM6DS3_ACC_GYRO_W_ODR_XL  lsm6ds3_acc_gyro_driver.o
    0x08025e12   0x00000030   Code   RO         9159    i.LSM6DS3_ACC_GYRO_W_Open_RAM_Page  lsm6ds3_acc_gyro_driver.o
    0x08025e42   0x00000030   Code   RO         9162    i.LSM6DS3_ACC_GYRO_W_PEDO_EN  lsm6ds3_acc_gyro_driver.o
    0x08025e72   0x00000030   Code   RO         9163    i.LSM6DS3_ACC_GYRO_W_PEDO_STEP_on_INT1  lsm6ds3_acc_gyro_driver.o
    0x08025ea2   0x00000030   Code   RO         9167    i.LSM6DS3_ACC_GYRO_W_PedoStepReset  lsm6ds3_acc_gyro_driver.o
    0x08025ed2   0x0000003c   Code   RO         9168    i.LSM6DS3_ACC_GYRO_W_PedoThreshold  lsm6ds3_acc_gyro_driver.o
    0x08025f0e   0x00000034   Code   RO         9169    i.LSM6DS3_ACC_GYRO_W_QUIET_Duration  lsm6ds3_acc_gyro_driver.o
    0x08025f42   0x00000032   Code   RO         9171    i.LSM6DS3_ACC_GYRO_W_SHOCK_Duration  lsm6ds3_acc_gyro_driver.o
    0x08025f74   0x00000030   Code   RO         9174    i.LSM6DS3_ACC_GYRO_W_SINGLE_DOUBLE_TAP_EV  lsm6ds3_acc_gyro_driver.o
    0x08025fa4   0x00000030   Code   RO         9175    i.LSM6DS3_ACC_GYRO_W_SIXD_THS  lsm6ds3_acc_gyro_driver.o
    0x08025fd4   0x00000032   Code   RO         9176    i.LSM6DS3_ACC_GYRO_W_SLEEP_DUR  lsm6ds3_acc_gyro_driver.o
    0x08026006   0x00000030   Code   RO         9189    i.LSM6DS3_ACC_GYRO_W_SingleTapOnInt1  lsm6ds3_acc_gyro_driver.o
    0x08026036   0x00000032   Code   RO         9195    i.LSM6DS3_ACC_GYRO_W_TAP_THS  lsm6ds3_acc_gyro_driver.o
    0x08026068   0x00000030   Code   RO         9196    i.LSM6DS3_ACC_GYRO_W_TAP_X_EN  lsm6ds3_acc_gyro_driver.o
    0x08026098   0x00000030   Code   RO         9197    i.LSM6DS3_ACC_GYRO_W_TAP_Y_EN  lsm6ds3_acc_gyro_driver.o
    0x080260c8   0x00000030   Code   RO         9198    i.LSM6DS3_ACC_GYRO_W_TAP_Z_EN  lsm6ds3_acc_gyro_driver.o
    0x080260f8   0x00000030   Code   RO         9199    i.LSM6DS3_ACC_GYRO_W_TILT_EN  lsm6ds3_acc_gyro_driver.o
    0x08026128   0x00000030   Code   RO         9201    i.LSM6DS3_ACC_GYRO_W_TIMER_HR  lsm6ds3_acc_gyro_driver.o
    0x08026158   0x00000030   Code   RO         9204    i.LSM6DS3_ACC_GYRO_W_TapEvOnInt1  lsm6ds3_acc_gyro_driver.o
    0x08026188   0x00000030   Code   RO         9206    i.LSM6DS3_ACC_GYRO_W_TiltEvOnInt1  lsm6ds3_acc_gyro_driver.o
    0x080261b8   0x00000034   Code   RO         9210    i.LSM6DS3_ACC_GYRO_W_WAKE_DUR  lsm6ds3_acc_gyro_driver.o
    0x080261ec   0x00000032   Code   RO         9211    i.LSM6DS3_ACC_GYRO_W_WK_THS  lsm6ds3_acc_gyro_driver.o
    0x0802621e   0x00000030   Code   RO         9212    i.LSM6DS3_ACC_GYRO_W_WUEvOnInt1  lsm6ds3_acc_gyro_driver.o
    0x0802624e   0x00000030   Code   RO         9215    i.LSM6DS3_ACC_GYRO_W_XEN_XL  lsm6ds3_acc_gyro_driver.o
    0x0802627e   0x00000030   Code   RO         9217    i.LSM6DS3_ACC_GYRO_W_YEN_XL  lsm6ds3_acc_gyro_driver.o
    0x080262ae   0x00000030   Code   RO         9219    i.LSM6DS3_ACC_GYRO_W_ZEN_XL  lsm6ds3_acc_gyro_driver.o
    0x080262de   0x00000014   Code   RO         9221    i.LSM6DS3_ACC_GYRO_WriteReg  lsm6ds3_acc_gyro_driver.o
    0x080262f2   0x00000028   Code   RO        10773    i.LSM6DS3_Check_WhoAmI  lsm6ds3_acc_gyro_driver_hl.o
    0x0802631a   0x00000010   Code   RO        10793    i.LSM6DS3_Get_WhoAmI  lsm6ds3_acc_gyro_driver_hl.o
    0x0802632a   0x00000002   PAD
    0x0802632c   0x00000088   Code   RO         7349    i.LSM6DS3_Sensor_IO_ITConfig  wesu_sensors.o
    0x080263b4   0x00000004   Code   RO        10794    i.LSM6DS3_X_Check_WhoAmI  lsm6ds3_acc_gyro_driver_hl.o
    0x080263b8   0x0000006a   Code   RO        10795    i.LSM6DS3_X_DeInit  lsm6ds3_acc_gyro_driver_hl.o
    0x08026422   0x0000001e   Code   RO        10796    i.LSM6DS3_X_Disable_6D_Orientation  lsm6ds3_acc_gyro_driver_hl.o
    0x08026440   0x0000006c   Code   RO        10797    i.LSM6DS3_X_Disable_Double_Tap_Detection  lsm6ds3_acc_gyro_driver_hl.o
    0x080264ac   0x00000028   Code   RO        10798    i.LSM6DS3_X_Disable_Free_Fall_Detection  lsm6ds3_acc_gyro_driver_hl.o
    0x080264d4   0x0000002a   Code   RO        10799    i.LSM6DS3_X_Disable_Pedometer  lsm6ds3_acc_gyro_driver_hl.o
    0x080264fe   0x00000056   Code   RO        10800    i.LSM6DS3_X_Disable_Single_Tap_Detection  lsm6ds3_acc_gyro_driver_hl.o
    0x08026554   0x00000012   Code   RO        10801    i.LSM6DS3_X_Disable_Step_Counter_Reset  lsm6ds3_acc_gyro_driver_hl.o
    0x08026566   0x0000001e   Code   RO        10802    i.LSM6DS3_X_Disable_Tilt_Detection  lsm6ds3_acc_gyro_driver_hl.o
    0x08026584   0x00000028   Code   RO        10803    i.LSM6DS3_X_Disable_Wake_Up_Detection  lsm6ds3_acc_gyro_driver_hl.o
    0x080265ac   0x00000038   Code   RO        10804    i.LSM6DS3_X_Enable_6D_Orientation  lsm6ds3_acc_gyro_driver_hl.o
    0x080265e4   0x00000088   Code   RO        10805    i.LSM6DS3_X_Enable_Double_Tap_Detection  lsm6ds3_acc_gyro_driver_hl.o
    0x0802666c   0x00000064   Code   RO        10806    i.LSM6DS3_X_Enable_Free_Fall_Detection  lsm6ds3_acc_gyro_driver_hl.o
    0x080266d0   0x00000050   Code   RO        10807    i.LSM6DS3_X_Enable_Pedometer  lsm6ds3_acc_gyro_driver_hl.o
    0x08026720   0x00000070   Code   RO        10808    i.LSM6DS3_X_Enable_Single_Tap_Detection  lsm6ds3_acc_gyro_driver_hl.o
    0x08026790   0x00000012   Code   RO        10809    i.LSM6DS3_X_Enable_Step_Counter_Reset  lsm6ds3_acc_gyro_driver_hl.o
    0x080267a2   0x00000002   PAD
    0x080267a4   0x00000044   Code   RO        10810    i.LSM6DS3_X_Enable_Tilt_Detection  lsm6ds3_acc_gyro_driver_hl.o
    0x080267e8   0x00000044   Code   RO        10811    i.LSM6DS3_X_Enable_Wake_Up_Detection  lsm6ds3_acc_gyro_driver_hl.o
    0x0802682c   0x00000022   Code   RO        10812    i.LSM6DS3_X_Get_6D_Orientation_Status  lsm6ds3_acc_gyro_driver_hl.o
    0x0802684e   0x00000022   Code   RO        10813    i.LSM6DS3_X_Get_6D_Orientation_XH  lsm6ds3_acc_gyro_driver_hl.o
    0x08026870   0x00000020   Code   RO        10814    i.LSM6DS3_X_Get_6D_Orientation_XL  lsm6ds3_acc_gyro_driver_hl.o
    0x08026890   0x00000022   Code   RO        10815    i.LSM6DS3_X_Get_6D_Orientation_YH  lsm6ds3_acc_gyro_driver_hl.o
    0x080268b2   0x00000022   Code   RO        10816    i.LSM6DS3_X_Get_6D_Orientation_YL  lsm6ds3_acc_gyro_driver_hl.o
    0x080268d4   0x00000022   Code   RO        10817    i.LSM6DS3_X_Get_6D_Orientation_ZH  lsm6ds3_acc_gyro_driver_hl.o
    0x080268f6   0x00000022   Code   RO        10818    i.LSM6DS3_X_Get_6D_Orientation_ZL  lsm6ds3_acc_gyro_driver_hl.o
    0x08026918   0x00000064   Code   RO        10819    i.LSM6DS3_X_Get_Axes  lsm6ds3_acc_gyro_driver_hl.o
    0x0802697c   0x00000024   Code   RO        10820    i.LSM6DS3_X_Get_AxesRaw  lsm6ds3_acc_gyro_driver_hl.o
    0x080269a0   0x00000044   Code   RO        10821    i.LSM6DS3_X_Get_Axes_Raw  lsm6ds3_acc_gyro_driver_hl.o
    0x080269e4   0x0000005a   Code   RO        10822    i.LSM6DS3_X_Get_Axes_Status  lsm6ds3_acc_gyro_driver_hl.o
    0x08026a3e   0x00000022   Code   RO        10823    i.LSM6DS3_X_Get_Double_Tap_Detection_Status  lsm6ds3_acc_gyro_driver_hl.o
    0x08026a60   0x00000048   Code   RO        10824    i.LSM6DS3_X_Get_FS  lsm6ds3_acc_gyro_driver_hl.o
    0x08026aa8   0x00000022   Code   RO        10825    i.LSM6DS3_X_Get_Free_Fall_Detection_Status  lsm6ds3_acc_gyro_driver_hl.o
    0x08026aca   0x00000002   PAD
    0x08026acc   0x0000009c   Code   RO        10826    i.LSM6DS3_X_Get_ODR  lsm6ds3_acc_gyro_driver_hl.o
    0x08026b68   0x00000022   Code   RO        10827    i.LSM6DS3_X_Get_Pedometer_Status  lsm6ds3_acc_gyro_driver_hl.o
    0x08026b8a   0x00000002   PAD
    0x08026b8c   0x00000050   Code   RO        10828    i.LSM6DS3_X_Get_Sensitivity  lsm6ds3_acc_gyro_driver_hl.o
    0x08026bdc   0x00000022   Code   RO        10829    i.LSM6DS3_X_Get_Single_Tap_Detection_Status  lsm6ds3_acc_gyro_driver_hl.o
    0x08026bfe   0x00000010   Code   RO        10830    i.LSM6DS3_X_Get_Step_Count  lsm6ds3_acc_gyro_driver_hl.o
    0x08026c0e   0x00000022   Code   RO        10831    i.LSM6DS3_X_Get_Tilt_Detection_Status  lsm6ds3_acc_gyro_driver_hl.o
    0x08026c30   0x00000022   Code   RO        10832    i.LSM6DS3_X_Get_Wake_Up_Detection_Status  lsm6ds3_acc_gyro_driver_hl.o
    0x08026c52   0x00000004   Code   RO        10833    i.LSM6DS3_X_Get_WhoAmI  lsm6ds3_acc_gyro_driver_hl.o
    0x08026c56   0x00000002   PAD
    0x08026c58   0x00000070   Code   RO        10834    i.LSM6DS3_X_Init    lsm6ds3_acc_gyro_driver_hl.o
    0x08026cc8   0x0000002c   Code   RO        10835    i.LSM6DS3_X_Sensor_Disable  lsm6ds3_acc_gyro_driver_hl.o
    0x08026cf4   0x00000022   Code   RO        10836    i.LSM6DS3_X_Sensor_Enable  lsm6ds3_acc_gyro_driver_hl.o
    0x08026d16   0x0000004a   Code   RO        10837    i.LSM6DS3_X_Set_Axes_Status  lsm6ds3_acc_gyro_driver_hl.o
    0x08026d60   0x00000022   Code   RO        10838    i.LSM6DS3_X_Set_FS  lsm6ds3_acc_gyro_driver_hl.o
    0x08026d82   0x00000030   Code   RO        10839    i.LSM6DS3_X_Set_FS_Value  lsm6ds3_acc_gyro_driver_hl.o
    0x08026db2   0x00000010   Code   RO        10840    i.LSM6DS3_X_Set_Free_Fall_Threshold  lsm6ds3_acc_gyro_driver_hl.o
    0x08026dc2   0x00000002   PAD
    0x08026dc4   0x00000068   Code   RO        10841    i.LSM6DS3_X_Set_ODR  lsm6ds3_acc_gyro_driver_hl.o
    0x08026e2c   0x0000001a   Code   RO        10842    i.LSM6DS3_X_Set_ODR_Value  lsm6ds3_acc_gyro_driver_hl.o
    0x08026e46   0x00000002   PAD
    0x08026e48   0x00000074   Code   RO        10843    i.LSM6DS3_X_Set_ODR_Value_When_Disabled  lsm6ds3_acc_gyro_driver_hl.o
    0x08026ebc   0x000000a0   Code   RO        10844    i.LSM6DS3_X_Set_ODR_Value_When_Enabled  lsm6ds3_acc_gyro_driver_hl.o
    0x08026f5c   0x00000010   Code   RO        10845    i.LSM6DS3_X_Set_Pedometer_Threshold  lsm6ds3_acc_gyro_driver_hl.o
    0x08026f6c   0x00000010   Code   RO        10846    i.LSM6DS3_X_Set_Tap_Duration_Time  lsm6ds3_acc_gyro_driver_hl.o
    0x08026f7c   0x00000010   Code   RO        10847    i.LSM6DS3_X_Set_Tap_Quiet_Time  lsm6ds3_acc_gyro_driver_hl.o
    0x08026f8c   0x00000010   Code   RO        10848    i.LSM6DS3_X_Set_Tap_Shock_Time  lsm6ds3_acc_gyro_driver_hl.o
    0x08026f9c   0x00000010   Code   RO        10849    i.LSM6DS3_X_Set_Tap_Threshold  lsm6ds3_acc_gyro_driver_hl.o
    0x08026fac   0x00000010   Code   RO        10850    i.LSM6DS3_X_Set_Wake_Up_Threshold  lsm6ds3_acc_gyro_driver_hl.o
    0x08026fbc   0x00000002   Code   RO         2012    i.LedManageEnd      wesu_config_examples.o
    0x08026fbe   0x00000002   PAD
    0x08026fc0   0x00000018   Code   RO         2013    i.LedManageStart    wesu_config_examples.o
    0x08026fd8   0x00000012   Code   RO         5898    i.LedSmoothBlinkGpio  wesu.o
    0x08026fea   0x0000001a   Code   RO         5900    i.LedSmoothRampDownGpio  wesu.o
    0x08027004   0x0000001e   Code   RO         5902    i.LedSmoothRampUpGpio  wesu.o
    0x08027022   0x00000030   Code   RO         5903    i.Led_Pwm           wesu.o
    0x08027052   0x00000002   PAD
    0x08027054   0x00000118   Code   RO         1857    i.ManageBleConnection  main_examples.o
    0x0802716c   0x0000004c   Code   RO         1724    i.ManageTerminal    console_examples.o
    0x080271b8   0x00000002   Code   RO         1446    i.MemManage_Handler  stm32l1xx_it.o
    0x080271ba   0x00000002   Code   RO         1447    i.NMI_Handler       stm32l1xx_it.o
    0x080271bc   0x00000020   Code   RO         3243    i.NVIC_SetPriority  stm32l1xx_hal_cortex.o
    0x080271dc   0x00000004   Code   RO         1184    i.Osal_MemCpy       osal.o
    0x080271e0   0x00000004   Code   RO         1185    i.Osal_MemSet       osal.o
    0x080271e4   0x0000001c   Code   RO         6213    i.PWR_I2C_Error     wesu_gg.o
    0x08027200   0x00000040   Code   RO         6214    i.PWR_I2C_Init      wesu_gg.o
    0x08027240   0x00000088   Code   RO         6215    i.PWR_I2C_MspInit   wesu_gg.o
    0x080272c8   0x00000002   Code   RO         1448    i.PendSV_Handler    stm32l1xx_it.o
    0x080272ca   0x00000002   PAD
    0x080272cc   0x000000d4   Code   RO         1617    i.Press_Update      bluest_protocol_examples.o
    0x080273a0   0x000000e4   Code   RO         1725    i.ProcDbgGetExample  console_examples.o
    0x08027484   0x00000060   Code   RO         1726    i.ProcDbgGetFwVersion  console_examples.o
    0x080274e4   0x00000154   Code   RO         1727    i.ProcDbgGetMcuId   console_examples.o
    0x08027638   0x00000110   Code   RO         1728    i.ProcDbgHelp       console_examples.o
    0x08027748   0x000000a0   Code   RO         1729    i.ProcDbgLedBlinkme  console_examples.o
    0x080277e8   0x0000017c   Code   RO         1730    i.ProcDbgRebootOta  console_examples.o
    0x08027964   0x000000c8   Code   RO         6216    i.ProcDbgResetStc3115I2C  wesu_gg.o
    0x08027a2c   0x00000270   Code   RO         1731    i.ProcDbgSettime    console_examples.o
    0x08027c9c   0x00000124   Code   RO         1732    i.ProcDbgViewtime   console_examples.o
    0x08027dc0   0x000000c8   Code   RO         1733    i.ProcessTermCommand  console_examples.o
    0x08027e88   0x00000074   Code   RO         1734    i.ProcessTerminalStringBle  console_examples.o
    0x08027efc   0x00000058   Code   RO         1618    i.Pwr_Update        bluest_protocol_examples.o
    0x08027f54   0x00000078   Code   RO         2539    i.RCC_SetFlashLatencyFromMSIRange  stm32l1xx_hal_rcc.o
    0x08027fcc   0x00000012   Code   RO         2712    i.RTC_Bcd2ToByte    stm32l1xx_hal_rtc.o
    0x08027fde   0x00000016   Code   RO         2713    i.RTC_ByteToBcd2    stm32l1xx_hal_rtc.o
    0x08027ff4   0x00000038   Code   RO         2714    i.RTC_EnterInitMode  stm32l1xx_hal_rtc.o
    0x0802802c   0x00000050   Code   RO         1858    i.RTC_TimeStampConfigDefault  main_examples.o
    0x0802807c   0x000000cc   Code   RO         1619    i.Read_Request_CB   bluest_protocol_examples.o
    0x08028148   0x00000318   Code   RO         1859    i.Read_Sensors      main_examples.o
    0x08028460   0x0000009e   Code   RO         3491    i.SPI_WaitOnFlagUntilTimeout  stm32l1xx_hal_spi.o
    0x080284fe   0x00000002   PAD
    0x08028500   0x00000014   Code   RO         7350    i.SPIx_Error        wesu_sensors.o
    0x08028514   0x00000008   Code   RO         7598    i.STC3115_AlarmClear  stc3115_driver_00.o
    0x0802851c   0x00000014   Code   RO         7599    i.STC3115_AlarmGet  stc3115_driver_00.o
    0x08028530   0x0000001a   Code   RO         7600    i.STC3115_AlarmSet  stc3115_driver_00.o
    0x0802854a   0x00000002   PAD
    0x0802854c   0x00000014   Code   RO         7759    i.STC3115_AlarmSetSOCTh  stc3115.o
    0x08028560   0x0000000a   Code   RO         7601    i.STC3115_AlarmSetSOCThreshold  stc3115_driver_00.o
    0x0802856a   0x00000002   PAD
    0x0802856c   0x00000018   Code   RO         7760    i.STC3115_AlarmSetVoTh  stc3115.o
    0x08028584   0x00000012   Code   RO         7602    i.STC3115_AlarmSetVoltageThreshold  stc3115_driver_00.o
    0x08028596   0x0000001c   Code   RO         7603    i.STC3115_AlarmStop  stc3115_driver_00.o
    0x080285b2   0x00000028   Code   RO         7604    i.STC3115_CalcRamCRC8  stc3115_driver_00.o
    0x080285da   0x00000004   Code   RO         7761    i.STC3115_ClearIT   stc3115.o
    0x080285de   0x00000002   PAD
    0x080285e0   0x00000010   Code   RO         7762    i.STC3115_GetAlarmStatus  stc3115.o
    0x080285f0   0x0000000c   Code   RO         7763    i.STC3115_GetChargeValue  stc3115.o
    0x080285fc   0x0000000c   Code   RO         7764    i.STC3115_GetCurrent  stc3115.o
    0x08028608   0x00000004   Code   RO         7765    i.STC3115_GetIT     stc3115.o
    0x0802860c   0x00000004   Code   RO         7766    i.STC3115_GetITState  stc3115.o
    0x08028610   0x0000000c   Code   RO         7767    i.STC3115_GetOCV    stc3115.o
    0x0802861c   0x0000000c   Code   RO         7768    i.STC3115_GetPresence  stc3115.o
    0x08028628   0x0000000c   Code   RO         7769    i.STC3115_GetSOC    stc3115.o
    0x08028634   0x0000000c   Code   RO         7770    i.STC3115_GetTemperature  stc3115.o
    0x08028640   0x0000000c   Code   RO         7771    i.STC3115_GetVoltage  stc3115.o
    0x0802864c   0x00000020   Code   RO         7772    i.STC3115_Init      stc3115.o
    0x0802866c   0x00000024   Code   RO         7605    i.STC3115_InitRamData  stc3115_driver_00.o
    0x08028690   0x00000004   Code   RO         7773    i.STC3115_PowerSavingMode  stc3115.o
    0x08028694   0x000000d4   Code   RO         7606    i.STC3115_ReadBatteryData  stc3115_driver_00.o
    0x08028768   0x00000016   Code   RO         7607    i.STC3115_ReadByte  stc3115_driver_00.o
    0x0802877e   0x00000008   Code   RO         7608    i.STC3115_ReadRamData  stc3115_driver_00.o
    0x08028786   0x00000016   Code   RO         7609    i.STC3115_ReadWord  stc3115_driver_00.o
    0x0802879c   0x00000004   Code   RO         7774    i.STC3115_Reset     stc3115.o
    0x080287a0   0x00000028   Code   RO         7610    i.STC3115_Restore   stc3115_driver_00.o
    0x080287c8   0x00000004   Code   RO         7775    i.STC3115_SetIT     stc3115.o
    0x080287cc   0x00000088   Code   RO         7611    i.STC3115_SetParam  stc3115_driver_00.o
    0x08028854   0x0000001a   Code   RO         7612    i.STC3115_SetPowerSavingMode  stc3115_driver_00.o
    0x0802886e   0x00000026   Code   RO         7613    i.STC3115_Startup   stc3115_driver_00.o
    0x08028894   0x00000028   Code   RO         7614    i.STC3115_Status    stc3115_driver_00.o
    0x080288bc   0x00000004   Code   RO         7776    i.STC3115_Stop      stc3115.o
    0x080288c0   0x00000004   Code   RO         7777    i.STC3115_StopIT    stc3115.o
    0x080288c4   0x00000010   Code   RO         7778    i.STC3115_Task      stc3115.o
    0x080288d4   0x00000014   Code   RO         7616    i.STC3115_UpdateRamCRC  stc3115_driver_00.o
    0x080288e8   0x00000012   Code   RO         7617    i.STC3115_WriteByte  stc3115_driver_00.o
    0x080288fa   0x00000008   Code   RO         7618    i.STC3115_WriteRamData  stc3115_driver_00.o
    0x08028902   0x00000012   Code   RO         7619    i.STC3115_WriteWord  stc3115_driver_00.o
    0x08028914   0x0000000e   Code   RO         7620    i.STC3115_conv      stc3115_driver_00.o
    0x08028922   0x00000002   Code   RO         1449    i.SVC_Handler       stm32l1xx_it.o
    0x08028924   0x0000000e   Code   RO         7351    i.Sensor_IO_Init    wesu_sensors.o
    0x08028932   0x00000002   PAD
    0x08028934   0x00000044   Code   RO         7352    i.Sensor_IO_Read    wesu_sensors.o
    0x08028978   0x0000003c   Code   RO         7353    i.Sensor_IO_Write   wesu_sensors.o
    0x080289b4   0x000000b0   Code   RO         2014    i.SensorsConfig     wesu_config_examples.o
    0x08028a64   0x00000054   Code   RO         7354    i.SensorsSpiInit    wesu_sensors.o
    0x08028ab8   0x000000b4   Code   RO         7355    i.Sensors_SPI_Read  wesu_sensors.o
    0x08028b6c   0x000000b4   Code   RO         7356    i.Sensors_SPI_Write  wesu_sensors.o
    0x08028c20   0x0000005c   Code   RO         1620    i.Stderr_Update     bluest_protocol_examples.o
    0x08028c7c   0x00000014   Code   RO         2015    i.Switch_To_OTA_Service_Manager_Application  wesu_config_examples.o
    0x08028c90   0x00000004   Code   RO         1450    i.SysTick_Handler   stm32l1xx_it.o
    0x08028c94   0x00000088   Code   RO         1864    i.SystemClock_Config_RTC_HSE32MHz  main_examples.o
    0x08028d1c   0x00000050   Code   RO            5    i.SystemInit        system_stm32l1xx.o
    0x08028d6c   0x000000cc   Code   RO         1621    i.Temp_Update       bluest_protocol_examples.o
    0x08028e38   0x000000fc   Code   RO         1622    i.Term_Update       bluest_protocol_examples.o
    0x08028f34   0x000000b8   Code   RO         1623    i.Term_Update_AfterRead  bluest_protocol_examples.o
    0x08028fec   0x0000001c   Code   RO         1141    i.Timer_Expired     gp_timer.o
    0x08029008   0x0000000e   Code   RO         1145    i.Timer_Set         gp_timer.o
    0x08029016   0x000000a6   Code   RO         5446    i.UART_Receive_IT   stm32l1xx_hal_uart.o
    0x080290bc   0x000002a0   Code   RO         5447    i.UART_SetConfig    stm32l1xx_hal_uart.o
    0x0802935c   0x00000066   Code   RO         5448    i.UART_Transmit_IT  stm32l1xx_hal_uart.o
    0x080293c2   0x00000092   Code   RO         5449    i.UART_WaitOnFlagUntilTimeout  stm32l1xx_hal_uart.o
    0x08029454   0x0000000c   Code   RO         1451    i.USART2_IRQHandler  stm32l1xx_it.o
    0x08029460   0x00000002   Code   RO         1452    i.UsageFault_Handler  stm32l1xx_it.o
    0x08029462   0x00000002   PAD
    0x08029464   0x000003c8   Code   RO         1865    i.User_Init         main_examples.o
    0x0802982c   0x000003e8   Code   RO         1866    i.User_Process      main_examples.o
    0x08029c14   0x00000040   Code   RO         1736    i.WESU_PRINTF_BLE   console_examples.o
    0x08029c54   0x00000038   Code   RO         1737    i.WESU_PRINTF_USART  console_examples.o
    0x08029c8c   0x00000080   Code   RO         6403    i.WeSU_GetDateTime  wesu_rtc.o
    0x08029d0c   0x000000a8   Code   RO         6404    i.WeSU_SetDateTime  wesu_rtc.o
    0x08029db4   0x00000058   Code   RO         6405    i.WesuRtcConfig     wesu_rtc.o
    0x08029e0c   0x00000020   Code   RO        11447    i.__0printf         mc_w.l(printfa.o)
    0x08029e2c   0x00000028   Code   RO        11449    i.__0sprintf        mc_w.l(printfa.o)
    0x08029e54   0x00000024   Code   RO        11452    i.__0vsnprintf      mc_w.l(printfa.o)
    0x08029e78   0x00000028   Code   RO        11509    i.__ARM_fpclassify  m_ws.l(fpclassify.o)
    0x08029ea0   0x000000aa   Code   RO        11511    i.__kernel_poly     m_ws.l(poly.o)
    0x08029f4a   0x00000002   PAD
    0x08029f4c   0x00000010   Code   RO        11495    i.__mathlib_dbl_divzero  m_ws.l(dunder.o)
    0x08029f5c   0x00000004   Code   RO        11497    i.__mathlib_dbl_infnan2  m_ws.l(dunder.o)
    0x08029f60   0x0000000c   Code   RO        11498    i.__mathlib_dbl_invalid  m_ws.l(dunder.o)
    0x08029f6c   0x0000000e   Code   RO        11499    i.__mathlib_dbl_overflow  m_ws.l(dunder.o)
    0x08029f7a   0x00000002   PAD
    0x08029f7c   0x00000010   Code   RO        11501    i.__mathlib_dbl_underflow  m_ws.l(dunder.o)
    0x08029f8c   0x0000000e   Code   RO        11583    i.__scatterload_copy  mc_w.l(handlers.o)
    0x08029f9a   0x00000002   Code   RO        11584    i.__scatterload_null  mc_w.l(handlers.o)
    0x08029f9c   0x0000000e   Code   RO        11585    i.__scatterload_zeroinit  mc_w.l(handlers.o)
    0x08029faa   0x00000002   PAD
    0x08029fac   0x0000000c   Code   RO        11547    i.__set_errno       mc_w.l(errno.o)
    0x08029fb8   0x00000164   Code   RO        11454    i._fp_digits        mc_w.l(printfa.o)
    0x0802a11c   0x000006dc   Code   RO        11455    i._printf_core      mc_w.l(printfa.o)
    0x0802a7f8   0x00000024   Code   RO        11456    i._printf_post_padding  mc_w.l(printfa.o)
    0x0802a81c   0x0000002e   Code   RO        11457    i._printf_pre_padding  mc_w.l(printfa.o)
    0x0802a84a   0x00000016   Code   RO        11458    i._snputc           mc_w.l(printfa.o)
    0x0802a860   0x0000000a   Code   RO        11459    i._sputc            mc_w.l(printfa.o)
    0x0802a86a   0x00000076   Code   RO          642    i.aci_gap_init      bluenrg_gap_aci.o
    0x0802a8e0   0x00000076   Code   RO          647    i.aci_gap_set_auth_requirement  bluenrg_gap_aci.o
    0x0802a956   0x000000c0   Code   RO          651    i.aci_gap_set_discoverable  bluenrg_gap_aci.o
    0x0802aa16   0x0000003a   Code   RO          655    i.aci_gap_set_non_discoverable  bluenrg_gap_aci.o
    0x0802aa50   0x0000005a   Code   RO          668    i.aci_gap_update_adv_data  bluenrg_gap_aci.o
    0x0802aaaa   0x000000ba   Code   RO          862    i.aci_gatt_add_char  bluenrg_gatt_aci.o
    0x0802ab64   0x00000084   Code   RO          864    i.aci_gatt_add_serv  bluenrg_gatt_aci.o
    0x0802abe8   0x00000048   Code   RO          865    i.aci_gatt_allow_read  bluenrg_gatt_aci.o
    0x0802ac30   0x0000003c   Code   RO          878    i.aci_gatt_init     bluenrg_gatt_aci.o
    0x0802ac6c   0x00000080   Code   RO          891    i.aci_gatt_update_char_value  bluenrg_gatt_aci.o
    0x0802acec   0x00000084   Code   RO          897    i.aci_gatt_write_response  bluenrg_gatt_aci.o
    0x0802ad70   0x0000004a   Code   RO          575    i.aci_hal_set_tx_power_level  bluenrg_hal_aci.o
    0x0802adba   0x00000062   Code   RO          578    i.aci_hal_write_config_data  bluenrg_hal_aci.o
    0x0802ae1c   0x00000040   Code   RO         1738    i.consoleDeInit     console_examples.o
    0x0802ae5c   0x00000040   Code   RO         1739    i.consoleInit       console_examples.o
    0x0802ae9c   0x00000054   Code   RO         1868    i.floatToInt        main_examples.o
    0x0802aef0   0x00000012   Code   RO        11536    i.fputc             mc_w.l(fputc.o)
    0x0802af02   0x00000052   Code   RO         2017    i.getBlueNRGVersion  wesu_config_examples.o
    0x0802af54   0x00000080   Code   RO          172    i.hci_le_read_local_version  hci.o
    0x0802afd4   0x00000064   Code   RO          183    i.hci_le_set_scan_resp_data  hci.o
    0x0802b038   0x00000030   Code   RO          190    i.hci_send_cmd      hci.o
    0x0802b068   0x00000148   Code   RO          191    i.hci_send_req      hci.o
    0x0802b1b0   0x00000004   Code   RO          192    i.hci_write         hci.o
    0x0802b1b4   0x00000006   Code   RO         1211    i.list_init_head    list.o
    0x0802b1ba   0x0000000e   Code   RO         1212    i.list_insert_head  list.o
    0x0802b1c8   0x0000000e   Code   RO         1215    i.list_insert_tail  list.o
    0x0802b1d6   0x0000000e   Code   RO         1216    i.list_is_empty     list.o
    0x0802b1e4   0x0000001a   Code   RO         1217    i.list_remove_head  list.o
    0x0802b1fe   0x0000000c   Code   RO         1218    i.list_remove_node  list.o
    0x0802b20a   0x00000002   PAD
    0x0802b20c   0x00000098   Code   RO         1869    i.main              main_examples.o
    0x0802b2a4   0x00000024   Code   RO          193    i.move_list         hci.o
    0x0802b2c8   0x000009d8   Code   RO        11178    i.pow               m_ws.l(pow.o)
    0x0802bca0   0x0000002c   Code   RO         1624    i.safe_aci_gatt_update_char_value  bluest_protocol_examples.o
    0x0802bccc   0x000000dc   Code   RO         2018    i.setConnectable    wesu_config_examples.o
    0x0802bda8   0x0000003c   Code   RO         5776    i.set_irq_as_input  stm32_bluenrg_ble.o
    0x0802bde4   0x0000004c   Code   RO        11515    i.sqrt              m_ws.l(sqrt.o)
    0x0802be30   0x00000064   Code   RO        11187    i.trunc             m_ws.l(trunc.o)
    0x0802be94   0x00000018   Code   RO         1740    i.uartSendChar      console_examples.o
    0x0802beac   0x00000019   Data   RO            6    .constdata          system_stm32l1xx.o
    0x0802bec5   0x00000008   Data   RO            7    .constdata          system_stm32l1xx.o
    0x0802becd   0x00000003   PAD
    0x0802bed0   0x00000004   Data   RO         1395    .constdata          clock.o
    0x0802bed4   0x0000001b   Data   RO         1871    .constdata          main_examples.o
    0x0802beef   0x00000001   PAD
    0x0802bef0   0x00000010   Data   RO         5906    .constdata          wesu.o
    0x0802bf00   0x00000040   Data   RO         7622    .constdata          stc3115_driver_00.o
    0x0802bf40   0x00000088   Data   RO        11179    .constdata          m_ws.l(pow.o)
    0x0802bfc8   0x00000008   Data   RO        11513    .constdata          m_ws.l(qnan.o)
    0x0802bfd0   0x0000005e   Data   RO         2019    .conststring        wesu_config_examples.o
    0x0802c02e   0x00000002   PAD
    0x0802c030   0x000000ad   Data   RO         6406    .conststring        wesu_rtc.o
    0x0802c0dd   0x00000003   PAD
    0x0802c0e0   0x00000020   Data   RO        11581    Region$$Table       anon$$obj.o


    Execution Region RW_IRAM1 (Base: 0x20000000, Size: 0x000022c0, Max: 0x00013000, ABSOLUTE, COMPRESSED[0x00000224])

    Base Addr    Size         Type   Attr      Idx    E Section Name        Object

    0x20000000   0x00000004   Data   RW            8    .data               system_stm32l1xx.o
    0x20000004   0x00000014   Data   RW          195    .data               hci.o
    0x20000018   0x00000038   Data   RW         1626    .data               bluest_protocol_examples.o
    0x20000050   0x000007cc   Data   RW         1742    .data               console_examples.o
    0x2000081c   0x0000006a   Data   RW         1872    .data               main_examples.o
    0x20000886   0x00000002   PAD
    0x20000888   0x00000004   Data   RW         1875    .data               main_examples.o
    0x2000088c   0x00000004   Data   RW         1876    .data               main_examples.o
    0x20000890   0x00000002   Data   RW         1877    .data               main_examples.o
    0x20000892   0x00000002   Data   RW         1878    .data               main_examples.o
    0x20000894   0x00000002   Data   RW         1879    .data               main_examples.o
    0x20000896   0x00000001   Data   RW         1880    .data               main_examples.o
    0x20000897   0x00000001   PAD
    0x20000898   0x00000014   Data   RW         2020    .data               wesu_config_examples.o
    0x200008ac   0x00000004   Data   RW         3005    .data               stm32l1xx_hal.o
    0x200008b0   0x00000030   Data   RW         5907    .data               wesu.o
    0x200008e0   0x00000004   Data   RW         6126    .data               wesu_charger.o
    0x200008e4   0x0000000c   Data   RW         6218    .data               wesu_gg.o
    0x200008f0   0x0000004c   Data   RW         6407    .data               wesu_rtc.o
    0x2000093c   0x0000000c   Data   RW         6525    .data               wesu_accelero.o
    0x20000948   0x00000050   Data   RW         7780    .data               stc3115.o
    0x20000998   0x00000094   Data   RW        10851    .data               lsm6ds3_acc_gyro_driver_hl.o
    0x20000a2c   0x00000044   Data   RW        10852    .data               lsm6ds3_acc_gyro_driver_hl.o
    0x20000a70   0x00000004   Data   RW        11538    .data               mc_w.l(stdout.o)
    0x20000a74   0x00000004   Data   RW        11548    .data               mc_w.l(errno.o)
    0x20000a78   0x000002bc   Zero   RW          194    .bss                hci.o
    0x20000d34   0x00000044   Zero   RW         1299    .bss                stm32l1xx_hal_msp.o
    0x20000d78   0x00000128   Zero   RW         1625    .bss                bluest_protocol_examples.o
    0x20000ea0   0x00000239   Zero   RW         1741    .bss                console_examples.o
    0x200010d9   0x00000003   PAD
    0x200010dc   0x00000044   Zero   RW         1870    .bss                main_examples.o
    0x20001120   0x00000018   Zero   RW         3138    .bss                stm32l1xx_hal_flash.o
    0x20001138   0x00000058   Zero   RW         5778    .bss                stm32_bluenrg_ble.o
    0x20001190   0x00000054   Zero   RW         6217    .bss                wesu_gg.o
    0x200011e4   0x00000014   Zero   RW         6524    .bss                wesu_accelero.o
    0x200011f8   0x00000058   Zero   RW         7357    .bss                wesu_sensors.o
    0x20001250   0x00000010   Zero   RW         7621    .bss                stc3115_driver_00.o
    0x20001260   0x0000005c   Zero   RW         7779    .bss                stc3115.o
    0x200012bc   0x00000004   PAD
    0x200012c0   0x00001000   Zero   RW         5754    STACK               startup_stm32l151xe.o


    Execution Region RW_IRAM2 (Base: 0x20013000, Size: 0x00000000, Max: 0x00001000, ABSOLUTE, UNINIT)

    **** No section assigned to this execution region ****


==============================================================================

Image component sizes


      Code (inc. data)   RO Data    RW Data    ZI Data      Debug   Object Name

         4          0          0          0          0       1571   algorithms_examples.o
       576          0          0          0          0       6094   bluenrg_gap_aci.o
       710          0          0          0          0      11881   bluenrg_gatt_aci.o
       172          0          0          0          0      20805   bluenrg_hal_aci.o
      3620        620          0         56        296      18065   bluest_protocol_examples.o
         4          0          4          0          0       1512   clock.o
      3188        846          0       1996        569      12701   console_examples.o
        42          0          0          0          0       2843   gp_timer.o
       962         34          0         20        700      41558   hci.o
        86          0          0          0          0       4341   list.o
      2504          0          0          0          0      46308   lsm6ds3_acc_gyro_driver.o
      3124        246          0        216          0      48351   lsm6ds3_acc_gyro_driver_hl.o
      3606        534         27        121         68      16466   main_examples.o
         8          0          0          0          0       1364   osal.o
        36          8        292          0       4096        784   startup_stm32l151xe.o
       224         68          0         80         92      10494   stc3115.o
      1496         46         64          0         16      19318   stc3115_driver_00.o
       668         86          0          0         88       9042   stm32_bluenrg_ble.o
       112         22          0          4          0       3451   stm32l1xx_hal.o
       284         24          0          0          0      30094   stm32l1xx_hal_cortex.o
       170          0          0          0          0       1497   stm32l1xx_hal_dma.o
       180         14          0          0         24       1742   stm32l1xx_hal_flash.o
       272         26          0          0          0       5264   stm32l1xx_hal_flash_ex.o
       756         84          0          0          0       5593   stm32l1xx_hal_gpio.o
      2134         28          0          0          0      15580   stm32l1xx_hal_i2c.o
      1022         78          0          0         68       9786   stm32l1xx_hal_msp.o
        56         10          0          0          0        656   stm32l1xx_hal_pwr.o
        16          6          0          0          0        580   stm32l1xx_hal_pwr_ex.o
      2724        108          0          0          0       7660   stm32l1xx_hal_rcc.o
       372         12          0          0          0       1720   stm32l1xx_hal_rcc_ex.o
       756         20          0          0          0       6764   stm32l1xx_hal_rtc.o
       166          4          0          0          0       3454   stm32l1xx_hal_rtc_ex.o
      1688          0          0          0          0       6979   stm32l1xx_hal_spi.o
       132          0          0          0          0       1279   stm32l1xx_hal_spi_ex.o
      1766          6          0          0          0      10259   stm32l1xx_hal_uart.o
       152         20          0          0          0       6695   stm32l1xx_it.o
        80         20         33          4          0     465259   system_stm32l1xx.o
       802         96         16         48          0      35419   wesu.o
       274         18          0         12         20      45138   wesu_accelero.o
       352         48          0          4          0       5711   wesu_charger.o
      2462        654         94         20          0      10720   wesu_config_examples.o
       846        174          0         12         84      14410   wesu_gg.o
        66          0          0          0          0       3142   wesu_gyro.o
        66          0          0          0          0       3193   wesu_magneto.o
        66          0          0          0          0       2924   wesu_pressure.o
       712        234        173         76          0       5689   wesu_rtc.o
       742         52          0          0         88      13396   wesu_sensors.o
        66          0          0          0          0       2967   wesu_temperature.o

    ----------------------------------------------------------------------
     40376       4246        744       2672       6216    1000519   Object Totals
         0          0         32          0          0          0   (incl. Generated)
        54          0          9          3          7          0   (incl. Padding)

    ----------------------------------------------------------------------

      Code (inc. data)   RO Data    RW Data    ZI Data      Debug   Library Member Name

        62         10          0          0          0        340   dunder.o
        40          0          0          0          0         68   fpclassify.o
       170          0          0          0          0         96   poly.o
      2520        190        136          0          0        324   pow.o
         0          0          8          0          0          0   qnan.o
        76          0          0          0          0         84   sqrt.o
       100          4          0          0          0         84   trunc.o
        86          0          0          0          0          0   __dczerorl2.o
         0          0          0          0          0          0   entry.o
         0          0          0          0          0          0   entry10a.o
         0          0          0          0          0          0   entry11a.o
         8          4          0          0          0          0   entry2.o
         4          0          0          0          0          0   entry5.o
         0          0          0          0          0          0   entry7b.o
         0          0          0          0          0          0   entry8b.o
         8          4          0          0          0          0   entry9a.o
        12          6          0          4          0         68   errno.o
        18          0          0          0          0         80   fputc.o
        30          0          0          0          0          0   handlers.o
        36          8          0          0          0         68   init.o
         0          0          0          0          0          0   iusefp.o
         0          0          0          0          0          0   iusesemip.o
        30          0          0          0          0         68   llshl.o
        36          0          0          0          0         68   llsshr.o
        32          0          0          0          0         68   llushr.o
        40          0          0          0          0         76   memcpy.o
        36          0          0          0          0        108   memseta.o
      2334        100          0          0          0        744   printfa.o
         0          0          0          0          0          0   semi.o
         0          0          0          4          0          0   stdout.o
        14          0          0          0          0         68   strlen.o
        30          0          0          0          0         80   strncmp.o
        24          0          0          0          0         76   strncpy.o
        36          0          0          0          0         80   strstr.o
        44          0          0          0          0         80   uidiv.o
        98          0          0          0          0         92   uldiv.o
        48          0          0          0          0         68   cdcmple.o
        48          0          0          0          0         68   cdrcmple.o
       334          0          0          0          0        148   dadd.o
       222          0          0          0          0        100   ddiv.o
       186          0          0          0          0        176   depilogue.o
        62          0          0          0          0         80   dfixi.o
        48          0          0          0          0         68   dfixul.o
        34          0          0          0          0         76   dflti.o
       228          0          0          0          0         96   dmul.o
       136          4          0          0          0         92   drnd.o
        46          0          0          0          0         80   dscalb.o
       162          0          0          0          0        100   dsqrt.o
        38          0          0          0          0         68   f2d.o
       176          0          0          0          0        140   fadd.o
       124          0          0          0          0         88   fdiv.o
       110          0          0          0          0        168   fepilogue.o
        50          0          0          0          0         68   ffixi.o
        40          0          0          0          0         68   ffixui.o
        18          0          0          0          0         68   fflti.o
       100          0          0          0          0         76   fmul.o

    ----------------------------------------------------------------------
      8144        330        144          8          0       4716   Library Totals
        10          0          0          0          0          0   (incl. Padding)

    ----------------------------------------------------------------------

      Code (inc. data)   RO Data    RW Data    ZI Data      Debug   Library Name

      2968        204        144          0          0        996   m_ws.l
      2956        122          0          8          0       1824   mc_w.l
      2210          4          0          0          0       1896   mf_w.l

    ----------------------------------------------------------------------
      8144        330        144          8          0       4716   Library Totals

    ----------------------------------------------------------------------

==============================================================================


      Code (inc. data)   RO Data    RW Data    ZI Data      Debug   

     48520       4576        888       2680       6216     980039   Grand Totals
     48520       4576        888        548       6216     980039   ELF Image Totals (compressed)
     48520       4576        888        548          0          0   ROM Totals

==============================================================================

    Total RO  Size (Code + RO Data)                49408 (  48.25kB)
    Total RW  Size (RW Data + ZI Data)              8896 (   8.69kB)
    Total ROM Size (Code + RO Data + RW Data)      49956 (  48.79kB)

==============================================================================

